Archive member included to satisfy reference by file (symbol)

d:/openstm/plugins/fr.ac6.mcu.externaltools.arm-none.win32_1.17.0.201812190825/tools/compiler/bin/../lib/gcc/arm-none-eabi/7.3.1/../../../../arm-none-eabi/lib/thumb/v7e-m/fpv4-sp/hard\libc.a(lib_a-errno.o)
                              startup/sysmem.o (__errno)
d:/openstm/plugins/fr.ac6.mcu.externaltools.arm-none.win32_1.17.0.201812190825/tools/compiler/bin/../lib/gcc/arm-none-eabi/7.3.1/../../../../arm-none-eabi/lib/thumb/v7e-m/fpv4-sp/hard\libc.a(lib_a-exit.o)
                              d:/openstm/plugins/fr.ac6.mcu.externaltools.arm-none.win32_1.17.0.201812190825/tools/compiler/bin/../lib/gcc/arm-none-eabi/7.3.1/../../../../arm-none-eabi/lib/thumb/v7e-m/fpv4-sp/hard/crt0.o (exit)
d:/openstm/plugins/fr.ac6.mcu.externaltools.arm-none.win32_1.17.0.201812190825/tools/compiler/bin/../lib/gcc/arm-none-eabi/7.3.1/../../../../arm-none-eabi/lib/thumb/v7e-m/fpv4-sp/hard\libc.a(lib_a-impure.o)
                              d:/openstm/plugins/fr.ac6.mcu.externaltools.arm-none.win32_1.17.0.201812190825/tools/compiler/bin/../lib/gcc/arm-none-eabi/7.3.1/../../../../arm-none-eabi/lib/thumb/v7e-m/fpv4-sp/hard\libc.a(lib_a-exit.o) (_global_impure_ptr)
d:/openstm/plugins/fr.ac6.mcu.externaltools.arm-none.win32_1.17.0.201812190825/tools/compiler/bin/../lib/gcc/arm-none-eabi/7.3.1/../../../../arm-none-eabi/lib/thumb/v7e-m/fpv4-sp/hard\libc.a(lib_a-init.o)
                              d:/openstm/plugins/fr.ac6.mcu.externaltools.arm-none.win32_1.17.0.201812190825/tools/compiler/bin/../lib/gcc/arm-none-eabi/7.3.1/../../../../arm-none-eabi/lib/thumb/v7e-m/fpv4-sp/hard/crt0.o (__libc_init_array)
d:/openstm/plugins/fr.ac6.mcu.externaltools.arm-none.win32_1.17.0.201812190825/tools/compiler/bin/../lib/gcc/arm-none-eabi/7.3.1/../../../../arm-none-eabi/lib/thumb/v7e-m/fpv4-sp/hard\libc.a(lib_a-memset.o)
                              d:/openstm/plugins/fr.ac6.mcu.externaltools.arm-none.win32_1.17.0.201812190825/tools/compiler/bin/../lib/gcc/arm-none-eabi/7.3.1/../../../../arm-none-eabi/lib/thumb/v7e-m/fpv4-sp/hard/crt0.o (memset)
d:/openstm/plugins/fr.ac6.mcu.externaltools.arm-none.win32_1.17.0.201812190825/tools/compiler/bin/../lib/gcc/arm-none-eabi/7.3.1/../../../../arm-none-eabi/lib/thumb/v7e-m/fpv4-sp/hard\libc.a(lib_a-__call_atexit.o)
                              d:/openstm/plugins/fr.ac6.mcu.externaltools.arm-none.win32_1.17.0.201812190825/tools/compiler/bin/../lib/gcc/arm-none-eabi/7.3.1/../../../../arm-none-eabi/lib/thumb/v7e-m/fpv4-sp/hard\libc.a(lib_a-exit.o) (__call_exitprocs)
d:/openstm/plugins/fr.ac6.mcu.externaltools.arm-none.win32_1.17.0.201812190825/tools/compiler/bin/../lib/gcc/arm-none-eabi/7.3.1/../../../../arm-none-eabi/lib/thumb/v7e-m/fpv4-sp/hard\libc.a(lib_a-atexit.o)
                              d:/openstm/plugins/fr.ac6.mcu.externaltools.arm-none.win32_1.17.0.201812190825/tools/compiler/bin/../lib/gcc/arm-none-eabi/7.3.1/../../../../arm-none-eabi/lib/thumb/v7e-m/fpv4-sp/hard\libc.a(lib_a-__call_atexit.o) (atexit)
d:/openstm/plugins/fr.ac6.mcu.externaltools.arm-none.win32_1.17.0.201812190825/tools/compiler/bin/../lib/gcc/arm-none-eabi/7.3.1/../../../../arm-none-eabi/lib/thumb/v7e-m/fpv4-sp/hard\libc.a(lib_a-fini.o)
                              d:/openstm/plugins/fr.ac6.mcu.externaltools.arm-none.win32_1.17.0.201812190825/tools/compiler/bin/../lib/gcc/arm-none-eabi/7.3.1/../../../../arm-none-eabi/lib/thumb/v7e-m/fpv4-sp/hard\libc.a(lib_a-__call_atexit.o) (__libc_fini_array)
d:/openstm/plugins/fr.ac6.mcu.externaltools.arm-none.win32_1.17.0.201812190825/tools/compiler/bin/../lib/gcc/arm-none-eabi/7.3.1/../../../../arm-none-eabi/lib/thumb/v7e-m/fpv4-sp/hard\libc.a(lib_a-lock.o)
                              d:/openstm/plugins/fr.ac6.mcu.externaltools.arm-none.win32_1.17.0.201812190825/tools/compiler/bin/../lib/gcc/arm-none-eabi/7.3.1/../../../../arm-none-eabi/lib/thumb/v7e-m/fpv4-sp/hard\libc.a(lib_a-__call_atexit.o) (__retarget_lock_acquire_recursive)
d:/openstm/plugins/fr.ac6.mcu.externaltools.arm-none.win32_1.17.0.201812190825/tools/compiler/bin/../lib/gcc/arm-none-eabi/7.3.1/../../../../arm-none-eabi/lib/thumb/v7e-m/fpv4-sp/hard\libc.a(lib_a-__atexit.o)
                              d:/openstm/plugins/fr.ac6.mcu.externaltools.arm-none.win32_1.17.0.201812190825/tools/compiler/bin/../lib/gcc/arm-none-eabi/7.3.1/../../../../arm-none-eabi/lib/thumb/v7e-m/fpv4-sp/hard\libc.a(lib_a-atexit.o) (__register_exitproc)

Allocating common symbols
Common symbol       size              file

__lock___atexit_recursive_mutex
                    0x1               d:/openstm/plugins/fr.ac6.mcu.externaltools.arm-none.win32_1.17.0.201812190825/tools/compiler/bin/../lib/gcc/arm-none-eabi/7.3.1/../../../../arm-none-eabi/lib/thumb/v7e-m/fpv4-sp/hard\libc.a(lib_a-lock.o)
__lock___arc4random_mutex
                    0x1               d:/openstm/plugins/fr.ac6.mcu.externaltools.arm-none.win32_1.17.0.201812190825/tools/compiler/bin/../lib/gcc/arm-none-eabi/7.3.1/../../../../arm-none-eabi/lib/thumb/v7e-m/fpv4-sp/hard\libc.a(lib_a-lock.o)
__lock___env_recursive_mutex
                    0x1               d:/openstm/plugins/fr.ac6.mcu.externaltools.arm-none.win32_1.17.0.201812190825/tools/compiler/bin/../lib/gcc/arm-none-eabi/7.3.1/../../../../arm-none-eabi/lib/thumb/v7e-m/fpv4-sp/hard\libc.a(lib_a-lock.o)
__lock___sinit_recursive_mutex
                    0x1               d:/openstm/plugins/fr.ac6.mcu.externaltools.arm-none.win32_1.17.0.201812190825/tools/compiler/bin/../lib/gcc/arm-none-eabi/7.3.1/../../../../arm-none-eabi/lib/thumb/v7e-m/fpv4-sp/hard\libc.a(lib_a-lock.o)
__lock___malloc_recursive_mutex
                    0x1               d:/openstm/plugins/fr.ac6.mcu.externaltools.arm-none.win32_1.17.0.201812190825/tools/compiler/bin/../lib/gcc/arm-none-eabi/7.3.1/../../../../arm-none-eabi/lib/thumb/v7e-m/fpv4-sp/hard\libc.a(lib_a-lock.o)
__lock___at_quick_exit_mutex
                    0x1               d:/openstm/plugins/fr.ac6.mcu.externaltools.arm-none.win32_1.17.0.201812190825/tools/compiler/bin/../lib/gcc/arm-none-eabi/7.3.1/../../../../arm-none-eabi/lib/thumb/v7e-m/fpv4-sp/hard\libc.a(lib_a-lock.o)
__lock___dd_hash_mutex
                    0x1               d:/openstm/plugins/fr.ac6.mcu.externaltools.arm-none.win32_1.17.0.201812190825/tools/compiler/bin/../lib/gcc/arm-none-eabi/7.3.1/../../../../arm-none-eabi/lib/thumb/v7e-m/fpv4-sp/hard\libc.a(lib_a-lock.o)
__lock___tz_mutex   0x1               d:/openstm/plugins/fr.ac6.mcu.externaltools.arm-none.win32_1.17.0.201812190825/tools/compiler/bin/../lib/gcc/arm-none-eabi/7.3.1/../../../../arm-none-eabi/lib/thumb/v7e-m/fpv4-sp/hard\libc.a(lib_a-lock.o)
__lock___sfp_recursive_mutex
                    0x1               d:/openstm/plugins/fr.ac6.mcu.externaltools.arm-none.win32_1.17.0.201812190825/tools/compiler/bin/../lib/gcc/arm-none-eabi/7.3.1/../../../../arm-none-eabi/lib/thumb/v7e-m/fpv4-sp/hard\libc.a(lib_a-lock.o)

Discarded input sections

 .text          0x00000000        0x0 d:/openstm/plugins/fr.ac6.mcu.externaltools.arm-none.win32_1.17.0.201812190825/tools/compiler/bin/../lib/gcc/arm-none-eabi/7.3.1/thumb/v7e-m/fpv4-sp/hard/crti.o
 .data          0x00000000        0x0 d:/openstm/plugins/fr.ac6.mcu.externaltools.arm-none.win32_1.17.0.201812190825/tools/compiler/bin/../lib/gcc/arm-none-eabi/7.3.1/thumb/v7e-m/fpv4-sp/hard/crti.o
 .bss           0x00000000        0x0 d:/openstm/plugins/fr.ac6.mcu.externaltools.arm-none.win32_1.17.0.201812190825/tools/compiler/bin/../lib/gcc/arm-none-eabi/7.3.1/thumb/v7e-m/fpv4-sp/hard/crti.o
 .data          0x00000000        0x4 d:/openstm/plugins/fr.ac6.mcu.externaltools.arm-none.win32_1.17.0.201812190825/tools/compiler/bin/../lib/gcc/arm-none-eabi/7.3.1/thumb/v7e-m/fpv4-sp/hard/crtbegin.o
 .text          0x00000000       0x74 d:/openstm/plugins/fr.ac6.mcu.externaltools.arm-none.win32_1.17.0.201812190825/tools/compiler/bin/../lib/gcc/arm-none-eabi/7.3.1/../../../../arm-none-eabi/lib/thumb/v7e-m/fpv4-sp/hard/crt0.o
 .data          0x00000000        0x0 d:/openstm/plugins/fr.ac6.mcu.externaltools.arm-none.win32_1.17.0.201812190825/tools/compiler/bin/../lib/gcc/arm-none-eabi/7.3.1/../../../../arm-none-eabi/lib/thumb/v7e-m/fpv4-sp/hard/crt0.o
 .bss           0x00000000        0x0 d:/openstm/plugins/fr.ac6.mcu.externaltools.arm-none.win32_1.17.0.201812190825/tools/compiler/bin/../lib/gcc/arm-none-eabi/7.3.1/../../../../arm-none-eabi/lib/thumb/v7e-m/fpv4-sp/hard/crt0.o
 .ARM.extab     0x00000000        0x0 d:/openstm/plugins/fr.ac6.mcu.externaltools.arm-none.win32_1.17.0.201812190825/tools/compiler/bin/../lib/gcc/arm-none-eabi/7.3.1/../../../../arm-none-eabi/lib/thumb/v7e-m/fpv4-sp/hard/crt0.o
 .ARM.exidx     0x00000000        0x8 d:/openstm/plugins/fr.ac6.mcu.externaltools.arm-none.win32_1.17.0.201812190825/tools/compiler/bin/../lib/gcc/arm-none-eabi/7.3.1/../../../../arm-none-eabi/lib/thumb/v7e-m/fpv4-sp/hard/crt0.o
 .ARM.attributes
                0x00000000       0x20 d:/openstm/plugins/fr.ac6.mcu.externaltools.arm-none.win32_1.17.0.201812190825/tools/compiler/bin/../lib/gcc/arm-none-eabi/7.3.1/../../../../arm-none-eabi/lib/thumb/v7e-m/fpv4-sp/hard/crt0.o
 .group         0x00000000        0xc drivers/src/stm32f407_i2c.o
 .group         0x00000000        0xc drivers/src/stm32f407_i2c.o
 .group         0x00000000        0xc drivers/src/stm32f407_i2c.o
 .group         0x00000000        0xc drivers/src/stm32f407_i2c.o
 .group         0x00000000        0xc drivers/src/stm32f407_i2c.o
 .group         0x00000000        0xc drivers/src/stm32f407_i2c.o
 .group         0x00000000        0xc drivers/src/stm32f407_i2c.o
 .group         0x00000000        0xc drivers/src/stm32f407_i2c.o
 .group         0x00000000        0xc drivers/src/stm32f407_i2c.o
 .group         0x00000000        0xc drivers/src/stm32f407_i2c.o
 .group         0x00000000        0xc drivers/src/stm32f407_i2c.o
 .group         0x00000000        0xc drivers/src/stm32f407_i2c.o
 .group         0x00000000        0xc drivers/src/stm32f407_i2c.o
 .text          0x00000000        0x0 drivers/src/stm32f407_i2c.o
 .data          0x00000000        0x0 drivers/src/stm32f407_i2c.o
 .bss           0x00000000        0x0 drivers/src/stm32f407_i2c.o
 .text.I2C_GenerateStartCondition
                0x00000000       0x20 drivers/src/stm32f407_i2c.o
 .text.I2C_ExecuteAddressPhase
                0x00000000       0x40 drivers/src/stm32f407_i2c.o
 .text.I2C_ClearADDRFlag
                0x00000000       0x20 drivers/src/stm32f407_i2c.o
 .text.I2C_ClearSTOPFFlag
                0x00000000       0x2a drivers/src/stm32f407_i2c.o
 .text.I2C_PeriClockControl
                0x00000000       0xb0 drivers/src/stm32f407_i2c.o
 .text.I2C_Init
                0x00000000      0x164 drivers/src/stm32f407_i2c.o
 .text.I2C_DeInit
                0x00000000       0x88 drivers/src/stm32f407_i2c.o
 .text.I2C_MasterSendData
                0x00000000      0x11e drivers/src/stm32f407_i2c.o
 .text.I2C_MasterReceiveData
                0x00000000      0x186 drivers/src/stm32f407_i2c.o
 .text.I2C_SlaveSendData
                0x00000000      0x104 drivers/src/stm32f407_i2c.o
 .text.I2C_SlaveReceiveData
                0x00000000       0xf0 drivers/src/stm32f407_i2c.o
 .text.I2C_MasterSendDataIT
                0x00000000       0x9e drivers/src/stm32f407_i2c.o
 .text.I2C_MasterReceiveDataIT
                0x00000000       0xa4 drivers/src/stm32f407_i2c.o
 .text.I2C_SlaveSendDataIT
                0x00000000       0x90 drivers/src/stm32f407_i2c.o
 .text.I2C_SlaveReceiveDataIT
                0x00000000       0x96 drivers/src/stm32f407_i2c.o
 .text.I2C_IRQInterruptConfig
                0x00000000       0x74 drivers/src/stm32f407_i2c.o
 .text.I2C_IRQPriorityConfig
                0x00000000       0x30 drivers/src/stm32f407_i2c.o
 .text.I2C_MasterHandleTXEIT
                0x00000000       0x3c drivers/src/stm32f407_i2c.o
 .text.I2C_MasterHandleRXNEIT
                0x00000000       0xba drivers/src/stm32f407_i2c.o
 .text.I2C_SlaveHandleTXEIT
                0x00000000       0x3c drivers/src/stm32f407_i2c.o
 .text.I2C_SlaveHandleRXNEIT
                0x00000000       0x3e drivers/src/stm32f407_i2c.o
 .text.I2C_CloseReceiveData
                0x00000000       0x6c drivers/src/stm32f407_i2c.o
 .text.I2C_CloseSendData
                0x00000000       0x56 drivers/src/stm32f407_i2c.o
 .text.I2C_EV_IRQHandling
                0x00000000      0x210 drivers/src/stm32f407_i2c.o
 .text.I2C_ER_IRQHandling
                0x00000000      0x118 drivers/src/stm32f407_i2c.o
 .text.I2C_PeripheralControl
                0x00000000       0x38 drivers/src/stm32f407_i2c.o
 .text.I2C_GetFlagStatus
                0x00000000       0x50 drivers/src/stm32f407_i2c.o
 .text.I2C_ManageAcking
                0x00000000       0x38 drivers/src/stm32f407_i2c.o
 .text.I2C_GenerateStopCondition
                0x00000000       0x20 drivers/src/stm32f407_i2c.o
 .text.I2C_SlaveControlCallbackEvents
                0x00000000       0x68 drivers/src/stm32f407_i2c.o
 .debug_info    0x00000000      0xc6b drivers/src/stm32f407_i2c.o
 .debug_abbrev  0x00000000      0x204 drivers/src/stm32f407_i2c.o
 .debug_aranges
                0x00000000      0x108 drivers/src/stm32f407_i2c.o
 .debug_ranges  0x00000000       0xf8 drivers/src/stm32f407_i2c.o
 .debug_macro   0x00000000       0xda drivers/src/stm32f407_i2c.o
 .debug_macro   0x00000000      0xa66 drivers/src/stm32f407_i2c.o
 .debug_macro   0x00000000       0x22 drivers/src/stm32f407_i2c.o
 .debug_macro   0x00000000       0x8e drivers/src/stm32f407_i2c.o
 .debug_macro   0x00000000       0x51 drivers/src/stm32f407_i2c.o
 .debug_macro   0x00000000       0xef drivers/src/stm32f407_i2c.o
 .debug_macro   0x00000000       0x6a drivers/src/stm32f407_i2c.o
 .debug_macro   0x00000000      0x1df drivers/src/stm32f407_i2c.o
 .debug_macro   0x00000000      0x174 drivers/src/stm32f407_i2c.o
 .debug_macro   0x00000000      0x833 drivers/src/stm32f407_i2c.o
 .debug_macro   0x00000000       0xd0 drivers/src/stm32f407_i2c.o
 .debug_macro   0x00000000       0xf4 drivers/src/stm32f407_i2c.o
 .debug_macro   0x00000000      0x12f drivers/src/stm32f407_i2c.o
 .debug_macro   0x00000000      0x118 drivers/src/stm32f407_i2c.o
 .debug_line    0x00000000      0x813 drivers/src/stm32f407_i2c.o
 .debug_str     0x00000000     0x795f drivers/src/stm32f407_i2c.o
 .comment       0x00000000       0x80 drivers/src/stm32f407_i2c.o
 .debug_frame   0x00000000      0x490 drivers/src/stm32f407_i2c.o
 .ARM.attributes
                0x00000000       0x39 drivers/src/stm32f407_i2c.o
 .group         0x00000000        0xc drivers/src/stm32f407xx_gpio.o
 .group         0x00000000        0xc drivers/src/stm32f407xx_gpio.o
 .group         0x00000000        0xc drivers/src/stm32f407xx_gpio.o
 .group         0x00000000        0xc drivers/src/stm32f407xx_gpio.o
 .group         0x00000000        0xc drivers/src/stm32f407xx_gpio.o
 .group         0x00000000        0xc drivers/src/stm32f407xx_gpio.o
 .group         0x00000000        0xc drivers/src/stm32f407xx_gpio.o
 .group         0x00000000        0xc drivers/src/stm32f407xx_gpio.o
 .group         0x00000000        0xc drivers/src/stm32f407xx_gpio.o
 .group         0x00000000        0xc drivers/src/stm32f407xx_gpio.o
 .group         0x00000000        0xc drivers/src/stm32f407xx_gpio.o
 .group         0x00000000        0xc drivers/src/stm32f407xx_gpio.o
 .group         0x00000000        0xc drivers/src/stm32f407xx_gpio.o
 .text          0x00000000        0x0 drivers/src/stm32f407xx_gpio.o
 .data          0x00000000        0x0 drivers/src/stm32f407xx_gpio.o
 .bss           0x00000000        0x0 drivers/src/stm32f407xx_gpio.o
 .text.GPIO_DeInit
                0x00000000      0x16c drivers/src/stm32f407xx_gpio.o
 .text.GPIO_ReadFromInputPin
                0x00000000       0x3a drivers/src/stm32f407xx_gpio.o
 .text.GPIO_ReadFromInputPort
                0x00000000       0x1e drivers/src/stm32f407xx_gpio.o
 .text.GPIO_WriteToOutputPin
                0x00000000       0x3c drivers/src/stm32f407xx_gpio.o
 .text.GPIO_WriteToOutputPort
                0x00000000       0x20 drivers/src/stm32f407xx_gpio.o
 .text.GPIO_ToggleOutputPin
                0x00000000       0x3e drivers/src/stm32f407xx_gpio.o
 .text.GPIO_IRQInterruptConfig
                0x00000000       0x74 drivers/src/stm32f407xx_gpio.o
 .text.GPIO_IRQPriorityConfig
                0x00000000       0x30 drivers/src/stm32f407xx_gpio.o
 .text.GPIO_IRQHandling
                0x00000000       0x40 drivers/src/stm32f407xx_gpio.o
 .debug_macro   0x00000000      0xa66 drivers/src/stm32f407xx_gpio.o
 .debug_macro   0x00000000       0x22 drivers/src/stm32f407xx_gpio.o
 .debug_macro   0x00000000       0x8e drivers/src/stm32f407xx_gpio.o
 .debug_macro   0x00000000       0x51 drivers/src/stm32f407xx_gpio.o
 .debug_macro   0x00000000       0xef drivers/src/stm32f407xx_gpio.o
 .debug_macro   0x00000000       0x6a drivers/src/stm32f407xx_gpio.o
 .debug_macro   0x00000000      0x1df drivers/src/stm32f407xx_gpio.o
 .debug_macro   0x00000000      0x174 drivers/src/stm32f407xx_gpio.o
 .debug_macro   0x00000000      0x833 drivers/src/stm32f407xx_gpio.o
 .debug_macro   0x00000000      0x12f drivers/src/stm32f407xx_gpio.o
 .debug_macro   0x00000000       0xd0 drivers/src/stm32f407xx_gpio.o
 .group         0x00000000        0xc drivers/src/stm32f407xx_rcc.o
 .group         0x00000000        0xc drivers/src/stm32f407xx_rcc.o
 .group         0x00000000        0xc drivers/src/stm32f407xx_rcc.o
 .group         0x00000000        0xc drivers/src/stm32f407xx_rcc.o
 .group         0x00000000        0xc drivers/src/stm32f407xx_rcc.o
 .group         0x00000000        0xc drivers/src/stm32f407xx_rcc.o
 .group         0x00000000        0xc drivers/src/stm32f407xx_rcc.o
 .group         0x00000000        0xc drivers/src/stm32f407xx_rcc.o
 .group         0x00000000        0xc drivers/src/stm32f407xx_rcc.o
 .group         0x00000000        0xc drivers/src/stm32f407xx_rcc.o
 .group         0x00000000        0xc drivers/src/stm32f407xx_rcc.o
 .group         0x00000000        0xc drivers/src/stm32f407xx_rcc.o
 .group         0x00000000        0xc drivers/src/stm32f407xx_rcc.o
 .text          0x00000000        0x0 drivers/src/stm32f407xx_rcc.o
 .data          0x00000000       0x18 drivers/src/stm32f407xx_rcc.o
 .bss           0x00000000        0x0 drivers/src/stm32f407xx_rcc.o
 .text.RCC_GetPLLOutputClock
                0x00000000       0x10 drivers/src/stm32f407xx_rcc.o
 .text.RCC_GetPCLK1Value
                0x00000000       0xb4 drivers/src/stm32f407xx_rcc.o
 .text.RCC_GetPCLK2Value
                0x00000000       0xa4 drivers/src/stm32f407xx_rcc.o
 .debug_info    0x00000000      0x39d drivers/src/stm32f407xx_rcc.o
 .debug_abbrev  0x00000000       0xff drivers/src/stm32f407xx_rcc.o
 .debug_aranges
                0x00000000       0x30 drivers/src/stm32f407xx_rcc.o
 .debug_ranges  0x00000000       0x20 drivers/src/stm32f407xx_rcc.o
 .debug_macro   0x00000000       0xbc drivers/src/stm32f407xx_rcc.o
 .debug_macro   0x00000000      0xa66 drivers/src/stm32f407xx_rcc.o
 .debug_macro   0x00000000       0x22 drivers/src/stm32f407xx_rcc.o
 .debug_macro   0x00000000       0x8e drivers/src/stm32f407xx_rcc.o
 .debug_macro   0x00000000       0x51 drivers/src/stm32f407xx_rcc.o
 .debug_macro   0x00000000       0xef drivers/src/stm32f407xx_rcc.o
 .debug_macro   0x00000000       0x6a drivers/src/stm32f407xx_rcc.o
 .debug_macro   0x00000000      0x1df drivers/src/stm32f407xx_rcc.o
 .debug_macro   0x00000000      0x174 drivers/src/stm32f407xx_rcc.o
 .debug_macro   0x00000000      0x833 drivers/src/stm32f407xx_rcc.o
 .debug_macro   0x00000000       0xd0 drivers/src/stm32f407xx_rcc.o
 .debug_macro   0x00000000       0xf4 drivers/src/stm32f407xx_rcc.o
 .debug_macro   0x00000000      0x11e drivers/src/stm32f407xx_rcc.o
 .debug_macro   0x00000000      0x12f drivers/src/stm32f407xx_rcc.o
 .debug_line    0x00000000      0x3ba drivers/src/stm32f407xx_rcc.o
 .debug_str     0x00000000     0x7583 drivers/src/stm32f407xx_rcc.o
 .comment       0x00000000       0x80 drivers/src/stm32f407xx_rcc.o
 .debug_frame   0x00000000       0x7c drivers/src/stm32f407xx_rcc.o
 .ARM.attributes
                0x00000000       0x39 drivers/src/stm32f407xx_rcc.o
 .group         0x00000000        0xc drivers/src/stm32f407xx_spi.o
 .group         0x00000000        0xc drivers/src/stm32f407xx_spi.o
 .group         0x00000000        0xc drivers/src/stm32f407xx_spi.o
 .group         0x00000000        0xc drivers/src/stm32f407xx_spi.o
 .group         0x00000000        0xc drivers/src/stm32f407xx_spi.o
 .group         0x00000000        0xc drivers/src/stm32f407xx_spi.o
 .group         0x00000000        0xc drivers/src/stm32f407xx_spi.o
 .group         0x00000000        0xc drivers/src/stm32f407xx_spi.o
 .group         0x00000000        0xc drivers/src/stm32f407xx_spi.o
 .group         0x00000000        0xc drivers/src/stm32f407xx_spi.o
 .group         0x00000000        0xc drivers/src/stm32f407xx_spi.o
 .group         0x00000000        0xc drivers/src/stm32f407xx_spi.o
 .group         0x00000000        0xc drivers/src/stm32f407xx_spi.o
 .text          0x00000000        0x0 drivers/src/stm32f407xx_spi.o
 .data          0x00000000        0x0 drivers/src/stm32f407xx_spi.o
 .bss           0x00000000        0x0 drivers/src/stm32f407xx_spi.o
 .text.SPI_DeInit
                0x00000000       0x88 drivers/src/stm32f407xx_spi.o
 .text.SPI_ReceiveData
                0x00000000       0x84 drivers/src/stm32f407xx_spi.o
 .text.SPI_SendDataIT
                0x00000000       0x5e drivers/src/stm32f407xx_spi.o
 .text.SPI_ReceiveDataIT
                0x00000000       0x5e drivers/src/stm32f407xx_spi.o
 .text.SPI_IRQInterruptConfig
                0x00000000       0x74 drivers/src/stm32f407xx_spi.o
 .text.SPI_IRQPriorityConfig
                0x00000000       0x30 drivers/src/stm32f407xx_spi.o
 .text.SPI_IRQHandling
                0x00000000       0x9a drivers/src/stm32f407xx_spi.o
 .text.SPI_SSIConfig
                0x00000000       0x38 drivers/src/stm32f407xx_spi.o
 .text.SPI_SSOEConfig
                0x00000000       0x38 drivers/src/stm32f407xx_spi.o
 .text.SPI_CloseTransmission
                0x00000000       0x36 drivers/src/stm32f407xx_spi.o
 .text.SPI_CloseReception
                0x00000000       0x36 drivers/src/stm32f407xx_spi.o
 .text.SPI_ClearOVRFlag
                0x00000000       0x20 drivers/src/stm32f407xx_spi.o
 .text.SPI_ApplicationEventCallback
                0x00000000       0x18 drivers/src/stm32f407xx_spi.o
 .text.spi_txe_interrupt_handle
                0x00000000       0x76 drivers/src/stm32f407xx_spi.o
 .text.spi_rxne_interrupt_handle
                0x00000000       0x7a drivers/src/stm32f407xx_spi.o
 .text.spi_ovr_err_interrupt_handle
                0x00000000       0x30 drivers/src/stm32f407xx_spi.o
 .debug_macro   0x00000000      0xa66 drivers/src/stm32f407xx_spi.o
 .debug_macro   0x00000000       0x22 drivers/src/stm32f407xx_spi.o
 .debug_macro   0x00000000       0x8e drivers/src/stm32f407xx_spi.o
 .debug_macro   0x00000000       0x51 drivers/src/stm32f407xx_spi.o
 .debug_macro   0x00000000       0xef drivers/src/stm32f407xx_spi.o
 .debug_macro   0x00000000       0x6a drivers/src/stm32f407xx_spi.o
 .debug_macro   0x00000000      0x1df drivers/src/stm32f407xx_spi.o
 .debug_macro   0x00000000      0x174 drivers/src/stm32f407xx_spi.o
 .debug_macro   0x00000000      0x833 drivers/src/stm32f407xx_spi.o
 .debug_macro   0x00000000       0xd0 drivers/src/stm32f407xx_spi.o
 .debug_macro   0x00000000      0x11e drivers/src/stm32f407xx_spi.o
 .debug_macro   0x00000000      0x12f drivers/src/stm32f407xx_spi.o
 .debug_macro   0x00000000       0xee drivers/src/stm32f407xx_spi.o
 .group         0x00000000        0xc drivers/src/stm32f407xx_usart.o
 .group         0x00000000        0xc drivers/src/stm32f407xx_usart.o
 .group         0x00000000        0xc drivers/src/stm32f407xx_usart.o
 .group         0x00000000        0xc drivers/src/stm32f407xx_usart.o
 .group         0x00000000        0xc drivers/src/stm32f407xx_usart.o
 .group         0x00000000        0xc drivers/src/stm32f407xx_usart.o
 .group         0x00000000        0xc drivers/src/stm32f407xx_usart.o
 .group         0x00000000        0xc drivers/src/stm32f407xx_usart.o
 .group         0x00000000        0xc drivers/src/stm32f407xx_usart.o
 .group         0x00000000        0xc drivers/src/stm32f407xx_usart.o
 .group         0x00000000        0xc drivers/src/stm32f407xx_usart.o
 .group         0x00000000        0xc drivers/src/stm32f407xx_usart.o
 .group         0x00000000        0xc drivers/src/stm32f407xx_usart.o
 .text          0x00000000        0x0 drivers/src/stm32f407xx_usart.o
 .data          0x00000000        0x0 drivers/src/stm32f407xx_usart.o
 .bss           0x00000000        0x0 drivers/src/stm32f407xx_usart.o
 .text.USART_PeriClockControl
                0x00000000      0x140 drivers/src/stm32f407xx_usart.o
 .text.USART_Init
                0x00000000      0x10a drivers/src/stm32f407xx_usart.o
 .text.USART_DeInit
                0x00000000       0xf0 drivers/src/stm32f407xx_usart.o
 .text.USART_SendData
                0x00000000       0xb4 drivers/src/stm32f407xx_usart.o
 .text.USART_ReceiveData
                0x00000000       0xae drivers/src/stm32f407xx_usart.o
 .text.USART_SendDataIT
                0x00000000       0x72 drivers/src/stm32f407xx_usart.o
 .text.USART_ReceiveDataIT
                0x00000000       0x62 drivers/src/stm32f407xx_usart.o
 .text.USART_IRQInterruptConfig
                0x00000000       0x74 drivers/src/stm32f407xx_usart.o
 .text.USART_IRQPriorityConfig
                0x00000000       0x30 drivers/src/stm32f407xx_usart.o
 .text.USART_IRQHandling
                0x00000000      0x31e drivers/src/stm32f407xx_usart.o
 .text.USART_PeripheralControl
                0x00000000       0x38 drivers/src/stm32f407xx_usart.o
 .text.USART_GetFlagStatus
                0x00000000       0x28 drivers/src/stm32f407xx_usart.o
 .text.USART_ClearFlag
                0x00000000       0x26 drivers/src/stm32f407xx_usart.o
 .text.USART_SetBaudRate
                0x00000000       0xe4 drivers/src/stm32f407xx_usart.o
 .debug_info    0x00000000      0x8d3 drivers/src/stm32f407xx_usart.o
 .debug_abbrev  0x00000000      0x21f drivers/src/stm32f407xx_usart.o
 .debug_aranges
                0x00000000       0x88 drivers/src/stm32f407xx_usart.o
 .debug_ranges  0x00000000       0x78 drivers/src/stm32f407xx_usart.o
 .debug_macro   0x00000000       0xc2 drivers/src/stm32f407xx_usart.o
 .debug_macro   0x00000000      0xa66 drivers/src/stm32f407xx_usart.o
 .debug_macro   0x00000000       0x22 drivers/src/stm32f407xx_usart.o
 .debug_macro   0x00000000       0x8e drivers/src/stm32f407xx_usart.o
 .debug_macro   0x00000000       0x51 drivers/src/stm32f407xx_usart.o
 .debug_macro   0x00000000       0xef drivers/src/stm32f407xx_usart.o
 .debug_macro   0x00000000       0x6a drivers/src/stm32f407xx_usart.o
 .debug_macro   0x00000000      0x1df drivers/src/stm32f407xx_usart.o
 .debug_macro   0x00000000      0x174 drivers/src/stm32f407xx_usart.o
 .debug_macro   0x00000000      0x833 drivers/src/stm32f407xx_usart.o
 .debug_macro   0x00000000       0xd0 drivers/src/stm32f407xx_usart.o
 .debug_macro   0x00000000       0xf4 drivers/src/stm32f407xx_usart.o
 .debug_macro   0x00000000      0x11e drivers/src/stm32f407xx_usart.o
 .debug_macro   0x00000000      0x129 drivers/src/stm32f407xx_usart.o
 .debug_line    0x00000000      0x5e4 drivers/src/stm32f407xx_usart.o
 .debug_str     0x00000000     0x77cd drivers/src/stm32f407xx_usart.o
 .comment       0x00000000       0x80 drivers/src/stm32f407xx_usart.o
 .debug_frame   0x00000000      0x228 drivers/src/stm32f407xx_usart.o
 .ARM.attributes
                0x00000000       0x39 drivers/src/stm32f407xx_usart.o
 .group         0x00000000        0xc src/005spi_tx_testing.o
 .group         0x00000000        0xc src/005spi_tx_testing.o
 .group         0x00000000        0xc src/005spi_tx_testing.o
 .group         0x00000000        0xc src/005spi_tx_testing.o
 .group         0x00000000        0xc src/005spi_tx_testing.o
 .group         0x00000000        0xc src/005spi_tx_testing.o
 .group         0x00000000        0xc src/005spi_tx_testing.o
 .group         0x00000000        0xc src/005spi_tx_testing.o
 .group         0x00000000        0xc src/005spi_tx_testing.o
 .group         0x00000000        0xc src/005spi_tx_testing.o
 .group         0x00000000        0xc src/005spi_tx_testing.o
 .group         0x00000000        0xc src/005spi_tx_testing.o
 .group         0x00000000        0xc src/005spi_tx_testing.o
 .text          0x00000000        0x0 src/005spi_tx_testing.o
 .data          0x00000000        0x0 src/005spi_tx_testing.o
 .bss           0x00000000        0x0 src/005spi_tx_testing.o
 .debug_macro   0x00000000      0xa66 src/005spi_tx_testing.o
 .debug_macro   0x00000000       0x22 src/005spi_tx_testing.o
 .debug_macro   0x00000000       0x8e src/005spi_tx_testing.o
 .debug_macro   0x00000000       0x51 src/005spi_tx_testing.o
 .debug_macro   0x00000000       0xef src/005spi_tx_testing.o
 .debug_macro   0x00000000       0x6a src/005spi_tx_testing.o
 .debug_macro   0x00000000      0x1df src/005spi_tx_testing.o
 .debug_macro   0x00000000      0x174 src/005spi_tx_testing.o
 .debug_macro   0x00000000      0x833 src/005spi_tx_testing.o
 .debug_macro   0x00000000       0xd0 src/005spi_tx_testing.o
 .debug_macro   0x00000000       0xf4 src/005spi_tx_testing.o
 .debug_macro   0x00000000      0x11e src/005spi_tx_testing.o
 .debug_macro   0x00000000      0x12f src/005spi_tx_testing.o
 .text          0x00000000       0x14 startup/startup_stm32.o
 .data          0x00000000        0x0 startup/startup_stm32.o
 .bss           0x00000000        0x0 startup/startup_stm32.o
 .group         0x00000000        0xc startup/sysmem.o
 .group         0x00000000        0xc startup/sysmem.o
 .group         0x00000000        0xc startup/sysmem.o
 .group         0x00000000        0xc startup/sysmem.o
 .group         0x00000000        0xc startup/sysmem.o
 .group         0x00000000        0xc startup/sysmem.o
 .group         0x00000000        0xc startup/sysmem.o
 .group         0x00000000        0xc startup/sysmem.o
 .group         0x00000000        0xc startup/sysmem.o
 .group         0x00000000        0xc startup/sysmem.o
 .group         0x00000000        0xc startup/sysmem.o
 .group         0x00000000        0xc startup/sysmem.o
 .group         0x00000000        0xc startup/sysmem.o
 .group         0x00000000        0xc startup/sysmem.o
 .group         0x00000000        0xc startup/sysmem.o
 .group         0x00000000        0xc startup/sysmem.o
 .group         0x00000000        0xc startup/sysmem.o
 .group         0x00000000        0xc startup/sysmem.o
 .group         0x00000000        0xc startup/sysmem.o
 .group         0x00000000        0xc startup/sysmem.o
 .group         0x00000000        0xc startup/sysmem.o
 .group         0x00000000        0xc startup/sysmem.o
 .group         0x00000000        0xc startup/sysmem.o
 .group         0x00000000        0xc startup/sysmem.o
 .group         0x00000000        0xc startup/sysmem.o
 .group         0x00000000        0xc startup/sysmem.o
 .group         0x00000000        0xc startup/sysmem.o
 .group         0x00000000        0xc startup/sysmem.o
 .group         0x00000000        0xc startup/sysmem.o
 .group         0x00000000        0xc startup/sysmem.o
 .group         0x00000000        0xc startup/sysmem.o
 .group         0x00000000        0xc startup/sysmem.o
 .text          0x00000000        0x0 startup/sysmem.o
 .data          0x00000000        0x0 startup/sysmem.o
 .bss           0x00000000        0x4 startup/sysmem.o
 .text._sbrk    0x00000000       0x58 startup/sysmem.o
 .debug_info    0x00000000      0x92c startup/sysmem.o
 .debug_abbrev  0x00000000      0x1f1 startup/sysmem.o
 .debug_aranges
                0x00000000       0x20 startup/sysmem.o
 .debug_ranges  0x00000000       0x10 startup/sysmem.o
 .debug_macro   0x00000000      0x1ae startup/sysmem.o
 .debug_macro   0x00000000      0xa66 startup/sysmem.o
 .debug_macro   0x00000000       0x10 startup/sysmem.o
 .debug_macro   0x00000000       0x22 startup/sysmem.o
 .debug_macro   0x00000000       0x58 startup/sysmem.o
 .debug_macro   0x00000000       0x18 startup/sysmem.o
 .debug_macro   0x00000000       0x94 startup/sysmem.o
 .debug_macro   0x00000000       0x35 startup/sysmem.o
 .debug_macro   0x00000000       0x34 startup/sysmem.o
 .debug_macro   0x00000000      0x174 startup/sysmem.o
 .debug_macro   0x00000000       0x57 startup/sysmem.o
 .debug_macro   0x00000000       0x58 startup/sysmem.o
 .debug_macro   0x00000000       0x1f startup/sysmem.o
 .debug_macro   0x00000000       0x43 startup/sysmem.o
 .debug_macro   0x00000000       0x20 startup/sysmem.o
 .debug_macro   0x00000000      0x18e startup/sysmem.o
 .debug_macro   0x00000000      0x23b startup/sysmem.o
 .debug_macro   0x00000000       0x16 startup/sysmem.o
 .debug_macro   0x00000000       0x35 startup/sysmem.o
 .debug_macro   0x00000000      0x330 startup/sysmem.o
 .debug_macro   0x00000000       0x10 startup/sysmem.o
 .debug_macro   0x00000000       0x10 startup/sysmem.o
 .debug_macro   0x00000000       0x6a startup/sysmem.o
 .debug_macro   0x00000000       0x1c startup/sysmem.o
 .debug_macro   0x00000000       0x52 startup/sysmem.o
 .debug_macro   0x00000000       0x40 startup/sysmem.o
 .debug_macro   0x00000000       0x10 startup/sysmem.o
 .debug_macro   0x00000000       0x40 startup/sysmem.o
 .debug_macro   0x00000000       0xd7 startup/sysmem.o
 .debug_macro   0x00000000       0x1c startup/sysmem.o
 .debug_macro   0x00000000       0x3d startup/sysmem.o
 .debug_macro   0x00000000       0x16 startup/sysmem.o
 .debug_macro   0x00000000      0x16f startup/sysmem.o
 .debug_line    0x00000000      0x3b6 startup/sysmem.o
 .debug_str     0x00000000     0x77cd startup/sysmem.o
 .comment       0x00000000       0x80 startup/sysmem.o
 .debug_frame   0x00000000       0x34 startup/sysmem.o
 .ARM.attributes
                0x00000000       0x39 startup/sysmem.o
 .text          0x00000000        0x0 d:/openstm/plugins/fr.ac6.mcu.externaltools.arm-none.win32_1.17.0.201812190825/tools/compiler/bin/../lib/gcc/arm-none-eabi/7.3.1/../../../../arm-none-eabi/lib/thumb/v7e-m/fpv4-sp/hard\libc.a(lib_a-errno.o)
 .data          0x00000000        0x0 d:/openstm/plugins/fr.ac6.mcu.externaltools.arm-none.win32_1.17.0.201812190825/tools/compiler/bin/../lib/gcc/arm-none-eabi/7.3.1/../../../../arm-none-eabi/lib/thumb/v7e-m/fpv4-sp/hard\libc.a(lib_a-errno.o)
 .bss           0x00000000        0x0 d:/openstm/plugins/fr.ac6.mcu.externaltools.arm-none.win32_1.17.0.201812190825/tools/compiler/bin/../lib/gcc/arm-none-eabi/7.3.1/../../../../arm-none-eabi/lib/thumb/v7e-m/fpv4-sp/hard\libc.a(lib_a-errno.o)
 .text.__errno  0x00000000        0xc d:/openstm/plugins/fr.ac6.mcu.externaltools.arm-none.win32_1.17.0.201812190825/tools/compiler/bin/../lib/gcc/arm-none-eabi/7.3.1/../../../../arm-none-eabi/lib/thumb/v7e-m/fpv4-sp/hard\libc.a(lib_a-errno.o)
 .debug_frame   0x00000000       0x20 d:/openstm/plugins/fr.ac6.mcu.externaltools.arm-none.win32_1.17.0.201812190825/tools/compiler/bin/../lib/gcc/arm-none-eabi/7.3.1/../../../../arm-none-eabi/lib/thumb/v7e-m/fpv4-sp/hard\libc.a(lib_a-errno.o)
 .ARM.attributes
                0x00000000       0x34 d:/openstm/plugins/fr.ac6.mcu.externaltools.arm-none.win32_1.17.0.201812190825/tools/compiler/bin/../lib/gcc/arm-none-eabi/7.3.1/../../../../arm-none-eabi/lib/thumb/v7e-m/fpv4-sp/hard\libc.a(lib_a-errno.o)
 .text          0x00000000        0x0 d:/openstm/plugins/fr.ac6.mcu.externaltools.arm-none.win32_1.17.0.201812190825/tools/compiler/bin/../lib/gcc/arm-none-eabi/7.3.1/../../../../arm-none-eabi/lib/thumb/v7e-m/fpv4-sp/hard\libc.a(lib_a-exit.o)
 .data          0x00000000        0x0 d:/openstm/plugins/fr.ac6.mcu.externaltools.arm-none.win32_1.17.0.201812190825/tools/compiler/bin/../lib/gcc/arm-none-eabi/7.3.1/../../../../arm-none-eabi/lib/thumb/v7e-m/fpv4-sp/hard\libc.a(lib_a-exit.o)
 .bss           0x00000000        0x0 d:/openstm/plugins/fr.ac6.mcu.externaltools.arm-none.win32_1.17.0.201812190825/tools/compiler/bin/../lib/gcc/arm-none-eabi/7.3.1/../../../../arm-none-eabi/lib/thumb/v7e-m/fpv4-sp/hard\libc.a(lib_a-exit.o)
 .text.exit     0x00000000       0x20 d:/openstm/plugins/fr.ac6.mcu.externaltools.arm-none.win32_1.17.0.201812190825/tools/compiler/bin/../lib/gcc/arm-none-eabi/7.3.1/../../../../arm-none-eabi/lib/thumb/v7e-m/fpv4-sp/hard\libc.a(lib_a-exit.o)
 .debug_frame   0x00000000       0x28 d:/openstm/plugins/fr.ac6.mcu.externaltools.arm-none.win32_1.17.0.201812190825/tools/compiler/bin/../lib/gcc/arm-none-eabi/7.3.1/../../../../arm-none-eabi/lib/thumb/v7e-m/fpv4-sp/hard\libc.a(lib_a-exit.o)
 .ARM.attributes
                0x00000000       0x34 d:/openstm/plugins/fr.ac6.mcu.externaltools.arm-none.win32_1.17.0.201812190825/tools/compiler/bin/../lib/gcc/arm-none-eabi/7.3.1/../../../../arm-none-eabi/lib/thumb/v7e-m/fpv4-sp/hard\libc.a(lib_a-exit.o)
 .text          0x00000000        0x0 d:/openstm/plugins/fr.ac6.mcu.externaltools.arm-none.win32_1.17.0.201812190825/tools/compiler/bin/../lib/gcc/arm-none-eabi/7.3.1/../../../../arm-none-eabi/lib/thumb/v7e-m/fpv4-sp/hard\libc.a(lib_a-impure.o)
 .data          0x00000000        0x0 d:/openstm/plugins/fr.ac6.mcu.externaltools.arm-none.win32_1.17.0.201812190825/tools/compiler/bin/../lib/gcc/arm-none-eabi/7.3.1/../../../../arm-none-eabi/lib/thumb/v7e-m/fpv4-sp/hard\libc.a(lib_a-impure.o)
 .bss           0x00000000        0x0 d:/openstm/plugins/fr.ac6.mcu.externaltools.arm-none.win32_1.17.0.201812190825/tools/compiler/bin/../lib/gcc/arm-none-eabi/7.3.1/../../../../arm-none-eabi/lib/thumb/v7e-m/fpv4-sp/hard\libc.a(lib_a-impure.o)
 .data._impure_ptr
                0x00000000        0x4 d:/openstm/plugins/fr.ac6.mcu.externaltools.arm-none.win32_1.17.0.201812190825/tools/compiler/bin/../lib/gcc/arm-none-eabi/7.3.1/../../../../arm-none-eabi/lib/thumb/v7e-m/fpv4-sp/hard\libc.a(lib_a-impure.o)
 .text          0x00000000        0x0 d:/openstm/plugins/fr.ac6.mcu.externaltools.arm-none.win32_1.17.0.201812190825/tools/compiler/bin/../lib/gcc/arm-none-eabi/7.3.1/../../../../arm-none-eabi/lib/thumb/v7e-m/fpv4-sp/hard\libc.a(lib_a-init.o)
 .data          0x00000000        0x0 d:/openstm/plugins/fr.ac6.mcu.externaltools.arm-none.win32_1.17.0.201812190825/tools/compiler/bin/../lib/gcc/arm-none-eabi/7.3.1/../../../../arm-none-eabi/lib/thumb/v7e-m/fpv4-sp/hard\libc.a(lib_a-init.o)
 .bss           0x00000000        0x0 d:/openstm/plugins/fr.ac6.mcu.externaltools.arm-none.win32_1.17.0.201812190825/tools/compiler/bin/../lib/gcc/arm-none-eabi/7.3.1/../../../../arm-none-eabi/lib/thumb/v7e-m/fpv4-sp/hard\libc.a(lib_a-init.o)
 .text          0x00000000        0x0 d:/openstm/plugins/fr.ac6.mcu.externaltools.arm-none.win32_1.17.0.201812190825/tools/compiler/bin/../lib/gcc/arm-none-eabi/7.3.1/../../../../arm-none-eabi/lib/thumb/v7e-m/fpv4-sp/hard\libc.a(lib_a-memset.o)
 .data          0x00000000        0x0 d:/openstm/plugins/fr.ac6.mcu.externaltools.arm-none.win32_1.17.0.201812190825/tools/compiler/bin/../lib/gcc/arm-none-eabi/7.3.1/../../../../arm-none-eabi/lib/thumb/v7e-m/fpv4-sp/hard\libc.a(lib_a-memset.o)
 .bss           0x00000000        0x0 d:/openstm/plugins/fr.ac6.mcu.externaltools.arm-none.win32_1.17.0.201812190825/tools/compiler/bin/../lib/gcc/arm-none-eabi/7.3.1/../../../../arm-none-eabi/lib/thumb/v7e-m/fpv4-sp/hard\libc.a(lib_a-memset.o)
 .text.memset   0x00000000       0x94 d:/openstm/plugins/fr.ac6.mcu.externaltools.arm-none.win32_1.17.0.201812190825/tools/compiler/bin/../lib/gcc/arm-none-eabi/7.3.1/../../../../arm-none-eabi/lib/thumb/v7e-m/fpv4-sp/hard\libc.a(lib_a-memset.o)
 .debug_frame   0x00000000       0x38 d:/openstm/plugins/fr.ac6.mcu.externaltools.arm-none.win32_1.17.0.201812190825/tools/compiler/bin/../lib/gcc/arm-none-eabi/7.3.1/../../../../arm-none-eabi/lib/thumb/v7e-m/fpv4-sp/hard\libc.a(lib_a-memset.o)
 .ARM.attributes
                0x00000000       0x34 d:/openstm/plugins/fr.ac6.mcu.externaltools.arm-none.win32_1.17.0.201812190825/tools/compiler/bin/../lib/gcc/arm-none-eabi/7.3.1/../../../../arm-none-eabi/lib/thumb/v7e-m/fpv4-sp/hard\libc.a(lib_a-memset.o)
 .text          0x00000000        0x0 d:/openstm/plugins/fr.ac6.mcu.externaltools.arm-none.win32_1.17.0.201812190825/tools/compiler/bin/../lib/gcc/arm-none-eabi/7.3.1/../../../../arm-none-eabi/lib/thumb/v7e-m/fpv4-sp/hard\libc.a(lib_a-__call_atexit.o)
 .data          0x00000000        0x0 d:/openstm/plugins/fr.ac6.mcu.externaltools.arm-none.win32_1.17.0.201812190825/tools/compiler/bin/../lib/gcc/arm-none-eabi/7.3.1/../../../../arm-none-eabi/lib/thumb/v7e-m/fpv4-sp/hard\libc.a(lib_a-__call_atexit.o)
 .bss           0x00000000        0x0 d:/openstm/plugins/fr.ac6.mcu.externaltools.arm-none.win32_1.17.0.201812190825/tools/compiler/bin/../lib/gcc/arm-none-eabi/7.3.1/../../../../arm-none-eabi/lib/thumb/v7e-m/fpv4-sp/hard\libc.a(lib_a-__call_atexit.o)
 .text.__call_exitprocs
                0x00000000       0xe8 d:/openstm/plugins/fr.ac6.mcu.externaltools.arm-none.win32_1.17.0.201812190825/tools/compiler/bin/../lib/gcc/arm-none-eabi/7.3.1/../../../../arm-none-eabi/lib/thumb/v7e-m/fpv4-sp/hard\libc.a(lib_a-__call_atexit.o)
 .text          0x00000000        0x0 d:/openstm/plugins/fr.ac6.mcu.externaltools.arm-none.win32_1.17.0.201812190825/tools/compiler/bin/../lib/gcc/arm-none-eabi/7.3.1/../../../../arm-none-eabi/lib/thumb/v7e-m/fpv4-sp/hard\libc.a(lib_a-atexit.o)
 .data          0x00000000        0x0 d:/openstm/plugins/fr.ac6.mcu.externaltools.arm-none.win32_1.17.0.201812190825/tools/compiler/bin/../lib/gcc/arm-none-eabi/7.3.1/../../../../arm-none-eabi/lib/thumb/v7e-m/fpv4-sp/hard\libc.a(lib_a-atexit.o)
 .bss           0x00000000        0x0 d:/openstm/plugins/fr.ac6.mcu.externaltools.arm-none.win32_1.17.0.201812190825/tools/compiler/bin/../lib/gcc/arm-none-eabi/7.3.1/../../../../arm-none-eabi/lib/thumb/v7e-m/fpv4-sp/hard\libc.a(lib_a-atexit.o)
 .text          0x00000000        0x0 d:/openstm/plugins/fr.ac6.mcu.externaltools.arm-none.win32_1.17.0.201812190825/tools/compiler/bin/../lib/gcc/arm-none-eabi/7.3.1/../../../../arm-none-eabi/lib/thumb/v7e-m/fpv4-sp/hard\libc.a(lib_a-fini.o)
 .data          0x00000000        0x0 d:/openstm/plugins/fr.ac6.mcu.externaltools.arm-none.win32_1.17.0.201812190825/tools/compiler/bin/../lib/gcc/arm-none-eabi/7.3.1/../../../../arm-none-eabi/lib/thumb/v7e-m/fpv4-sp/hard\libc.a(lib_a-fini.o)
 .bss           0x00000000        0x0 d:/openstm/plugins/fr.ac6.mcu.externaltools.arm-none.win32_1.17.0.201812190825/tools/compiler/bin/../lib/gcc/arm-none-eabi/7.3.1/../../../../arm-none-eabi/lib/thumb/v7e-m/fpv4-sp/hard\libc.a(lib_a-fini.o)
 .text          0x00000000        0x0 d:/openstm/plugins/fr.ac6.mcu.externaltools.arm-none.win32_1.17.0.201812190825/tools/compiler/bin/../lib/gcc/arm-none-eabi/7.3.1/../../../../arm-none-eabi/lib/thumb/v7e-m/fpv4-sp/hard\libc.a(lib_a-lock.o)
 .data          0x00000000        0x0 d:/openstm/plugins/fr.ac6.mcu.externaltools.arm-none.win32_1.17.0.201812190825/tools/compiler/bin/../lib/gcc/arm-none-eabi/7.3.1/../../../../arm-none-eabi/lib/thumb/v7e-m/fpv4-sp/hard\libc.a(lib_a-lock.o)
 .bss           0x00000000        0x0 d:/openstm/plugins/fr.ac6.mcu.externaltools.arm-none.win32_1.17.0.201812190825/tools/compiler/bin/../lib/gcc/arm-none-eabi/7.3.1/../../../../arm-none-eabi/lib/thumb/v7e-m/fpv4-sp/hard\libc.a(lib_a-lock.o)
 .text.__retarget_lock_init
                0x00000000        0x4 d:/openstm/plugins/fr.ac6.mcu.externaltools.arm-none.win32_1.17.0.201812190825/tools/compiler/bin/../lib/gcc/arm-none-eabi/7.3.1/../../../../arm-none-eabi/lib/thumb/v7e-m/fpv4-sp/hard\libc.a(lib_a-lock.o)
 .text.__retarget_lock_init_recursive
                0x00000000        0x4 d:/openstm/plugins/fr.ac6.mcu.externaltools.arm-none.win32_1.17.0.201812190825/tools/compiler/bin/../lib/gcc/arm-none-eabi/7.3.1/../../../../arm-none-eabi/lib/thumb/v7e-m/fpv4-sp/hard\libc.a(lib_a-lock.o)
 .text.__retarget_lock_close
                0x00000000        0x4 d:/openstm/plugins/fr.ac6.mcu.externaltools.arm-none.win32_1.17.0.201812190825/tools/compiler/bin/../lib/gcc/arm-none-eabi/7.3.1/../../../../arm-none-eabi/lib/thumb/v7e-m/fpv4-sp/hard\libc.a(lib_a-lock.o)
 .text.__retarget_lock_close_recursive
                0x00000000        0x4 d:/openstm/plugins/fr.ac6.mcu.externaltools.arm-none.win32_1.17.0.201812190825/tools/compiler/bin/../lib/gcc/arm-none-eabi/7.3.1/../../../../arm-none-eabi/lib/thumb/v7e-m/fpv4-sp/hard\libc.a(lib_a-lock.o)
 .text.__retarget_lock_acquire
                0x00000000        0x4 d:/openstm/plugins/fr.ac6.mcu.externaltools.arm-none.win32_1.17.0.201812190825/tools/compiler/bin/../lib/gcc/arm-none-eabi/7.3.1/../../../../arm-none-eabi/lib/thumb/v7e-m/fpv4-sp/hard\libc.a(lib_a-lock.o)
 .text.__retarget_lock_try_acquire
                0x00000000        0x4 d:/openstm/plugins/fr.ac6.mcu.externaltools.arm-none.win32_1.17.0.201812190825/tools/compiler/bin/../lib/gcc/arm-none-eabi/7.3.1/../../../../arm-none-eabi/lib/thumb/v7e-m/fpv4-sp/hard\libc.a(lib_a-lock.o)
 .text.__retarget_lock_try_acquire_recursive
                0x00000000        0x4 d:/openstm/plugins/fr.ac6.mcu.externaltools.arm-none.win32_1.17.0.201812190825/tools/compiler/bin/../lib/gcc/arm-none-eabi/7.3.1/../../../../arm-none-eabi/lib/thumb/v7e-m/fpv4-sp/hard\libc.a(lib_a-lock.o)
 .text.__retarget_lock_release
                0x00000000        0x4 d:/openstm/plugins/fr.ac6.mcu.externaltools.arm-none.win32_1.17.0.201812190825/tools/compiler/bin/../lib/gcc/arm-none-eabi/7.3.1/../../../../arm-none-eabi/lib/thumb/v7e-m/fpv4-sp/hard\libc.a(lib_a-lock.o)
 .text          0x00000000        0x0 d:/openstm/plugins/fr.ac6.mcu.externaltools.arm-none.win32_1.17.0.201812190825/tools/compiler/bin/../lib/gcc/arm-none-eabi/7.3.1/../../../../arm-none-eabi/lib/thumb/v7e-m/fpv4-sp/hard\libc.a(lib_a-__atexit.o)
 .data          0x00000000        0x0 d:/openstm/plugins/fr.ac6.mcu.externaltools.arm-none.win32_1.17.0.201812190825/tools/compiler/bin/../lib/gcc/arm-none-eabi/7.3.1/../../../../arm-none-eabi/lib/thumb/v7e-m/fpv4-sp/hard\libc.a(lib_a-__atexit.o)
 .bss           0x00000000        0x0 d:/openstm/plugins/fr.ac6.mcu.externaltools.arm-none.win32_1.17.0.201812190825/tools/compiler/bin/../lib/gcc/arm-none-eabi/7.3.1/../../../../arm-none-eabi/lib/thumb/v7e-m/fpv4-sp/hard\libc.a(lib_a-__atexit.o)
 .text          0x00000000        0x0 d:/openstm/plugins/fr.ac6.mcu.externaltools.arm-none.win32_1.17.0.201812190825/tools/compiler/bin/../lib/gcc/arm-none-eabi/7.3.1/thumb/v7e-m/fpv4-sp/hard/crtend.o
 .data          0x00000000        0x0 d:/openstm/plugins/fr.ac6.mcu.externaltools.arm-none.win32_1.17.0.201812190825/tools/compiler/bin/../lib/gcc/arm-none-eabi/7.3.1/thumb/v7e-m/fpv4-sp/hard/crtend.o
 .bss           0x00000000        0x0 d:/openstm/plugins/fr.ac6.mcu.externaltools.arm-none.win32_1.17.0.201812190825/tools/compiler/bin/../lib/gcc/arm-none-eabi/7.3.1/thumb/v7e-m/fpv4-sp/hard/crtend.o
 .eh_frame      0x00000000        0x4 d:/openstm/plugins/fr.ac6.mcu.externaltools.arm-none.win32_1.17.0.201812190825/tools/compiler/bin/../lib/gcc/arm-none-eabi/7.3.1/thumb/v7e-m/fpv4-sp/hard/crtend.o
 .ARM.attributes
                0x00000000       0x34 d:/openstm/plugins/fr.ac6.mcu.externaltools.arm-none.win32_1.17.0.201812190825/tools/compiler/bin/../lib/gcc/arm-none-eabi/7.3.1/thumb/v7e-m/fpv4-sp/hard/crtend.o
 .text          0x00000000        0x0 d:/openstm/plugins/fr.ac6.mcu.externaltools.arm-none.win32_1.17.0.201812190825/tools/compiler/bin/../lib/gcc/arm-none-eabi/7.3.1/thumb/v7e-m/fpv4-sp/hard/crtn.o
 .data          0x00000000        0x0 d:/openstm/plugins/fr.ac6.mcu.externaltools.arm-none.win32_1.17.0.201812190825/tools/compiler/bin/../lib/gcc/arm-none-eabi/7.3.1/thumb/v7e-m/fpv4-sp/hard/crtn.o
 .bss           0x00000000        0x0 d:/openstm/plugins/fr.ac6.mcu.externaltools.arm-none.win32_1.17.0.201812190825/tools/compiler/bin/../lib/gcc/arm-none-eabi/7.3.1/thumb/v7e-m/fpv4-sp/hard/crtn.o

Memory Configuration

Name             Origin             Length             Attributes
RAM              0x20000000         0x00020000         xrw
ROM              0x08000000         0x00100000         xr
*default*        0x00000000         0xffffffff

Linker script and memory map

LOAD d:/openstm/plugins/fr.ac6.mcu.externaltools.arm-none.win32_1.17.0.201812190825/tools/compiler/bin/../lib/gcc/arm-none-eabi/7.3.1/thumb/v7e-m/fpv4-sp/hard/crti.o
LOAD d:/openstm/plugins/fr.ac6.mcu.externaltools.arm-none.win32_1.17.0.201812190825/tools/compiler/bin/../lib/gcc/arm-none-eabi/7.3.1/thumb/v7e-m/fpv4-sp/hard/crtbegin.o
LOAD d:/openstm/plugins/fr.ac6.mcu.externaltools.arm-none.win32_1.17.0.201812190825/tools/compiler/bin/../lib/gcc/arm-none-eabi/7.3.1/../../../../arm-none-eabi/lib/thumb/v7e-m/fpv4-sp/hard/crt0.o
LOAD drivers/src/stm32f407_i2c.o
LOAD drivers/src/stm32f407xx_gpio.o
LOAD drivers/src/stm32f407xx_rcc.o
LOAD drivers/src/stm32f407xx_spi.o
LOAD drivers/src/stm32f407xx_usart.o
LOAD src/005spi_tx_testing.o
LOAD startup/startup_stm32.o
LOAD startup/sysmem.o
LOAD d:/openstm/plugins/fr.ac6.mcu.externaltools.arm-none.win32_1.17.0.201812190825/tools/compiler/bin/../lib/gcc/arm-none-eabi/7.3.1/../../../../arm-none-eabi/lib/thumb/v7e-m/fpv4-sp/hard\libm.a
START GROUP
LOAD d:/openstm/plugins/fr.ac6.mcu.externaltools.arm-none.win32_1.17.0.201812190825/tools/compiler/bin/../lib/gcc/arm-none-eabi/7.3.1/thumb/v7e-m/fpv4-sp/hard\libgcc.a
LOAD d:/openstm/plugins/fr.ac6.mcu.externaltools.arm-none.win32_1.17.0.201812190825/tools/compiler/bin/../lib/gcc/arm-none-eabi/7.3.1/../../../../arm-none-eabi/lib/thumb/v7e-m/fpv4-sp/hard\libc.a
END GROUP
LOAD d:/openstm/plugins/fr.ac6.mcu.externaltools.arm-none.win32_1.17.0.201812190825/tools/compiler/bin/../lib/gcc/arm-none-eabi/7.3.1/thumb/v7e-m/fpv4-sp/hard/crtend.o
LOAD d:/openstm/plugins/fr.ac6.mcu.externaltools.arm-none.win32_1.17.0.201812190825/tools/compiler/bin/../lib/gcc/arm-none-eabi/7.3.1/thumb/v7e-m/fpv4-sp/hard/crtn.o
                0x20020000                _estack = 0x20020000
                0x00000000                _Min_Heap_Size = 0x0
                0x00000400                _Min_Stack_Size = 0x400

.isr_vector     0x08000000      0x1a8
                0x08000000                . = ALIGN (0x4)
 *(.isr_vector)
 .isr_vector    0x08000000      0x1a8 startup/startup_stm32.o
                0x08000000                g_pfnVectors
                0x080001a8                . = ALIGN (0x4)

.text           0x080001a8      0xa90
                0x080001a8                . = ALIGN (0x4)
 *(.text)
 .text          0x080001a8       0x40 d:/openstm/plugins/fr.ac6.mcu.externaltools.arm-none.win32_1.17.0.201812190825/tools/compiler/bin/../lib/gcc/arm-none-eabi/7.3.1/thumb/v7e-m/fpv4-sp/hard/crtbegin.o
 *(.text*)
 .text.GPIO_PeriClockControl
                0x080001e8      0x1d0 drivers/src/stm32f407xx_gpio.o
                0x080001e8                GPIO_PeriClockControl
 .text.GPIO_Init
                0x080003b8      0x36c drivers/src/stm32f407xx_gpio.o
                0x080003b8                GPIO_Init
 .text.SPI_PeriClockControl
                0x08000724       0xb0 drivers/src/stm32f407xx_spi.o
                0x08000724                SPI_PeriClockControl
 .text.SPI_Init
                0x080007d4       0xda drivers/src/stm32f407xx_spi.o
                0x080007d4                SPI_Init
 .text.SPI_GetFlagStatus
                0x080008ae       0x28 drivers/src/stm32f407xx_spi.o
                0x080008ae                SPI_GetFlagStatus
 .text.SPI_SendData
                0x080008d6       0x80 drivers/src/stm32f407xx_spi.o
                0x080008d6                SPI_SendData
 .text.SPI_PeripheralControl
                0x08000956       0x38 drivers/src/stm32f407xx_spi.o
                0x08000956                SPI_PeripheralControl
 *fill*         0x0800098e        0x2 
 .text.main     0x08000990       0x48 src/005spi_tx_testing.o
                0x08000990                main
 .text.GPIO_Setup
                0x080009d8       0x4c src/005spi_tx_testing.o
                0x080009d8                GPIO_Setup
 .text.SPI_Setup
                0x08000a24       0x44 src/005spi_tx_testing.o
                0x08000a24                SPI_Setup
 .text.Reset_Handler
                0x08000a68       0x50 startup/startup_stm32.o
                0x08000a68                Reset_Handler
 .text.Default_Handler
                0x08000ab8        0x2 startup/startup_stm32.o
                0x08000ab8                RTC_Alarm_IRQHandler
                0x08000ab8                HASH_RNG_IRQHandler
                0x08000ab8                EXTI2_IRQHandler
                0x08000ab8                TIM8_CC_IRQHandler
                0x08000ab8                DebugMon_Handler
                0x08000ab8                TIM1_CC_IRQHandler
                0x08000ab8                DMA2_Stream5_IRQHandler
                0x08000ab8                HardFault_Handler
                0x08000ab8                DMA1_Stream5_IRQHandler
                0x08000ab8                SysTick_Handler
                0x08000ab8                PVD_IRQHandler
                0x08000ab8                SDIO_IRQHandler
                0x08000ab8                TAMP_STAMP_IRQHandler
                0x08000ab8                PendSV_Handler
                0x08000ab8                NMI_Handler
                0x08000ab8                CAN2_RX1_IRQHandler
                0x08000ab8                EXTI3_IRQHandler
                0x08000ab8                TIM8_TRG_COM_TIM14_IRQHandler
                0x08000ab8                TIM1_UP_TIM10_IRQHandler
                0x08000ab8                TIM8_UP_TIM13_IRQHandler
                0x08000ab8                I2C3_ER_IRQHandler
                0x08000ab8                LCD_TFT_IRQHandler
                0x08000ab8                EXTI0_IRQHandler
                0x08000ab8                I2C2_EV_IRQHandler
                0x08000ab8                DMA1_Stream2_IRQHandler
                0x08000ab8                CAN1_RX0_IRQHandler
                0x08000ab8                FPU_IRQHandler
                0x08000ab8                OTG_HS_WKUP_IRQHandler
                0x08000ab8                UsageFault_Handler
                0x08000ab8                CAN2_SCE_IRQHandler
                0x08000ab8                DMA2_Stream2_IRQHandler
                0x08000ab8                SPI1_IRQHandler
                0x08000ab8                TIM6_DAC_IRQHandler
                0x08000ab8                TIM1_BRK_TIM9_IRQHandler
                0x08000ab8                DCMI_IRQHandler
                0x08000ab8                CAN2_RX0_IRQHandler
                0x08000ab8                DMA2_Stream3_IRQHandler
                0x08000ab8                USART6_IRQHandler
                0x08000ab8                USART3_IRQHandler
                0x08000ab8                CRYP_IRQHandler
                0x08000ab8                CAN1_RX1_IRQHandler
                0x08000ab8                UART5_IRQHandler
                0x08000ab8                DMA2_Stream0_IRQHandler
                0x08000ab8                TIM4_IRQHandler
                0x08000ab8                I2C1_EV_IRQHandler
                0x08000ab8                DMA1_Stream6_IRQHandler
                0x08000ab8                DMA1_Stream1_IRQHandler
                0x08000ab8                UART4_IRQHandler
                0x08000ab8                LCD_TFT_1_IRQHandler
                0x08000ab8                TIM3_IRQHandler
                0x08000ab8                RCC_IRQHandler
                0x08000ab8                TIM8_BRK_TIM12_IRQHandler
                0x08000ab8                Default_Handler
                0x08000ab8                EXTI15_10_IRQHandler
                0x08000ab8                ADC_IRQHandler
                0x08000ab8                DMA1_Stream7_IRQHandler
                0x08000ab8                TIM7_IRQHandler
                0x08000ab8                CAN2_TX_IRQHandler
                0x08000ab8                TIM5_IRQHandler
                0x08000ab8                DMA2_Stream7_IRQHandler
                0x08000ab8                I2C3_EV_IRQHandler
                0x08000ab8                EXTI9_5_IRQHandler
                0x08000ab8                RTC_WKUP_IRQHandler
                0x08000ab8                ETH_WKUP_IRQHandler
                0x08000ab8                SPI2_IRQHandler
                0x08000ab8                OTG_HS_EP1_IN_IRQHandler
                0x08000ab8                MemManage_Handler
                0x08000ab8                DMA1_Stream0_IRQHandler
                0x08000ab8                CAN1_TX_IRQHandler
                0x08000ab8                SVC_Handler
                0x08000ab8                EXTI4_IRQHandler
                0x08000ab8                FSMC_IRQHandler
                0x08000ab8                ETH_IRQHandler
                0x08000ab8                OTG_HS_EP1_OUT_IRQHandler
                0x08000ab8                WWDG_IRQHandler
                0x08000ab8                TIM2_IRQHandler
                0x08000ab8                OTG_FS_WKUP_IRQHandler
                0x08000ab8                TIM1_TRG_COM_TIM11_IRQHandler
                0x08000ab8                OTG_HS_IRQHandler
                0x08000ab8                EXTI1_IRQHandler
                0x08000ab8                USART2_IRQHandler
                0x08000ab8                I2C2_ER_IRQHandler
                0x08000ab8                DMA2_Stream1_IRQHandler
                0x08000ab8                CAN1_SCE_IRQHandler
                0x08000ab8                DMA2_Stream4_IRQHandler
                0x08000ab8                BusFault_Handler
                0x08000ab8                USART1_IRQHandler
                0x08000ab8                OTG_FS_IRQHandler
                0x08000ab8                SPI3_IRQHandler
                0x08000ab8                DMA1_Stream4_IRQHandler
                0x08000ab8                I2C1_ER_IRQHandler
                0x08000ab8                DMA2_Stream6_IRQHandler
                0x08000ab8                DMA1_Stream3_IRQHandler
 *fill*         0x08000aba        0x2 
 .text.__libc_init_array
                0x08000abc       0x48 d:/openstm/plugins/fr.ac6.mcu.externaltools.arm-none.win32_1.17.0.201812190825/tools/compiler/bin/../lib/gcc/arm-none-eabi/7.3.1/../../../../arm-none-eabi/lib/thumb/v7e-m/fpv4-sp/hard\libc.a(lib_a-init.o)
                0x08000abc                __libc_init_array
 .text.startup.register_fini
                0x08000b04       0x14 d:/openstm/plugins/fr.ac6.mcu.externaltools.arm-none.win32_1.17.0.201812190825/tools/compiler/bin/../lib/gcc/arm-none-eabi/7.3.1/../../../../arm-none-eabi/lib/thumb/v7e-m/fpv4-sp/hard\libc.a(lib_a-__call_atexit.o)
 .text.atexit   0x08000b18        0xc d:/openstm/plugins/fr.ac6.mcu.externaltools.arm-none.win32_1.17.0.201812190825/tools/compiler/bin/../lib/gcc/arm-none-eabi/7.3.1/../../../../arm-none-eabi/lib/thumb/v7e-m/fpv4-sp/hard\libc.a(lib_a-atexit.o)
                0x08000b18                atexit
 .text.__libc_fini_array
                0x08000b24       0x34 d:/openstm/plugins/fr.ac6.mcu.externaltools.arm-none.win32_1.17.0.201812190825/tools/compiler/bin/../lib/gcc/arm-none-eabi/7.3.1/../../../../arm-none-eabi/lib/thumb/v7e-m/fpv4-sp/hard\libc.a(lib_a-fini.o)
                0x08000b24                __libc_fini_array
 .text.__retarget_lock_acquire_recursive
                0x08000b58        0x4 d:/openstm/plugins/fr.ac6.mcu.externaltools.arm-none.win32_1.17.0.201812190825/tools/compiler/bin/../lib/gcc/arm-none-eabi/7.3.1/../../../../arm-none-eabi/lib/thumb/v7e-m/fpv4-sp/hard\libc.a(lib_a-lock.o)
                0x08000b58                __retarget_lock_acquire_recursive
 .text.__retarget_lock_release_recursive
                0x08000b5c        0x4 d:/openstm/plugins/fr.ac6.mcu.externaltools.arm-none.win32_1.17.0.201812190825/tools/compiler/bin/../lib/gcc/arm-none-eabi/7.3.1/../../../../arm-none-eabi/lib/thumb/v7e-m/fpv4-sp/hard\libc.a(lib_a-lock.o)
                0x08000b5c                __retarget_lock_release_recursive
 .text.__register_exitproc
                0x08000b60       0xc0 d:/openstm/plugins/fr.ac6.mcu.externaltools.arm-none.win32_1.17.0.201812190825/tools/compiler/bin/../lib/gcc/arm-none-eabi/7.3.1/../../../../arm-none-eabi/lib/thumb/v7e-m/fpv4-sp/hard\libc.a(lib_a-__atexit.o)
                0x08000b60                __register_exitproc
 *(.glue_7)
 .glue_7        0x08000c20        0x0 linker stubs
 *(.glue_7t)
 .glue_7t       0x08000c20        0x0 linker stubs
 *(.eh_frame)
 .eh_frame      0x08000c20        0x0 d:/openstm/plugins/fr.ac6.mcu.externaltools.arm-none.win32_1.17.0.201812190825/tools/compiler/bin/../lib/gcc/arm-none-eabi/7.3.1/thumb/v7e-m/fpv4-sp/hard/crtbegin.o
 *(.init)
 .init          0x08000c20        0x4 d:/openstm/plugins/fr.ac6.mcu.externaltools.arm-none.win32_1.17.0.201812190825/tools/compiler/bin/../lib/gcc/arm-none-eabi/7.3.1/thumb/v7e-m/fpv4-sp/hard/crti.o
                0x08000c20                _init
 .init          0x08000c24        0x8 d:/openstm/plugins/fr.ac6.mcu.externaltools.arm-none.win32_1.17.0.201812190825/tools/compiler/bin/../lib/gcc/arm-none-eabi/7.3.1/thumb/v7e-m/fpv4-sp/hard/crtn.o
 *(.fini)
 .fini          0x08000c2c        0x4 d:/openstm/plugins/fr.ac6.mcu.externaltools.arm-none.win32_1.17.0.201812190825/tools/compiler/bin/../lib/gcc/arm-none-eabi/7.3.1/thumb/v7e-m/fpv4-sp/hard/crti.o
                0x08000c2c                _fini
 .fini          0x08000c30        0x8 d:/openstm/plugins/fr.ac6.mcu.externaltools.arm-none.win32_1.17.0.201812190825/tools/compiler/bin/../lib/gcc/arm-none-eabi/7.3.1/thumb/v7e-m/fpv4-sp/hard/crtn.o
                0x08000c38                . = ALIGN (0x4)
                0x08000c38                _etext = .

.vfp11_veneer   0x08000c38        0x0
 .vfp11_veneer  0x08000c38        0x0 linker stubs

.v4_bx          0x08000c38        0x0
 .v4_bx         0x08000c38        0x0 linker stubs

.iplt           0x08000c38        0x0
 .iplt          0x08000c38        0x0 d:/openstm/plugins/fr.ac6.mcu.externaltools.arm-none.win32_1.17.0.201812190825/tools/compiler/bin/../lib/gcc/arm-none-eabi/7.3.1/thumb/v7e-m/fpv4-sp/hard/crtbegin.o

.rodata         0x08000c38       0x10
                0x08000c38                . = ALIGN (0x4)
 *(.rodata)
 .rodata        0x08000c38        0xc src/005spi_tx_testing.o
 *(.rodata*)
 .rodata._global_impure_ptr
                0x08000c44        0x4 d:/openstm/plugins/fr.ac6.mcu.externaltools.arm-none.win32_1.17.0.201812190825/tools/compiler/bin/../lib/gcc/arm-none-eabi/7.3.1/../../../../arm-none-eabi/lib/thumb/v7e-m/fpv4-sp/hard\libc.a(lib_a-impure.o)
                0x08000c44                _global_impure_ptr
                0x08000c48                . = ALIGN (0x4)

.rel.dyn        0x08000c48        0x0
 .rel.iplt      0x08000c48        0x0 d:/openstm/plugins/fr.ac6.mcu.externaltools.arm-none.win32_1.17.0.201812190825/tools/compiler/bin/../lib/gcc/arm-none-eabi/7.3.1/thumb/v7e-m/fpv4-sp/hard/crtbegin.o

.ARM.extab      0x08000c48        0x0
                0x08000c48                . = ALIGN (0x4)
 *(.ARM.extab* .gnu.linkonce.armextab.*)
                0x08000c48                . = ALIGN (0x4)

.ARM            0x08000c48        0x0
                0x08000c48                . = ALIGN (0x4)
                0x08000c48                __exidx_start = .
 *(.ARM.exidx*)
                0x08000c48                __exidx_end = .
                0x08000c48                . = ALIGN (0x4)

.preinit_array  0x08000c48        0x0
                0x08000c48                . = ALIGN (0x4)
                0x08000c48                PROVIDE (__preinit_array_start = .)
 *(.preinit_array*)
                0x08000c48                PROVIDE (__preinit_array_end = .)
                0x08000c48                . = ALIGN (0x4)

.init_array     0x08000c48        0x8
                0x08000c48                . = ALIGN (0x4)
                0x08000c48                PROVIDE (__init_array_start = .)
 *(SORT_BY_NAME(.init_array.*))
 .init_array.00000
                0x08000c48        0x4 d:/openstm/plugins/fr.ac6.mcu.externaltools.arm-none.win32_1.17.0.201812190825/tools/compiler/bin/../lib/gcc/arm-none-eabi/7.3.1/../../../../arm-none-eabi/lib/thumb/v7e-m/fpv4-sp/hard\libc.a(lib_a-__call_atexit.o)
 *(.init_array*)
 .init_array    0x08000c4c        0x4 d:/openstm/plugins/fr.ac6.mcu.externaltools.arm-none.win32_1.17.0.201812190825/tools/compiler/bin/../lib/gcc/arm-none-eabi/7.3.1/thumb/v7e-m/fpv4-sp/hard/crtbegin.o
                0x08000c50                PROVIDE (__init_array_end = .)
                0x08000c50                . = ALIGN (0x4)

.fini_array     0x08000c50        0x4
                0x08000c50                . = ALIGN (0x4)
                0x08000c50                PROVIDE (__fini_array_start = .)
 *(SORT_BY_NAME(.fini_array.*))
 *(.fini_array*)
 .fini_array    0x08000c50        0x4 d:/openstm/plugins/fr.ac6.mcu.externaltools.arm-none.win32_1.17.0.201812190825/tools/compiler/bin/../lib/gcc/arm-none-eabi/7.3.1/thumb/v7e-m/fpv4-sp/hard/crtbegin.o
                0x08000c54                PROVIDE (__fini_array_end = .)
                0x08000c54                . = ALIGN (0x4)
                0x08000c54                _sidata = LOADADDR (.data)

.data           0x20000000      0x42c load address 0x08000c54
                0x20000000                . = ALIGN (0x4)
                0x20000000                _sdata = .
 *(.data)
 *(.data*)
 .data.impure_data
                0x20000000      0x428 d:/openstm/plugins/fr.ac6.mcu.externaltools.arm-none.win32_1.17.0.201812190825/tools/compiler/bin/../lib/gcc/arm-none-eabi/7.3.1/../../../../arm-none-eabi/lib/thumb/v7e-m/fpv4-sp/hard\libc.a(lib_a-impure.o)
 .data.__atexit_recursive_mutex
                0x20000428        0x4 d:/openstm/plugins/fr.ac6.mcu.externaltools.arm-none.win32_1.17.0.201812190825/tools/compiler/bin/../lib/gcc/arm-none-eabi/7.3.1/../../../../arm-none-eabi/lib/thumb/v7e-m/fpv4-sp/hard\libc.a(lib_a-__call_atexit.o)
                0x20000428                __atexit_recursive_mutex
                0x2000042c                . = ALIGN (0x4)
                0x2000042c                _edata = .

.igot.plt       0x2000042c        0x0 load address 0x08001080
 .igot.plt      0x2000042c        0x0 d:/openstm/plugins/fr.ac6.mcu.externaltools.arm-none.win32_1.17.0.201812190825/tools/compiler/bin/../lib/gcc/arm-none-eabi/7.3.1/thumb/v7e-m/fpv4-sp/hard/crtbegin.o
                0x2000042c                . = ALIGN (0x4)

.bss            0x2000042c       0x40 load address 0x08001080
                0x2000042c                _sbss = .
                0x2000042c                __bss_start__ = _sbss
 *(.bss)
 .bss           0x2000042c       0x1c d:/openstm/plugins/fr.ac6.mcu.externaltools.arm-none.win32_1.17.0.201812190825/tools/compiler/bin/../lib/gcc/arm-none-eabi/7.3.1/thumb/v7e-m/fpv4-sp/hard/crtbegin.o
 *(.bss*)
 *(COMMON)
 COMMON         0x20000448       0x21 d:/openstm/plugins/fr.ac6.mcu.externaltools.arm-none.win32_1.17.0.201812190825/tools/compiler/bin/../lib/gcc/arm-none-eabi/7.3.1/../../../../arm-none-eabi/lib/thumb/v7e-m/fpv4-sp/hard\libc.a(lib_a-lock.o)
                0x20000448                __lock___atexit_recursive_mutex
                0x2000044c                __lock___arc4random_mutex
                0x20000450                __lock___env_recursive_mutex
                0x20000454                __lock___sinit_recursive_mutex
                0x20000458                __lock___malloc_recursive_mutex
                0x2000045c                __lock___at_quick_exit_mutex
                0x20000460                __lock___dd_hash_mutex
                0x20000464                __lock___tz_mutex
                0x20000468                __lock___sfp_recursive_mutex
                0x2000046c                . = ALIGN (0x4)
 *fill*         0x20000469        0x3 
                0x2000046c                _ebss = .
                0x2000046c                __bss_end__ = _ebss

._user_heap_stack
                0x2000046c      0x404 load address 0x08001080
                0x20000470                . = ALIGN (0x8)
 *fill*         0x2000046c        0x4 
                0x20000470                PROVIDE (end = .)
                [!provide]                PROVIDE (_end = .)
                0x20000470                . = (. + _Min_Heap_Size)
                0x20000870                . = (. + _Min_Stack_Size)
 *fill*         0x20000470      0x400 
                0x20000870                . = ALIGN (0x8)

/DISCARD/
 libc.a(*)
 libm.a(*)
 libgcc.a(*)

.ARM.attributes
                0x00000000       0x30
 *(.ARM.attributes)
 .ARM.attributes
                0x00000000       0x22 d:/openstm/plugins/fr.ac6.mcu.externaltools.arm-none.win32_1.17.0.201812190825/tools/compiler/bin/../lib/gcc/arm-none-eabi/7.3.1/thumb/v7e-m/fpv4-sp/hard/crti.o
 .ARM.attributes
                0x00000022       0x34 d:/openstm/plugins/fr.ac6.mcu.externaltools.arm-none.win32_1.17.0.201812190825/tools/compiler/bin/../lib/gcc/arm-none-eabi/7.3.1/thumb/v7e-m/fpv4-sp/hard/crtbegin.o
 .ARM.attributes
                0x00000056       0x39 drivers/src/stm32f407xx_gpio.o
 .ARM.attributes
                0x0000008f       0x39 drivers/src/stm32f407xx_spi.o
 .ARM.attributes
                0x000000c8       0x39 src/005spi_tx_testing.o
 .ARM.attributes
                0x00000101       0x21 startup/startup_stm32.o
 .ARM.attributes
                0x00000122       0x34 d:/openstm/plugins/fr.ac6.mcu.externaltools.arm-none.win32_1.17.0.201812190825/tools/compiler/bin/../lib/gcc/arm-none-eabi/7.3.1/../../../../arm-none-eabi/lib/thumb/v7e-m/fpv4-sp/hard\libc.a(lib_a-impure.o)
 .ARM.attributes
                0x00000156       0x34 d:/openstm/plugins/fr.ac6.mcu.externaltools.arm-none.win32_1.17.0.201812190825/tools/compiler/bin/../lib/gcc/arm-none-eabi/7.3.1/../../../../arm-none-eabi/lib/thumb/v7e-m/fpv4-sp/hard\libc.a(lib_a-init.o)
 .ARM.attributes
                0x0000018a       0x34 d:/openstm/plugins/fr.ac6.mcu.externaltools.arm-none.win32_1.17.0.201812190825/tools/compiler/bin/../lib/gcc/arm-none-eabi/7.3.1/../../../../arm-none-eabi/lib/thumb/v7e-m/fpv4-sp/hard\libc.a(lib_a-__call_atexit.o)
 .ARM.attributes
                0x000001be       0x34 d:/openstm/plugins/fr.ac6.mcu.externaltools.arm-none.win32_1.17.0.201812190825/tools/compiler/bin/../lib/gcc/arm-none-eabi/7.3.1/../../../../arm-none-eabi/lib/thumb/v7e-m/fpv4-sp/hard\libc.a(lib_a-atexit.o)
 .ARM.attributes
                0x000001f2       0x34 d:/openstm/plugins/fr.ac6.mcu.externaltools.arm-none.win32_1.17.0.201812190825/tools/compiler/bin/../lib/gcc/arm-none-eabi/7.3.1/../../../../arm-none-eabi/lib/thumb/v7e-m/fpv4-sp/hard\libc.a(lib_a-fini.o)
 .ARM.attributes
                0x00000226       0x34 d:/openstm/plugins/fr.ac6.mcu.externaltools.arm-none.win32_1.17.0.201812190825/tools/compiler/bin/../lib/gcc/arm-none-eabi/7.3.1/../../../../arm-none-eabi/lib/thumb/v7e-m/fpv4-sp/hard\libc.a(lib_a-lock.o)
 .ARM.attributes
                0x0000025a       0x34 d:/openstm/plugins/fr.ac6.mcu.externaltools.arm-none.win32_1.17.0.201812190825/tools/compiler/bin/../lib/gcc/arm-none-eabi/7.3.1/../../../../arm-none-eabi/lib/thumb/v7e-m/fpv4-sp/hard\libc.a(lib_a-__atexit.o)
 .ARM.attributes
                0x0000028e       0x22 d:/openstm/plugins/fr.ac6.mcu.externaltools.arm-none.win32_1.17.0.201812190825/tools/compiler/bin/../lib/gcc/arm-none-eabi/7.3.1/thumb/v7e-m/fpv4-sp/hard/crtn.o
OUTPUT(stm32f407xx_drivers.elf elf32-littlearm)

.debug_info     0x00000000     0x1590
 .debug_info    0x00000000      0x83c drivers/src/stm32f407xx_gpio.o
 .debug_info    0x0000083c      0x97a drivers/src/stm32f407xx_spi.o
 .debug_info    0x000011b6      0x3b8 src/005spi_tx_testing.o
 .debug_info    0x0000156e       0x22 startup/startup_stm32.o

.debug_abbrev   0x00000000      0x450
 .debug_abbrev  0x00000000      0x18d drivers/src/stm32f407xx_gpio.o
 .debug_abbrev  0x0000018d      0x1e5 drivers/src/stm32f407xx_spi.o
 .debug_abbrev  0x00000372       0xcc src/005spi_tx_testing.o
 .debug_abbrev  0x0000043e       0x12 startup/startup_stm32.o

.debug_aranges  0x00000000      0x188
 .debug_aranges
                0x00000000       0x70 drivers/src/stm32f407xx_gpio.o
 .debug_aranges
                0x00000070       0xc0 drivers/src/stm32f407xx_spi.o
 .debug_aranges
                0x00000130       0x30 src/005spi_tx_testing.o
 .debug_aranges
                0x00000160       0x28 startup/startup_stm32.o

.debug_ranges   0x00000000      0x150
 .debug_ranges  0x00000000       0x60 drivers/src/stm32f407xx_gpio.o
 .debug_ranges  0x00000060       0xb0 drivers/src/stm32f407xx_spi.o
 .debug_ranges  0x00000110       0x20 src/005spi_tx_testing.o
 .debug_ranges  0x00000130       0x20 startup/startup_stm32.o

.debug_macro    0x00000000      0x448
 .debug_macro   0x00000000       0xc2 drivers/src/stm32f407xx_gpio.o
 .debug_macro   0x000000c2       0xee drivers/src/stm32f407xx_gpio.o
 .debug_macro   0x000001b0      0x11e drivers/src/stm32f407xx_gpio.o
 .debug_macro   0x000002ce       0xc2 drivers/src/stm32f407xx_spi.o
 .debug_macro   0x00000390       0xb8 src/005spi_tx_testing.o

.debug_line     0x00000000      0xf5a
 .debug_line    0x00000000      0x57f drivers/src/stm32f407xx_gpio.o
 .debug_line    0x0000057f      0x5a5 drivers/src/stm32f407xx_spi.o
 .debug_line    0x00000b24      0x3ba src/005spi_tx_testing.o
 .debug_line    0x00000ede       0x7c startup/startup_stm32.o

.debug_str      0x00000000     0x78ea
 .debug_str     0x00000000     0x75c1 drivers/src/stm32f407xx_gpio.o
                               0x77c3 (size before relaxing)
 .debug_str     0x000075c1      0x2b5 drivers/src/stm32f407xx_spi.o
                               0x780b (size before relaxing)
 .debug_str     0x00007876       0x4b src/005spi_tx_testing.o
                               0x75a8 (size before relaxing)
 .debug_str     0x000078c1       0x29 startup/startup_stm32.o
                                 0x6f (size before relaxing)

.comment        0x00000000       0x7f
 .comment       0x00000000       0x7f drivers/src/stm32f407xx_gpio.o
                                 0x80 (size before relaxing)
 .comment       0x0000007f       0x80 drivers/src/stm32f407xx_spi.o
 .comment       0x0000007f       0x80 src/005spi_tx_testing.o

.debug_frame    0x00000000      0x734
 .debug_frame   0x00000000      0x1c8 drivers/src/stm32f407xx_gpio.o
 .debug_frame   0x000001c8      0x334 drivers/src/stm32f407xx_spi.o
 .debug_frame   0x000004fc       0x78 src/005spi_tx_testing.o
 .debug_frame   0x00000574       0x2c d:/openstm/plugins/fr.ac6.mcu.externaltools.arm-none.win32_1.17.0.201812190825/tools/compiler/bin/../lib/gcc/arm-none-eabi/7.3.1/../../../../arm-none-eabi/lib/thumb/v7e-m/fpv4-sp/hard\libc.a(lib_a-init.o)
 .debug_frame   0x000005a0       0x5c d:/openstm/plugins/fr.ac6.mcu.externaltools.arm-none.win32_1.17.0.201812190825/tools/compiler/bin/../lib/gcc/arm-none-eabi/7.3.1/../../../../arm-none-eabi/lib/thumb/v7e-m/fpv4-sp/hard\libc.a(lib_a-__call_atexit.o)
 .debug_frame   0x000005fc       0x20 d:/openstm/plugins/fr.ac6.mcu.externaltools.arm-none.win32_1.17.0.201812190825/tools/compiler/bin/../lib/gcc/arm-none-eabi/7.3.1/../../../../arm-none-eabi/lib/thumb/v7e-m/fpv4-sp/hard\libc.a(lib_a-atexit.o)
 .debug_frame   0x0000061c       0x34 d:/openstm/plugins/fr.ac6.mcu.externaltools.arm-none.win32_1.17.0.201812190825/tools/compiler/bin/../lib/gcc/arm-none-eabi/7.3.1/../../../../arm-none-eabi/lib/thumb/v7e-m/fpv4-sp/hard\libc.a(lib_a-fini.o)
 .debug_frame   0x00000650       0xb0 d:/openstm/plugins/fr.ac6.mcu.externaltools.arm-none.win32_1.17.0.201812190825/tools/compiler/bin/../lib/gcc/arm-none-eabi/7.3.1/../../../../arm-none-eabi/lib/thumb/v7e-m/fpv4-sp/hard\libc.a(lib_a-lock.o)
 .debug_frame   0x00000700       0x34 d:/openstm/plugins/fr.ac6.mcu.externaltools.arm-none.win32_1.17.0.201812190825/tools/compiler/bin/../lib/gcc/arm-none-eabi/7.3.1/../../../../arm-none-eabi/lib/thumb/v7e-m/fpv4-sp/hard\libc.a(lib_a-__atexit.o)
