Archive member included to satisfy reference by file (symbol)

d:/openstm/plugins/fr.ac6.mcu.externaltools.arm-none.win32_1.17.0.201812190825/tools/compiler/bin/../lib/gcc/arm-none-eabi/7.3.1/thumb/v7e-m/fpv4-sp/hard\libgcc.a(_aeabi_uldivmod.o)
                              Drivers/STM32F4xx_HAL_Driver/Src/stm32f4xx_hal_rcc.o (__aeabi_uldivmod)
d:/openstm/plugins/fr.ac6.mcu.externaltools.arm-none.win32_1.17.0.201812190825/tools/compiler/bin/../lib/gcc/arm-none-eabi/7.3.1/thumb/v7e-m/fpv4-sp/hard\libgcc.a(_udivmoddi4.o)
                              d:/openstm/plugins/fr.ac6.mcu.externaltools.arm-none.win32_1.17.0.201812190825/tools/compiler/bin/../lib/gcc/arm-none-eabi/7.3.1/thumb/v7e-m/fpv4-sp/hard\libgcc.a(_aeabi_uldivmod.o) (__udivmoddi4)
d:/openstm/plugins/fr.ac6.mcu.externaltools.arm-none.win32_1.17.0.201812190825/tools/compiler/bin/../lib/gcc/arm-none-eabi/7.3.1/thumb/v7e-m/fpv4-sp/hard\libgcc.a(_dvmd_tls.o)
                              d:/openstm/plugins/fr.ac6.mcu.externaltools.arm-none.win32_1.17.0.201812190825/tools/compiler/bin/../lib/gcc/arm-none-eabi/7.3.1/thumb/v7e-m/fpv4-sp/hard\libgcc.a(_aeabi_uldivmod.o) (__aeabi_ldiv0)
d:/openstm/plugins/fr.ac6.mcu.externaltools.arm-none.win32_1.17.0.201812190825/tools/compiler/bin/../lib/gcc/arm-none-eabi/7.3.1/../../../../arm-none-eabi/lib/thumb/v7e-m/fpv4-sp/hard\libc_nano.a(lib_a-errno.o)
                              Core/Src/syscalls.o (__errno)
d:/openstm/plugins/fr.ac6.mcu.externaltools.arm-none.win32_1.17.0.201812190825/tools/compiler/bin/../lib/gcc/arm-none-eabi/7.3.1/../../../../arm-none-eabi/lib/thumb/v7e-m/fpv4-sp/hard\libc_nano.a(lib_a-exit.o)
                              d:/openstm/plugins/fr.ac6.mcu.externaltools.arm-none.win32_1.17.0.201812190825/tools/compiler/bin/../lib/gcc/arm-none-eabi/7.3.1/../../../../arm-none-eabi/lib/thumb/v7e-m/fpv4-sp/hard/crt0.o (exit)
d:/openstm/plugins/fr.ac6.mcu.externaltools.arm-none.win32_1.17.0.201812190825/tools/compiler/bin/../lib/gcc/arm-none-eabi/7.3.1/../../../../arm-none-eabi/lib/thumb/v7e-m/fpv4-sp/hard\libc_nano.a(lib_a-impure.o)
                              d:/openstm/plugins/fr.ac6.mcu.externaltools.arm-none.win32_1.17.0.201812190825/tools/compiler/bin/../lib/gcc/arm-none-eabi/7.3.1/../../../../arm-none-eabi/lib/thumb/v7e-m/fpv4-sp/hard\libc_nano.a(lib_a-exit.o) (_global_impure_ptr)
d:/openstm/plugins/fr.ac6.mcu.externaltools.arm-none.win32_1.17.0.201812190825/tools/compiler/bin/../lib/gcc/arm-none-eabi/7.3.1/../../../../arm-none-eabi/lib/thumb/v7e-m/fpv4-sp/hard\libc_nano.a(lib_a-init.o)
                              d:/openstm/plugins/fr.ac6.mcu.externaltools.arm-none.win32_1.17.0.201812190825/tools/compiler/bin/../lib/gcc/arm-none-eabi/7.3.1/../../../../arm-none-eabi/lib/thumb/v7e-m/fpv4-sp/hard/crt0.o (__libc_init_array)
d:/openstm/plugins/fr.ac6.mcu.externaltools.arm-none.win32_1.17.0.201812190825/tools/compiler/bin/../lib/gcc/arm-none-eabi/7.3.1/../../../../arm-none-eabi/lib/thumb/v7e-m/fpv4-sp/hard\libc_nano.a(lib_a-malloc.o)
                              Middlewares/ST/STM32_USB_Host_Library/Class/CDC/Src/usbh_cdc.o (malloc)
d:/openstm/plugins/fr.ac6.mcu.externaltools.arm-none.win32_1.17.0.201812190825/tools/compiler/bin/../lib/gcc/arm-none-eabi/7.3.1/../../../../arm-none-eabi/lib/thumb/v7e-m/fpv4-sp/hard\libc_nano.a(lib_a-memset.o)
                              d:/openstm/plugins/fr.ac6.mcu.externaltools.arm-none.win32_1.17.0.201812190825/tools/compiler/bin/../lib/gcc/arm-none-eabi/7.3.1/../../../../arm-none-eabi/lib/thumb/v7e-m/fpv4-sp/hard/crt0.o (memset)
d:/openstm/plugins/fr.ac6.mcu.externaltools.arm-none.win32_1.17.0.201812190825/tools/compiler/bin/../lib/gcc/arm-none-eabi/7.3.1/../../../../arm-none-eabi/lib/thumb/v7e-m/fpv4-sp/hard\libc_nano.a(lib_a-nano-freer.o)
                              d:/openstm/plugins/fr.ac6.mcu.externaltools.arm-none.win32_1.17.0.201812190825/tools/compiler/bin/../lib/gcc/arm-none-eabi/7.3.1/../../../../arm-none-eabi/lib/thumb/v7e-m/fpv4-sp/hard\libc_nano.a(lib_a-malloc.o) (_free_r)
d:/openstm/plugins/fr.ac6.mcu.externaltools.arm-none.win32_1.17.0.201812190825/tools/compiler/bin/../lib/gcc/arm-none-eabi/7.3.1/../../../../arm-none-eabi/lib/thumb/v7e-m/fpv4-sp/hard\libc_nano.a(lib_a-nano-mallocr.o)
                              d:/openstm/plugins/fr.ac6.mcu.externaltools.arm-none.win32_1.17.0.201812190825/tools/compiler/bin/../lib/gcc/arm-none-eabi/7.3.1/../../../../arm-none-eabi/lib/thumb/v7e-m/fpv4-sp/hard\libc_nano.a(lib_a-malloc.o) (_malloc_r)
d:/openstm/plugins/fr.ac6.mcu.externaltools.arm-none.win32_1.17.0.201812190825/tools/compiler/bin/../lib/gcc/arm-none-eabi/7.3.1/../../../../arm-none-eabi/lib/thumb/v7e-m/fpv4-sp/hard\libc_nano.a(lib_a-sbrkr.o)
                              d:/openstm/plugins/fr.ac6.mcu.externaltools.arm-none.win32_1.17.0.201812190825/tools/compiler/bin/../lib/gcc/arm-none-eabi/7.3.1/../../../../arm-none-eabi/lib/thumb/v7e-m/fpv4-sp/hard\libc_nano.a(lib_a-nano-mallocr.o) (_sbrk_r)
[...]
Memory Configuration

Name             Origin             Length             Attributes
RAM              0x20000000         0x00020000         xrw
CCMRAM           0x10000000         0x00010000         xrw
FLASH            0x08000000         0x00100000         xr
*default*        0x00000000         0xffffffff

Linker script and memory map

LOAD d:/openstm/plugins/fr.ac6.mcu.externaltools.arm-none.win32_1.17.0.201812190825/tools/compiler/bin/../lib/gcc/arm-none-eabi/7.3.1/thumb/v7e-m/fpv4-sp/hard/crti.o
LOAD d:/openstm/plugins/fr.ac6.mcu.externaltools.arm-none.win32_1.17.0.201812190825/tools/compiler/bin/../lib/gcc/arm-none-eabi/7.3.1/thumb/v7e-m/fpv4-sp/hard/crtbegin.o
LOAD d:/openstm/plugins/fr.ac6.mcu.externaltools.arm-none.win32_1.17.0.201812190825/tools/compiler/bin/../lib/gcc/arm-none-eabi/7.3.1/../../../../arm-none-eabi/lib/thumb/v7e-m/fpv4-sp/hard/crt0.o
LOAD Core/Src/main.o
LOAD Core/Src/stm32f4xx_hal_msp.o
LOAD Core/Src/stm32f4xx_it.o
LOAD Core/Src/syscalls.o
LOAD Core/Src/system_stm32f4xx.o
LOAD Drivers/STM32F4xx_HAL_Driver/Src/stm32f4xx_hal.o
LOAD Drivers/STM32F4xx_HAL_Driver/Src/stm32f4xx_hal_cortex.o
LOAD Drivers/STM32F4xx_HAL_Driver/Src/stm32f4xx_hal_dma.o
LOAD Drivers/STM32F4xx_HAL_Driver/Src/stm32f4xx_hal_dma_ex.o
LOAD Drivers/STM32F4xx_HAL_Driver/Src/stm32f4xx_hal_exti.o
LOAD Drivers/STM32F4xx_HAL_Driver/Src/stm32f4xx_hal_flash.o
LOAD Drivers/STM32F4xx_HAL_Driver/Src/stm32f4xx_hal_flash_ex.o
LOAD Drivers/STM32F4xx_HAL_Driver/Src/stm32f4xx_hal_flash_ramfunc.o
LOAD Drivers/STM32F4xx_HAL_Driver/Src/stm32f4xx_hal_gpio.o
LOAD Drivers/STM32F4xx_HAL_Driver/Src/stm32f4xx_hal_hcd.o
LOAD Drivers/STM32F4xx_HAL_Driver/Src/stm32f4xx_hal_i2c.o
LOAD Drivers/STM32F4xx_HAL_Driver/Src/stm32f4xx_hal_i2c_ex.o
LOAD Drivers/STM32F4xx_HAL_Driver/Src/stm32f4xx_hal_i2s.o
LOAD Drivers/STM32F4xx_HAL_Driver/Src/stm32f4xx_hal_i2s_ex.o
LOAD Drivers/STM32F4xx_HAL_Driver/Src/stm32f4xx_hal_pwr.o
LOAD Drivers/STM32F4xx_HAL_Driver/Src/stm32f4xx_hal_pwr_ex.o
LOAD Drivers/STM32F4xx_HAL_Driver/Src/stm32f4xx_hal_rcc.o
LOAD Drivers/STM32F4xx_HAL_Driver/Src/stm32f4xx_hal_rcc_ex.o
LOAD Drivers/STM32F4xx_HAL_Driver/Src/stm32f4xx_hal_spi.o
LOAD Drivers/STM32F4xx_HAL_Driver/Src/stm32f4xx_hal_tim.o
LOAD Drivers/STM32F4xx_HAL_Driver/Src/stm32f4xx_hal_tim_ex.o
LOAD Drivers/STM32F4xx_HAL_Driver/Src/stm32f4xx_ll_usb.o
LOAD Middlewares/ST/STM32_USB_Host_Library/Class/CDC/Src/usbh_cdc.o
LOAD Middlewares/ST/STM32_USB_Host_Library/Core/Src/usbh_core.o
LOAD Middlewares/ST/STM32_USB_Host_Library/Core/Src/usbh_ctlreq.o
LOAD Middlewares/ST/STM32_USB_Host_Library/Core/Src/usbh_ioreq.o
LOAD Middlewares/ST/STM32_USB_Host_Library/Core/Src/usbh_pipes.o
LOAD USB_HOST/App/usb_host.o
LOAD USB_HOST/Target/usbh_conf.o
LOAD USB_HOST/Target/usbh_platform.o
LOAD startup/startup_stm32f407xx.o
LOAD d:/openstm/plugins/fr.ac6.mcu.externaltools.arm-none.win32_1.17.0.201812190825/tools/compiler/bin/../lib/gcc/arm-none-eabi/7.3.1/../../../../arm-none-eabi/lib/thumb/v7e-m/fpv4-sp/hard\libm.a
START GROUP
LOAD d:/openstm/plugins/fr.ac6.mcu.externaltools.arm-none.win32_1.17.0.201812190825/tools/compiler/bin/../lib/gcc/arm-none-eabi/7.3.1/thumb/v7e-m/fpv4-sp/hard\libgcc.a
LOAD d:/openstm/plugins/fr.ac6.mcu.externaltools.arm-none.win32_1.17.0.201812190825/tools/compiler/bin/../lib/gcc/arm-none-eabi/7.3.1/../../../../arm-none-eabi/lib/thumb/v7e-m/fpv4-sp/hard\libc_nano.a
END GROUP
START GROUP
LOAD d:/openstm/plugins/fr.ac6.mcu.externaltools.arm-none.win32_1.17.0.201812190825/tools/compiler/bin/../lib/gcc/arm-none-eabi/7.3.1/thumb/v7e-m/fpv4-sp/hard\libgcc.a
LOAD d:/openstm/plugins/fr.ac6.mcu.externaltools.arm-none.win32_1.17.0.201812190825/tools/compiler/bin/../lib/gcc/arm-none-eabi/7.3.1/../../../../arm-none-eabi/lib/thumb/v7e-m/fpv4-sp/hard\libc_nano.a
LOAD d:/openstm/plugins/fr.ac6.mcu.externaltools.arm-none.win32_1.17.0.201812190825/tools/compiler/bin/../lib/gcc/arm-none-eabi/7.3.1/../../../../arm-none-eabi/lib/thumb/v7e-m/fpv4-sp/hard\libnosys.a
END GROUP
START GROUP
LOAD d:/openstm/plugins/fr.ac6.mcu.externaltools.arm-none.win32_1.17.0.201812190825/tools/compiler/bin/../lib/gcc/arm-none-eabi/7.3.1/thumb/v7e-m/fpv4-sp/hard\libgcc.a
LOAD d:/openstm/plugins/fr.ac6.mcu.externaltools.arm-none.win32_1.17.0.201812190825/tools/compiler/bin/../lib/gcc/arm-none-eabi/7.3.1/../../../../arm-none-eabi/lib/thumb/v7e-m/fpv4-sp/hard\libc_nano.a
LOAD d:/openstm/plugins/fr.ac6.mcu.externaltools.arm-none.win32_1.17.0.201812190825/tools/compiler/bin/../lib/gcc/arm-none-eabi/7.3.1/../../../../arm-none-eabi/lib/thumb/v7e-m/fpv4-sp/hard\libnosys.a
END GROUP
LOAD d:/openstm/plugins/fr.ac6.mcu.externaltools.arm-none.win32_1.17.0.201812190825/tools/compiler/bin/../lib/gcc/arm-none-eabi/7.3.1/thumb/v7e-m/fpv4-sp/hard/crtend.o
LOAD d:/openstm/plugins/fr.ac6.mcu.externaltools.arm-none.win32_1.17.0.201812190825/tools/compiler/bin/../lib/gcc/arm-none-eabi/7.3.1/thumb/v7e-m/fpv4-sp/hard/crtn.o
                0x20020000                _estack = 0x20020000
                0x00000200                _Min_Heap_Size = 0x200
                0x00000400                _Min_Stack_Size = 0x400

.isr_vector     0x08000000      0x188
                0x08000000                . = ALIGN (0x4)
 *(.isr_vector)
 .isr_vector    0x08000000      0x188 startup/startup_stm32f407xx.o
                0x08000000                g_pfnVectors
                0x08000188                . = ALIGN (0x4)

.text           0x08000188     0x475c
                0x08000188                . = ALIGN (0x4)
 *(.text)
 .text          0x08000188       0x40 d:/openstm/plugins/fr.ac6.mcu.externaltools.arm-none.win32_1.17.0.201812190825/tools/compiler/bin/../lib/gcc/arm-none-eabi/7.3.1/thumb/v7e-m/fpv4-sp/hard/crtbegin.o
 .text          0x080001c8       0x30 d:/openstm/plugins/fr.ac6.mcu.externaltools.arm-none.win32_1.17.0.201812190825/tools/compiler/bin/../lib/gcc/arm-none-eabi/7.3.1/thumb/v7e-m/fpv4-sp/hard\libgcc.a(_aeabi_uldivmod.o)
                0x080001c8                __aeabi_uldivmod
 .text          0x080001f8      0x2cc d:/openstm/plugins/fr.ac6.mcu.externaltools.arm-none.win32_1.17.0.201812190825/tools/compiler/bin/../lib/gcc/arm-none-eabi/7.3.1/thumb/v7e-m/fpv4-sp/hard\libgcc.a(_udivmoddi4.o)
                0x080001f8                __udivmoddi4
 .text          0x080004c4        0x4 d:/openstm/plugins/fr.ac6.mcu.externaltools.arm-none.win32_1.17.0.201812190825/tools/compiler/bin/../lib/gcc/arm-none-eabi/7.3.1/thumb/v7e-m/fpv4-sp/hard\libgcc.a(_dvmd_tls.o)
                0x080004c4                __aeabi_idiv0
                0x080004c4                __aeabi_ldiv0
 *(.text*)
 .text.MX_GPIO_Init
                0x080004c8      0x188 Core/Src/main.o
 .text.Error_Handler
                0x08000650        0x4 Core/Src/main.o
                0x08000650                Error_Handler
 .text.MX_I2C1_Init
                0x08000654       0x38 Core/Src/main.o
 .text.MX_I2S3_Init
                0x0800068c       0x38 Core/Src/main.o
 .text.MX_SPI1_Init
                0x080006c4       0x40 Core/Src/main.o
 .text.SystemClock_Config
                0x08000704       0xac Core/Src/main.o
                0x08000704                SystemClock_Config
 .text.main     0x080007b0       0x6c Core/Src/main.o
                0x080007b0                main
 .text.HAL_MspInit
                0x0800081c       0x40 Core/Src/stm32f4xx_hal_msp.o
                0x0800081c                HAL_MspInit
 .text.HAL_I2C_MspInit
                0x0800085c       0x70 Core/Src/stm32f4xx_hal_msp.o
                0x0800085c                HAL_I2C_MspInit
 .text.HAL_I2S_MspInit
                0x080008cc       0xbc Core/Src/stm32f4xx_hal_msp.o
                0x080008cc                HAL_I2S_MspInit
 .text.HAL_SPI_MspInit
                0x08000988       0x6c Core/Src/stm32f4xx_hal_msp.o
                0x08000988                HAL_SPI_MspInit
 .text.NMI_Handler
                0x080009f4        0x2 Core/Src/stm32f4xx_it.o
                0x080009f4                NMI_Handler
 .text.HardFault_Handler
                0x080009f6        0x2 Core/Src/stm32f4xx_it.o
                0x080009f6                HardFault_Handler
 .text.MemManage_Handler
                0x080009f8        0x2 Core/Src/stm32f4xx_it.o
                0x080009f8                MemManage_Handler
 .text.BusFault_Handler
                0x080009fa        0x2 Core/Src/stm32f4xx_it.o
                0x080009fa                BusFault_Handler
 .text.UsageFault_Handler
                0x080009fc        0x2 Core/Src/stm32f4xx_it.o
                0x080009fc                UsageFault_Handler
 .text.SVC_Handler
                0x080009fe        0x2 Core/Src/stm32f4xx_it.o
                0x080009fe                SVC_Handler
 .text.DebugMon_Handler
                0x08000a00        0x2 Core/Src/stm32f4xx_it.o
                0x08000a00                DebugMon_Handler
 .text.PendSV_Handler
                0x08000a02        0x2 Core/Src/stm32f4xx_it.o
                0x08000a02                PendSV_Handler
 .text.SysTick_Handler
                0x08000a04        0x8 Core/Src/stm32f4xx_it.o
                0x08000a04                SysTick_Handler
 .text.OTG_FS_IRQHandler
                0x08000a0c       0x10 Core/Src/stm32f4xx_it.o
                0x08000a0c                OTG_FS_IRQHandler
 .text._sbrk    0x08000a1c       0x3c Core/Src/syscalls.o
                0x08000a1c                _sbrk
 .text.SystemInit
                0x08000a58       0x14 Core/Src/system_stm32f4xx.o
                0x08000a58                SystemInit
 .text.HAL_InitTick
                0x08000a6c       0x48 Drivers/STM32F4xx_HAL_Driver/Src/stm32f4xx_hal.o
                0x08000a6c                HAL_InitTick
 .text.HAL_Init
                0x08000ab4       0x34 Drivers/STM32F4xx_HAL_Driver/Src/stm32f4xx_hal.o
                0x08000ab4                HAL_Init
 .text.HAL_IncTick
                0x08000ae8       0x18 Drivers/STM32F4xx_HAL_Driver/Src/stm32f4xx_hal.o
                0x08000ae8                HAL_IncTick
 .text.HAL_GetTick
                0x08000b00        0xc Drivers/STM32F4xx_HAL_Driver/Src/stm32f4xx_hal.o
                0x08000b00                HAL_GetTick
 .text.HAL_Delay
                0x08000b0c       0x28 Drivers/STM32F4xx_HAL_Driver/Src/stm32f4xx_hal.o
                0x08000b0c                HAL_Delay
 .text.HAL_NVIC_SetPriorityGrouping
                0x08000b34       0x24 Drivers/STM32F4xx_HAL_Driver/Src/stm32f4xx_hal_cortex.o
                0x08000b34                HAL_NVIC_SetPriorityGrouping
 .text.HAL_NVIC_SetPriority
                0x08000b58       0x68 Drivers/STM32F4xx_HAL_Driver/Src/stm32f4xx_hal_cortex.o
                0x08000b58                HAL_NVIC_SetPriority
 .text.HAL_NVIC_EnableIRQ
                0x08000bc0       0x1c Drivers/STM32F4xx_HAL_Driver/Src/stm32f4xx_hal_cortex.o
                0x08000bc0                HAL_NVIC_EnableIRQ
 .text.HAL_SYSTICK_Config
                0x08000bdc       0x2c Drivers/STM32F4xx_HAL_Driver/Src/stm32f4xx_hal_cortex.o
                0x08000bdc                HAL_SYSTICK_Config
 .text.HAL_GPIO_Init
                0x08000c08      0x1d4 Drivers/STM32F4xx_HAL_Driver/Src/stm32f4xx_hal_gpio.o
                0x08000c08                HAL_GPIO_Init
 .text.HAL_GPIO_WritePin
                0x08000ddc        0xc Drivers/STM32F4xx_HAL_Driver/Src/stm32f4xx_hal_gpio.o
                0x08000ddc                HAL_GPIO_WritePin
 .text.HAL_GPIO_TogglePin
                0x08000de8       0x12 Drivers/STM32F4xx_HAL_Driver/Src/stm32f4xx_hal_gpio.o
                0x08000de8                HAL_GPIO_TogglePin
 .text.HCD_RXQLVL_IRQHandler
                0x08000dfa       0x98 Drivers/STM32F4xx_HAL_Driver/Src/stm32f4xx_hal_hcd.o
 .text.HAL_HCD_HC_Init
                0x08000e92       0x8e Drivers/STM32F4xx_HAL_Driver/Src/stm32f4xx_hal_hcd.o
                0x08000e92                HAL_HCD_HC_Init
 .text.HAL_HCD_HC_Halt
                0x08000f20       0x24 Drivers/STM32F4xx_HAL_Driver/Src/stm32f4xx_hal_hcd.o
                0x08000f20                HAL_HCD_HC_Halt
 .text.HAL_HCD_Init
                0x08000f44       0x94 Drivers/STM32F4xx_HAL_Driver/Src/stm32f4xx_hal_hcd.o
                0x08000f44                HAL_HCD_Init
 .text.HAL_HCD_HC_SubmitRequest
                0x08000fd8      0x160 Drivers/STM32F4xx_HAL_Driver/Src/stm32f4xx_hal_hcd.o
                0x08000fd8                HAL_HCD_HC_SubmitRequest
 .text.HCD_Port_IRQHandler
                0x08001138       0xb0 Drivers/STM32F4xx_HAL_Driver/Src/stm32f4xx_hal_hcd.o
 .text.HCD_HC_IN_IRQHandler
                0x080011e8      0x324 Drivers/STM32F4xx_HAL_Driver/Src/stm32f4xx_hal_hcd.o
 .text.HCD_HC_OUT_IRQHandler
                0x0800150c      0x30e Drivers/STM32F4xx_HAL_Driver/Src/stm32f4xx_hal_hcd.o
 .text.HAL_HCD_IRQHandler
                0x0800181a      0x156 Drivers/STM32F4xx_HAL_Driver/Src/stm32f4xx_hal_hcd.o
                0x0800181a                HAL_HCD_IRQHandler
 .text.HAL_HCD_Start
                0x08001970       0x2a Drivers/STM32F4xx_HAL_Driver/Src/stm32f4xx_hal_hcd.o
                0x08001970                HAL_HCD_Start
 .text.HAL_HCD_Stop
                0x0800199a       0x24 Drivers/STM32F4xx_HAL_Driver/Src/stm32f4xx_hal_hcd.o
                0x0800199a                HAL_HCD_Stop
 .text.HAL_HCD_ResetPort
                0x080019be        0xa Drivers/STM32F4xx_HAL_Driver/Src/stm32f4xx_hal_hcd.o
                0x080019be                HAL_HCD_ResetPort
 .text.HAL_HCD_HC_GetURBState
                0x080019c8        0xc Drivers/STM32F4xx_HAL_Driver/Src/stm32f4xx_hal_hcd.o
                0x080019c8                HAL_HCD_HC_GetURBState
 .text.HAL_HCD_HC_GetXferCount
                0x080019d4        0xa Drivers/STM32F4xx_HAL_Driver/Src/stm32f4xx_hal_hcd.o
                0x080019d4                HAL_HCD_HC_GetXferCount
 .text.HAL_HCD_GetCurrentFrame
                0x080019de        0xa Drivers/STM32F4xx_HAL_Driver/Src/stm32f4xx_hal_hcd.o
                0x080019de                HAL_HCD_GetCurrentFrame
 .text.HAL_HCD_GetCurrentSpeed
                0x080019e8        0xa Drivers/STM32F4xx_HAL_Driver/Src/stm32f4xx_hal_hcd.o
                0x080019e8                HAL_HCD_GetCurrentSpeed
 *fill*         0x080019f2        0x2 
 .text.HAL_I2C_Init
                0x080019f4      0x1b4 Drivers/STM32F4xx_HAL_Driver/Src/stm32f4xx_hal_i2c.o
                0x080019f4                HAL_I2C_Init
 .text.HAL_I2S_Init
                0x08001ba8      0x198 Drivers/STM32F4xx_HAL_Driver/Src/stm32f4xx_hal_i2s.o
                0x08001ba8                HAL_I2S_Init
 .text.HAL_I2S_TxCpltCallback
                0x08001d40        0x2 Drivers/STM32F4xx_HAL_Driver/Src/stm32f4xx_hal_i2s.o
                0x08001d40                HAL_I2S_TxCpltCallback
 .text.I2S_Transmit_IT
                0x08001d42       0x36 Drivers/STM32F4xx_HAL_Driver/Src/stm32f4xx_hal_i2s.o
 .text.HAL_I2S_RxCpltCallback
                0x08001d78        0x2 Drivers/STM32F4xx_HAL_Driver/Src/stm32f4xx_hal_i2s.o
                0x08001d78                HAL_I2S_RxCpltCallback
 .text.I2S_Receive_IT
                0x08001d7a       0x36 Drivers/STM32F4xx_HAL_Driver/Src/stm32f4xx_hal_i2s.o
 .text.HAL_I2S_ErrorCallback
                0x08001db0        0x2 Drivers/STM32F4xx_HAL_Driver/Src/stm32f4xx_hal_i2s.o
                0x08001db0                HAL_I2S_ErrorCallback
 .text.I2S_IRQHandler
                0x08001db2       0xd0 Drivers/STM32F4xx_HAL_Driver/Src/stm32f4xx_hal_i2s.o
 .text.HAL_I2SEx_TxRxCpltCallback
                0x08001e82        0x2 Drivers/STM32F4xx_HAL_Driver/Src/stm32f4xx_hal_i2s_ex.o
                0x08001e82                HAL_I2SEx_TxRxCpltCallback
 .text.I2SEx_TxISR_I2S
                0x08001e84       0x3a Drivers/STM32F4xx_HAL_Driver/Src/stm32f4xx_hal_i2s_ex.o
 *fill*         0x08001ebe        0x2 
 .text.I2SEx_RxISR_I2SExt
                0x08001ec0       0x60 Drivers/STM32F4xx_HAL_Driver/Src/stm32f4xx_hal_i2s_ex.o
 .text.I2SEx_TxISR_I2SExt
                0x08001f20       0x60 Drivers/STM32F4xx_HAL_Driver/Src/stm32f4xx_hal_i2s_ex.o
 .text.I2SEx_RxISR_I2S
                0x08001f80       0x3a Drivers/STM32F4xx_HAL_Driver/Src/stm32f4xx_hal_i2s_ex.o
 *fill*         0x08001fba        0x2 
 .text.HAL_I2SEx_FullDuplex_IRQHandler
                0x08001fbc      0x1d8 Drivers/STM32F4xx_HAL_Driver/Src/stm32f4xx_hal_i2s_ex.o
                0x08001fbc                HAL_I2SEx_FullDuplex_IRQHandler
 .text.HAL_RCC_OscConfig
                0x08002194      0x3f8 Drivers/STM32F4xx_HAL_Driver/Src/stm32f4xx_hal_rcc.o
                0x08002194                HAL_RCC_OscConfig
 .text.HAL_RCC_GetSysClockFreq
                0x0800258c       0xd8 Drivers/STM32F4xx_HAL_Driver/Src/stm32f4xx_hal_rcc.o
                0x0800258c                HAL_RCC_GetSysClockFreq
 .text.HAL_RCC_ClockConfig
                0x08002664      0x160 Drivers/STM32F4xx_HAL_Driver/Src/stm32f4xx_hal_rcc.o
                0x08002664                HAL_RCC_ClockConfig
 .text.HAL_RCC_GetHCLKFreq
                0x080027c4        0xc Drivers/STM32F4xx_HAL_Driver/Src/stm32f4xx_hal_rcc.o
                0x080027c4                HAL_RCC_GetHCLKFreq
 .text.HAL_RCC_GetPCLK1Freq
                0x080027d0       0x20 Drivers/STM32F4xx_HAL_Driver/Src/stm32f4xx_hal_rcc.o
                0x080027d0                HAL_RCC_GetPCLK1Freq
 .text.HAL_RCCEx_PeriphCLKConfig
                0x080027f0      0x154 Drivers/STM32F4xx_HAL_Driver/Src/stm32f4xx_hal_rcc_ex.o
                0x080027f0                HAL_RCCEx_PeriphCLKConfig
 .text.HAL_RCCEx_GetPeriphCLKFreq
                0x08002944       0x74 Drivers/STM32F4xx_HAL_Driver/Src/stm32f4xx_hal_rcc_ex.o
                0x08002944                HAL_RCCEx_GetPeriphCLKFreq
 .text.HAL_SPI_Init
                0x080029b8       0xbe Drivers/STM32F4xx_HAL_Driver/Src/stm32f4xx_hal_spi.o
                0x080029b8                HAL_SPI_Init
 *fill*         0x08002a76        0x2 
 .text.USB_CoreReset
                0x08002a78       0x4c Drivers/STM32F4xx_HAL_Driver/Src/stm32f4xx_ll_usb.o
 .text.USB_CoreInit
                0x08002ac4       0x8a Drivers/STM32F4xx_HAL_Driver/Src/stm32f4xx_ll_usb.o
                0x08002ac4                USB_CoreInit
 .text.USB_EnableGlobalInt
                0x08002b4e        0xc Drivers/STM32F4xx_HAL_Driver/Src/stm32f4xx_ll_usb.o
                0x08002b4e                USB_EnableGlobalInt
 .text.USB_DisableGlobalInt
                0x08002b5a        0xc Drivers/STM32F4xx_HAL_Driver/Src/stm32f4xx_ll_usb.o
                0x08002b5a                USB_DisableGlobalInt
 *fill*         0x08002b66        0x2 
 .text.USB_FlushTxFifo
                0x08002b68       0x30 Drivers/STM32F4xx_HAL_Driver/Src/stm32f4xx_ll_usb.o
                0x08002b68                USB_FlushTxFifo
 .text.USB_FlushRxFifo
                0x08002b98       0x2c Drivers/STM32F4xx_HAL_Driver/Src/stm32f4xx_ll_usb.o
                0x08002b98                USB_FlushRxFifo
 .text.USB_WritePacket
                0x08002bc4       0x28 Drivers/STM32F4xx_HAL_Driver/Src/stm32f4xx_ll_usb.o
                0x08002bc4                USB_WritePacket
 .text.USB_ReadPacket
                0x08002bec       0x4e Drivers/STM32F4xx_HAL_Driver/Src/stm32f4xx_ll_usb.o
                0x08002bec                USB_ReadPacket
 .text.USB_ReadInterrupts
                0x08002c3a        0x8 Drivers/STM32F4xx_HAL_Driver/Src/stm32f4xx_ll_usb.o
                0x08002c3a                USB_ReadInterrupts
 .text.USB_GetMode
                0x08002c42        0x8 Drivers/STM32F4xx_HAL_Driver/Src/stm32f4xx_ll_usb.o
                0x08002c42                USB_GetMode
 .text.USB_SetCurrentMode
                0x08002c4a       0x62 Drivers/STM32F4xx_HAL_Driver/Src/stm32f4xx_ll_usb.o
                0x08002c4a                USB_SetCurrentMode
 .text.USB_HostInit
                0x08002cac       0xf0 Drivers/STM32F4xx_HAL_Driver/Src/stm32f4xx_ll_usb.o
                0x08002cac                USB_HostInit
 .text.USB_InitFSLSPClkSel
                0x08002d9c       0x40 Drivers/STM32F4xx_HAL_Driver/Src/stm32f4xx_ll_usb.o
                0x08002d9c                USB_InitFSLSPClkSel
 .text.USB_ResetPort
                0x08002ddc       0x3e Drivers/STM32F4xx_HAL_Driver/Src/stm32f4xx_ll_usb.o
                0x08002ddc                USB_ResetPort
 .text.USB_DriveVbus
                0x08002e1a       0x46 Drivers/STM32F4xx_HAL_Driver/Src/stm32f4xx_ll_usb.o
                0x08002e1a                USB_DriveVbus
 .text.USB_GetHostSpeed
                0x08002e60       0x16 Drivers/STM32F4xx_HAL_Driver/Src/stm32f4xx_ll_usb.o
                0x08002e60                USB_GetHostSpeed
 .text.USB_GetCurrentFrame
                0x08002e76        0xa Drivers/STM32F4xx_HAL_Driver/Src/stm32f4xx_ll_usb.o
                0x08002e76                USB_GetCurrentFrame
 .text.USB_HC_Init
                0x08002e80      0x11e Drivers/STM32F4xx_HAL_Driver/Src/stm32f4xx_ll_usb.o
                0x08002e80                USB_HC_Init
 .text.USB_HC_ReadInterrupt
                0x08002f9e        0xa Drivers/STM32F4xx_HAL_Driver/Src/stm32f4xx_ll_usb.o
                0x08002f9e                USB_HC_ReadInterrupt
 .text.USB_HC_Halt
                0x08002fa8       0xe8 Drivers/STM32F4xx_HAL_Driver/Src/stm32f4xx_ll_usb.o
                0x08002fa8                USB_HC_Halt
 .text.USB_DoPing
                0x08003090       0x24 Drivers/STM32F4xx_HAL_Driver/Src/stm32f4xx_ll_usb.o
                0x08003090                USB_DoPing
 .text.USB_HC_StartXfer
                0x080030b4      0x15c Drivers/STM32F4xx_HAL_Driver/Src/stm32f4xx_ll_usb.o
                0x080030b4                USB_HC_StartXfer
 .text.USB_StopHost
                0x08003210       0x7e Drivers/STM32F4xx_HAL_Driver/Src/stm32f4xx_ll_usb.o
                0x08003210                USB_StopHost
 .text.USBH_CDC_SOFProcess
                0x0800328e        0x4 Middlewares/ST/STM32_USB_Host_Library/Class/CDC/Src/usbh_cdc.o
 .text.SetLineCoding
                0x08003292       0x1a Middlewares/ST/STM32_USB_Host_Library/Class/CDC/Src/usbh_cdc.o
 .text.GetLineCoding
                0x080032ac       0x1a Middlewares/ST/STM32_USB_Host_Library/Class/CDC/Src/usbh_cdc.o
 .text.USBH_CDC_ClassRequest
                0x080032c6       0x22 Middlewares/ST/STM32_USB_Host_Library/Class/CDC/Src/usbh_cdc.o
 .text.USBH_CDC_InterfaceDeInit
                0x080032e8       0x68 Middlewares/ST/STM32_USB_Host_Library/Class/CDC/Src/usbh_cdc.o
 .text.USBH_CDC_InterfaceInit
                0x08003350      0x17e Middlewares/ST/STM32_USB_Host_Library/Class/CDC/Src/usbh_cdc.o
 .text.USBH_CDC_TransmitCallback
                0x080034ce        0x2 Middlewares/ST/STM32_USB_Host_Library/Class/CDC/Src/usbh_cdc.o
                0x080034ce                USBH_CDC_TransmitCallback
 .text.CDC_ProcessTransmission
                0x080034d0       0x94 Middlewares/ST/STM32_USB_Host_Library/Class/CDC/Src/usbh_cdc.o
 .text.USBH_CDC_ReceiveCallback
                0x08003564        0x2 Middlewares/ST/STM32_USB_Host_Library/Class/CDC/Src/usbh_cdc.o
                0x08003564                USBH_CDC_ReceiveCallback
 .text.CDC_ProcessReception
                0x08003566       0x68 Middlewares/ST/STM32_USB_Host_Library/Class/CDC/Src/usbh_cdc.o
 .text.USBH_CDC_LineCodingChanged
                0x080035ce        0x2 Middlewares/ST/STM32_USB_Host_Library/Class/CDC/Src/usbh_cdc.o
                0x080035ce                USBH_CDC_LineCodingChanged
 .text.USBH_CDC_Process
                0x080035d0       0xb8 Middlewares/ST/STM32_USB_Host_Library/Class/CDC/Src/usbh_cdc.o
 .text.DeInitStateMachine
                0x08003688       0x54 Middlewares/ST/STM32_USB_Host_Library/Core/Src/usbh_core.o
 .text.USBH_HandleSof
                0x080036dc       0x1a Middlewares/ST/STM32_USB_Host_Library/Core/Src/usbh_core.o
 .text.USBH_HandleEnum
                0x080036f6      0x276 Middlewares/ST/STM32_USB_Host_Library/Core/Src/usbh_core.o
 .text.USBH_Init
                0x0800396c       0x3e Middlewares/ST/STM32_USB_Host_Library/Core/Src/usbh_core.o
                0x0800396c                USBH_Init
 .text.USBH_RegisterClass
                0x080039aa       0x22 Middlewares/ST/STM32_USB_Host_Library/Core/Src/usbh_core.o
                0x080039aa                USBH_RegisterClass
 .text.USBH_SelectInterface
                0x080039cc       0x14 Middlewares/ST/STM32_USB_Host_Library/Core/Src/usbh_core.o
                0x080039cc                USBH_SelectInterface
 .text.USBH_FindInterface
                0x080039e0       0x50 Middlewares/ST/STM32_USB_Host_Library/Core/Src/usbh_core.o
                0x080039e0                USBH_FindInterface
 .text.USBH_Start
                0x08003a30       0x14 Middlewares/ST/STM32_USB_Host_Library/Core/Src/usbh_core.o
                0x08003a30                USBH_Start
 .text.USBH_Process
                0x08003a44      0x27e Middlewares/ST/STM32_USB_Host_Library/Core/Src/usbh_core.o
                0x08003a44                USBH_Process
 .text.USBH_LL_SetTimer
                0x08003cc2        0x6 Middlewares/ST/STM32_USB_Host_Library/Core/Src/usbh_core.o
                0x08003cc2                USBH_LL_SetTimer
 .text.USBH_LL_IncTimer
                0x08003cc8       0x12 Middlewares/ST/STM32_USB_Host_Library/Core/Src/usbh_core.o
                0x08003cc8                USBH_LL_IncTimer
 .text.USBH_LL_PortEnabled
                0x08003cda        0x8 Middlewares/ST/STM32_USB_Host_Library/Core/Src/usbh_core.o
                0x08003cda                USBH_LL_PortEnabled
 .text.USBH_LL_PortDisabled
                0x08003ce2        0x8 Middlewares/ST/STM32_USB_Host_Library/Core/Src/usbh_core.o
                0x08003ce2                USBH_LL_PortDisabled
 .text.USBH_LL_Connect
                0x08003cea       0x14 Middlewares/ST/STM32_USB_Host_Library/Core/Src/usbh_core.o
                0x08003cea                USBH_LL_Connect
 .text.USBH_LL_Disconnect
                0x08003cfe       0x2c Middlewares/ST/STM32_USB_Host_Library/Core/Src/usbh_core.o
                0x08003cfe                USBH_LL_Disconnect
 .text.USBH_ParseDevDesc
                0x08003d2a       0x5c Middlewares/ST/STM32_USB_Host_Library/Core/Src/usbh_ctlreq.o
 .text.USBH_ParseInterfaceDesc
                0x08003d86       0x26 Middlewares/ST/STM32_USB_Host_Library/Core/Src/usbh_ctlreq.o
 .text.USBH_ParseEPDesc
                0x08003dac       0x20 Middlewares/ST/STM32_USB_Host_Library/Core/Src/usbh_ctlreq.o
 .text.USBH_ParseStringDesc
                0x08003dcc       0x3c Middlewares/ST/STM32_USB_Host_Library/Core/Src/usbh_ctlreq.o
 .text.USBH_HandleControl
                0x08003e08      0x1de Middlewares/ST/STM32_USB_Host_Library/Core/Src/usbh_ctlreq.o
 .text.USBH_GetNextDesc
                0x08003fe6        0xe Middlewares/ST/STM32_USB_Host_Library/Core/Src/usbh_ctlreq.o
                0x08003fe6                USBH_GetNextDesc
 .text.USBH_ParseCfgDesc
                0x08003ff4       0xc2 Middlewares/ST/STM32_USB_Host_Library/Core/Src/usbh_ctlreq.o
 .text.USBH_CtlReq
                0x080040b6       0x44 Middlewares/ST/STM32_USB_Host_Library/Core/Src/usbh_ctlreq.o
                0x080040b6                USBH_CtlReq
 .text.USBH_GetDescriptor
                0x080040fa       0x3c Middlewares/ST/STM32_USB_Host_Library/Core/Src/usbh_ctlreq.o
                0x080040fa                USBH_GetDescriptor
 .text.USBH_Get_DevDesc
                0x08004136       0x32 Middlewares/ST/STM32_USB_Host_Library/Core/Src/usbh_ctlreq.o
                0x08004136                USBH_Get_DevDesc
 .text.USBH_Get_CfgDesc
                0x08004168       0x32 Middlewares/ST/STM32_USB_Host_Library/Core/Src/usbh_ctlreq.o
                0x08004168                USBH_Get_CfgDesc
 .text.USBH_Get_StringDesc
                0x0800419a       0x30 Middlewares/ST/STM32_USB_Host_Library/Core/Src/usbh_ctlreq.o
                0x0800419a                USBH_Get_StringDesc
 .text.USBH_SetAddress
                0x080041ca       0x22 Middlewares/ST/STM32_USB_Host_Library/Core/Src/usbh_ctlreq.o
                0x080041ca                USBH_SetAddress
 .text.USBH_SetCfg
                0x080041ec       0x22 Middlewares/ST/STM32_USB_Host_Library/Core/Src/usbh_ctlreq.o
                0x080041ec                USBH_SetCfg
 .text.USBH_SetFeature
                0x0800420e       0x22 Middlewares/ST/STM32_USB_Host_Library/Core/Src/usbh_ctlreq.o
                0x0800420e                USBH_SetFeature
 .text.USBH_ClrFeature
                0x08004230       0x24 Middlewares/ST/STM32_USB_Host_Library/Core/Src/usbh_ctlreq.o
                0x08004230                USBH_ClrFeature
 .text.USBH_CtlSendSetup
                0x08004254       0x22 Middlewares/ST/STM32_USB_Host_Library/Core/Src/usbh_ioreq.o
                0x08004254                USBH_CtlSendSetup
 .text.USBH_CtlSendData
                0x08004276       0x2c Middlewares/ST/STM32_USB_Host_Library/Core/Src/usbh_ioreq.o
                0x08004276                USBH_CtlSendData
 .text.USBH_CtlReceiveData
                0x080042a2       0x20 Middlewares/ST/STM32_USB_Host_Library/Core/Src/usbh_ioreq.o
                0x080042a2                USBH_CtlReceiveData
 .text.USBH_BulkSendData
                0x080042c2       0x2c Middlewares/ST/STM32_USB_Host_Library/Core/Src/usbh_ioreq.o
                0x080042c2                USBH_BulkSendData
 .text.USBH_BulkReceiveData
                0x080042ee       0x20 Middlewares/ST/STM32_USB_Host_Library/Core/Src/usbh_ioreq.o
                0x080042ee                USBH_BulkReceiveData
 .text.USBH_GetFreePipe
                0x0800430e       0x26 Middlewares/ST/STM32_USB_Host_Library/Core/Src/usbh_pipes.o
 .text.USBH_OpenPipe
                0x08004334       0x20 Middlewares/ST/STM32_USB_Host_Library/Core/Src/usbh_pipes.o
                0x08004334                USBH_OpenPipe
 .text.USBH_ClosePipe
                0x08004354        0xa Middlewares/ST/STM32_USB_Host_Library/Core/Src/usbh_pipes.o
                0x08004354                USBH_ClosePipe
 .text.USBH_AllocPipe
                0x0800435e       0x26 Middlewares/ST/STM32_USB_Host_Library/Core/Src/usbh_pipes.o
                0x0800435e                USBH_AllocPipe
 .text.USBH_FreePipe
                0x08004384       0x16 Middlewares/ST/STM32_USB_Host_Library/Core/Src/usbh_pipes.o
                0x08004384                USBH_FreePipe
 *fill*         0x0800439a        0x2 
 .text.USBH_UserProcess
                0x0800439c       0x2c USB_HOST/App/usb_host.o
 .text.MX_USB_HOST_Init
                0x080043c8       0x40 USB_HOST/App/usb_host.o
                0x080043c8                MX_USB_HOST_Init
 .text.MX_USB_HOST_Process
                0x08004408       0x10 USB_HOST/App/usb_host.o
                0x08004408                MX_USB_HOST_Process
 .text.HAL_HCD_MspInit
                0x08004418       0x98 USB_HOST/Target/usbh_conf.o
                0x08004418                HAL_HCD_MspInit
 .text.HAL_HCD_SOF_Callback
                0x080044b0        0xc USB_HOST/Target/usbh_conf.o
                0x080044b0                HAL_HCD_SOF_Callback
 .text.HAL_HCD_Connect_Callback
                0x080044bc        0xc USB_HOST/Target/usbh_conf.o
                0x080044bc                HAL_HCD_Connect_Callback
 .text.HAL_HCD_Disconnect_Callback
                0x080044c8        0xc USB_HOST/Target/usbh_conf.o
                0x080044c8                HAL_HCD_Disconnect_Callback
 .text.HAL_HCD_HC_NotifyURBChange_Callback
                0x080044d4        0x2 USB_HOST/Target/usbh_conf.o
                0x080044d4                HAL_HCD_HC_NotifyURBChange_Callback
 .text.HAL_HCD_PortEnabled_Callback
                0x080044d6        0xc USB_HOST/Target/usbh_conf.o
                0x080044d6                HAL_HCD_PortEnabled_Callback
 .text.HAL_HCD_PortDisabled_Callback
                0x080044e2        0xc USB_HOST/Target/usbh_conf.o
                0x080044e2                HAL_HCD_PortDisabled_Callback
 *fill*         0x080044ee        0x2 
 .text.USBH_LL_Init
                0x080044f0       0x54 USB_HOST/Target/usbh_conf.o
                0x080044f0                USBH_LL_Init
 .text.USBH_LL_GetSpeed
                0x08004544       0x1c USB_HOST/Target/usbh_conf.o
                0x08004544                USBH_LL_GetSpeed
 .text.USBH_LL_GetLastXferSize
                0x08004560        0xc USB_HOST/Target/usbh_conf.o
                0x08004560                USBH_LL_GetLastXferSize
 .text.USBH_LL_GetURBState
                0x0800456c        0xc USB_HOST/Target/usbh_conf.o
                0x0800456c                USBH_LL_GetURBState
 .text.USBH_LL_DriverVBUS
                0x08004578       0x1c USB_HOST/Target/usbh_conf.o
                0x08004578                USBH_LL_DriverVBUS
 .text.USBH_LL_SetToggle
                0x08004594       0x2a USB_HOST/Target/usbh_conf.o
                0x08004594                USBH_LL_SetToggle
 .text.USBH_Delay
                0x080045be        0x8 USB_HOST/Target/usbh_conf.o
                0x080045be                USBH_Delay
 .text.USBH_Get_USB_Status
                0x080045c6       0x12 USB_HOST/Target/usbh_conf.o
                0x080045c6                USBH_Get_USB_Status
 .text.USBH_LL_Start
                0x080045d8       0x10 USB_HOST/Target/usbh_conf.o
                0x080045d8                USBH_LL_Start
 .text.USBH_LL_Stop
                0x080045e8       0x10 USB_HOST/Target/usbh_conf.o
                0x080045e8                USBH_LL_Stop
 .text.USBH_LL_ResetPort
                0x080045f8       0x10 USB_HOST/Target/usbh_conf.o
                0x080045f8                USBH_LL_ResetPort
 .text.USBH_LL_OpenPipe
                0x08004608       0x26 USB_HOST/Target/usbh_conf.o
                0x08004608                USBH_LL_OpenPipe
 .text.USBH_LL_ClosePipe
                0x0800462e       0x10 USB_HOST/Target/usbh_conf.o
                0x0800462e                USBH_LL_ClosePipe
 .text.USBH_LL_SubmitURB
                0x0800463e       0x2a USB_HOST/Target/usbh_conf.o
                0x0800463e                USBH_LL_SubmitURB
 .text.MX_DriverVbusFS
                0x08004668       0x18 USB_HOST/Target/usbh_platform.o
                0x08004668                MX_DriverVbusFS
 .text.Reset_Handler
                0x08004680       0x50 startup/startup_stm32f407xx.o
                0x08004680                Reset_Handler
 .text.Default_Handler
                0x080046d0        0x2 startup/startup_stm32f407xx.o
                0x080046d0                RTC_Alarm_IRQHandler
                0x080046d0                HASH_RNG_IRQHandler
                0x080046d0                EXTI2_IRQHandler
                0x080046d0                TIM8_CC_IRQHandler
                0x080046d0                TIM1_CC_IRQHandler
                0x080046d0                DMA2_Stream5_IRQHandler
                0x080046d0                DMA1_Stream5_IRQHandler
                0x080046d0                PVD_IRQHandler
                0x080046d0                SDIO_IRQHandler
                0x080046d0                TAMP_STAMP_IRQHandler
                0x080046d0                CAN2_RX1_IRQHandler
                0x080046d0                EXTI3_IRQHandler
                0x080046d0                TIM8_TRG_COM_TIM14_IRQHandler
                0x080046d0                TIM1_UP_TIM10_IRQHandler
                0x080046d0                TIM8_UP_TIM13_IRQHandler
                0x080046d0                I2C3_ER_IRQHandler
                0x080046d0                EXTI0_IRQHandler
                0x080046d0                I2C2_EV_IRQHandler
                0x080046d0                DMA1_Stream2_IRQHandler
                0x080046d0                CAN1_RX0_IRQHandler
                0x080046d0                FPU_IRQHandler
                0x080046d0                OTG_HS_WKUP_IRQHandler
                0x080046d0                CAN2_SCE_IRQHandler
                0x080046d0                DMA2_Stream2_IRQHandler
                0x080046d0                SPI1_IRQHandler
                0x080046d0                TIM6_DAC_IRQHandler
                0x080046d0                TIM1_BRK_TIM9_IRQHandler
                0x080046d0                DCMI_IRQHandler
                0x080046d0                CAN2_RX0_IRQHandler
                0x080046d0                DMA2_Stream3_IRQHandler
                0x080046d0                USART6_IRQHandler
                0x080046d0                USART3_IRQHandler
                0x080046d0                CAN1_RX1_IRQHandler
                0x080046d0                UART5_IRQHandler
                0x080046d0                DMA2_Stream0_IRQHandler
                0x080046d0                TIM4_IRQHandler
                0x080046d0                I2C1_EV_IRQHandler
                0x080046d0                DMA1_Stream6_IRQHandler
                0x080046d0                DMA1_Stream1_IRQHandler
                0x080046d0                UART4_IRQHandler
                0x080046d0                TIM3_IRQHandler
                0x080046d0                RCC_IRQHandler
                0x080046d0                TIM8_BRK_TIM12_IRQHandler
                0x080046d0                Default_Handler
                0x080046d0                EXTI15_10_IRQHandler
                0x080046d0                ADC_IRQHandler
                0x080046d0                DMA1_Stream7_IRQHandler
                0x080046d0                TIM7_IRQHandler
                0x080046d0                CAN2_TX_IRQHandler
                0x080046d0                TIM5_IRQHandler
                0x080046d0                DMA2_Stream7_IRQHandler
                0x080046d0                I2C3_EV_IRQHandler
                0x080046d0                EXTI9_5_IRQHandler
                0x080046d0                RTC_WKUP_IRQHandler
                0x080046d0                ETH_WKUP_IRQHandler
                0x080046d0                SPI2_IRQHandler
                0x080046d0                OTG_HS_EP1_IN_IRQHandler
                0x080046d0                DMA1_Stream0_IRQHandler
                0x080046d0                CAN1_TX_IRQHandler
                0x080046d0                EXTI4_IRQHandler
                0x080046d0                FSMC_IRQHandler
                0x080046d0                ETH_IRQHandler
                0x080046d0                OTG_HS_EP1_OUT_IRQHandler
                0x080046d0                WWDG_IRQHandler
                0x080046d0                TIM2_IRQHandler
                0x080046d0                OTG_FS_WKUP_IRQHandler
                0x080046d0                TIM1_TRG_COM_TIM11_IRQHandler
                0x080046d0                OTG_HS_IRQHandler
                0x080046d0                EXTI1_IRQHandler
                0x080046d0                USART2_IRQHandler
                0x080046d0                I2C2_ER_IRQHandler
                0x080046d0                DMA2_Stream1_IRQHandler
                0x080046d0                CAN1_SCE_IRQHandler
                0x080046d0                FLASH_IRQHandler
                0x080046d0                DMA2_Stream4_IRQHandler
                0x080046d0                USART1_IRQHandler
                0x080046d0                SPI3_IRQHandler
                0x080046d0                DMA1_Stream4_IRQHandler
                0x080046d0                I2C1_ER_IRQHandler
                0x080046d0                DMA2_Stream6_IRQHandler
                0x080046d0                DMA1_Stream3_IRQHandler
 *fill*         0x080046d2        0x2 
 .text.__errno  0x080046d4        0xc d:/openstm/plugins/fr.ac6.mcu.externaltools.arm-none.win32_1.17.0.201812190825/tools/compiler/bin/../lib/gcc/arm-none-eabi/7.3.1/../../../../arm-none-eabi/lib/thumb/v7e-m/fpv4-sp/hard\libc_nano.a(lib_a-errno.o)
                0x080046d4                __errno
 .text.__libc_init_array
                0x080046e0       0x48 d:/openstm/plugins/fr.ac6.mcu.externaltools.arm-none.win32_1.17.0.201812190825/tools/compiler/bin/../lib/gcc/arm-none-eabi/7.3.1/../../../../arm-none-eabi/lib/thumb/v7e-m/fpv4-sp/hard\libc_nano.a(lib_a-init.o)
                0x080046e0                __libc_init_array
 .text.malloc   0x08004728       0x10 d:/openstm/plugins/fr.ac6.mcu.externaltools.arm-none.win32_1.17.0.201812190825/tools/compiler/bin/../lib/gcc/arm-none-eabi/7.3.1/../../../../arm-none-eabi/lib/thumb/v7e-m/fpv4-sp/hard\libc_nano.a(lib_a-malloc.o)
                0x08004728                malloc
 .text.free     0x08004738       0x10 d:/openstm/plugins/fr.ac6.mcu.externaltools.arm-none.win32_1.17.0.201812190825/tools/compiler/bin/../lib/gcc/arm-none-eabi/7.3.1/../../../../arm-none-eabi/lib/thumb/v7e-m/fpv4-sp/hard\libc_nano.a(lib_a-malloc.o)
                0x08004738                free
 .text.memset   0x08004748       0x10 d:/openstm/plugins/fr.ac6.mcu.externaltools.arm-none.win32_1.17.0.201812190825/tools/compiler/bin/../lib/gcc/arm-none-eabi/7.3.1/../../../../arm-none-eabi/lib/thumb/v7e-m/fpv4-sp/hard\libc_nano.a(lib_a-memset.o)
                0x08004748                memset
 .text._free_r  0x08004758       0x9c d:/openstm/plugins/fr.ac6.mcu.externaltools.arm-none.win32_1.17.0.201812190825/tools/compiler/bin/../lib/gcc/arm-none-eabi/7.3.1/../../../../arm-none-eabi/lib/thumb/v7e-m/fpv4-sp/hard\libc_nano.a(lib_a-nano-freer.o)
                0x08004758                _free_r
 .text._malloc_r
                0x080047f4       0xb4 d:/openstm/plugins/fr.ac6.mcu.externaltools.arm-none.win32_1.17.0.201812190825/tools/compiler/bin/../lib/gcc/arm-none-eabi/7.3.1/../../../../arm-none-eabi/lib/thumb/v7e-m/fpv4-sp/hard\libc_nano.a(lib_a-nano-mallocr.o)
                0x080047f4                _malloc_r
 .text._sbrk_r  0x080048a8       0x20 d:/openstm/plugins/fr.ac6.mcu.externaltools.arm-none.win32_1.17.0.201812190825/tools/compiler/bin/../lib/gcc/arm-none-eabi/7.3.1/../../../../arm-none-eabi/lib/thumb/v7e-m/fpv4-sp/hard\libc_nano.a(lib_a-sbrkr.o)
                0x080048a8                _sbrk_r
 .text.__malloc_lock
                0x080048c8        0x2 d:/openstm/plugins/fr.ac6.mcu.externaltools.arm-none.win32_1.17.0.201812190825/tools/compiler/bin/../lib/gcc/arm-none-eabi/7.3.1/../../../../arm-none-eabi/lib/thumb/v7e-m/fpv4-sp/hard\libc_nano.a(lib_a-mlock.o)
                0x080048c8                __malloc_lock
 .text.__malloc_unlock
                0x080048ca        0x2 d:/openstm/plugins/fr.ac6.mcu.externaltools.arm-none.win32_1.17.0.201812190825/tools/compiler/bin/../lib/gcc/arm-none-eabi/7.3.1/../../../../arm-none-eabi/lib/thumb/v7e-m/fpv4-sp/hard\libc_nano.a(lib_a-mlock.o)
                0x080048ca                __malloc_unlock
 *(.glue_7)
 .glue_7        0x080048cc        0x0 linker stubs
 *(.glue_7t)
 .glue_7t       0x080048cc        0x0 linker stubs
 *(.eh_frame)
 .eh_frame      0x080048cc        0x0 d:/openstm/plugins/fr.ac6.mcu.externaltools.arm-none.win32_1.17.0.201812190825/tools/compiler/bin/../lib/gcc/arm-none-eabi/7.3.1/thumb/v7e-m/fpv4-sp/hard/crtbegin.o
 *(.init)
 .init          0x080048cc        0x4 d:/openstm/plugins/fr.ac6.mcu.externaltools.arm-none.win32_1.17.0.201812190825/tools/compiler/bin/../lib/gcc/arm-none-eabi/7.3.1/thumb/v7e-m/fpv4-sp/hard/crti.o
                0x080048cc                _init
 .init          0x080048d0        0x8 d:/openstm/plugins/fr.ac6.mcu.externaltools.arm-none.win32_1.17.0.201812190825/tools/compiler/bin/../lib/gcc/arm-none-eabi/7.3.1/thumb/v7e-m/fpv4-sp/hard/crtn.o
 *(.fini)
 .fini          0x080048d8        0x4 d:/openstm/plugins/fr.ac6.mcu.externaltools.arm-none.win32_1.17.0.201812190825/tools/compiler/bin/../lib/gcc/arm-none-eabi/7.3.1/thumb/v7e-m/fpv4-sp/hard/crti.o
                0x080048d8                _fini
 .fini          0x080048dc        0x8 d:/openstm/plugins/fr.ac6.mcu.externaltools.arm-none.win32_1.17.0.201812190825/tools/compiler/bin/../lib/gcc/arm-none-eabi/7.3.1/thumb/v7e-m/fpv4-sp/hard/crtn.o
                0x080048e4                . = ALIGN (0x4)
                0x080048e4                _etext = .

.vfp11_veneer   0x080048e4        0x0
 .vfp11_veneer  0x080048e4        0x0 linker stubs

.v4_bx          0x080048e4        0x0
 .v4_bx         0x080048e4        0x0 linker stubs

.iplt           0x080048e4        0x0
 .iplt          0x080048e4        0x0 d:/openstm/plugins/fr.ac6.mcu.externaltools.arm-none.win32_1.17.0.201812190825/tools/compiler/bin/../lib/gcc/arm-none-eabi/7.3.1/thumb/v7e-m/fpv4-sp/hard/crtbegin.o

.rodata         0x080048e4       0x1c
                0x080048e4                . = ALIGN (0x4)
 *(.rodata)
 .rodata        0x080048e4       0x18 Core/Src/system_stm32f4xx.o
                0x080048e4                AHBPrescTable
                0x080048f4                APBPrescTable
 *(.rodata*)
 .rodata.str1.4
                0x080048fc        0x4 Middlewares/ST/STM32_USB_Host_Library/Class/CDC/Src/usbh_cdc.o
                0x08004900                . = ALIGN (0x4)

.ARM.extab
 *(.ARM.extab* .gnu.linkonce.armextab.*)

.ARM            0x08004900        0x8
                0x08004900                __exidx_start = .
 *(.ARM.exidx*)
 .ARM.exidx     0x08004900        0x8 d:/openstm/plugins/fr.ac6.mcu.externaltools.arm-none.win32_1.17.0.201812190825/tools/compiler/bin/../lib/gcc/arm-none-eabi/7.3.1/thumb/v7e-m/fpv4-sp/hard\libgcc.a(_udivmoddi4.o)
                0x08004908                __exidx_end = .

.rel.dyn        0x08004908        0x0
 .rel.iplt      0x08004908        0x0 d:/openstm/plugins/fr.ac6.mcu.externaltools.arm-none.win32_1.17.0.201812190825/tools/compiler/bin/../lib/gcc/arm-none-eabi/7.3.1/thumb/v7e-m/fpv4-sp/hard/crtbegin.o

.preinit_array  0x08004908        0x0
                0x08004908                PROVIDE (__preinit_array_start = .)
 *(.preinit_array*)
                0x08004908                PROVIDE (__preinit_array_end = .)

.init_array     0x08004908        0x4
                0x08004908                PROVIDE (__init_array_start = .)
 *(SORT_BY_NAME(.init_array.*))
 *(.init_array*)
 .init_array    0x08004908        0x4 d:/openstm/plugins/fr.ac6.mcu.externaltools.arm-none.win32_1.17.0.201812190825/tools/compiler/bin/../lib/gcc/arm-none-eabi/7.3.1/thumb/v7e-m/fpv4-sp/hard/crtbegin.o
                0x0800490c                PROVIDE (__init_array_end = .)

.fini_array     0x0800490c        0x4
                [!provide]                PROVIDE (__fini_array_start = .)
 *(SORT_BY_NAME(.fini_array.*))
 *(.fini_array*)
 .fini_array    0x0800490c        0x4 d:/openstm/plugins/fr.ac6.mcu.externaltools.arm-none.win32_1.17.0.201812190825/tools/compiler/bin/../lib/gcc/arm-none-eabi/7.3.1/thumb/v7e-m/fpv4-sp/hard/crtbegin.o
                [!provide]                PROVIDE (__fini_array_end = .)
                0x08004910                _sidata = LOADADDR (.data)

.data           0x20000000       0x90 load address 0x08004910
                0x20000000                . = ALIGN (0x4)
                0x20000000                _sdata = .
 *(.data)
 .data          0x20000000        0x4 Core/Src/system_stm32f4xx.o
                0x20000000                SystemCoreClock
 .data          0x20000004        0x8 Drivers/STM32F4xx_HAL_Driver/Src/stm32f4xx_hal.o
                0x20000004                uwTickFreq
                0x20000008                uwTickPrio
 .data          0x2000000c       0x20 Middlewares/ST/STM32_USB_Host_Library/Class/CDC/Src/usbh_cdc.o
                0x2000000c                CDC_Class
 *(.data*)
 .data._impure_ptr
                0x2000002c        0x4 d:/openstm/plugins/fr.ac6.mcu.externaltools.arm-none.win32_1.17.0.201812190825/tools/compiler/bin/../lib/gcc/arm-none-eabi/7.3.1/../../../../arm-none-eabi/lib/thumb/v7e-m/fpv4-sp/hard\libc_nano.a(lib_a-impure.o)
                0x2000002c                _impure_ptr
 .data.impure_data
                0x20000030       0x60 d:/openstm/plugins/fr.ac6.mcu.externaltools.arm-none.win32_1.17.0.201812190825/tools/compiler/bin/../lib/gcc/arm-none-eabi/7.3.1/../../../../arm-none-eabi/lib/thumb/v7e-m/fpv4-sp/hard\libc_nano.a(lib_a-impure.o)
                0x20000090                . = ALIGN (0x4)
                0x20000090                _edata = .
                0x080049a0                _siccmram = LOADADDR (.ccmram)

.igot.plt       0x20000090        0x0 load address 0x080049a0
 .igot.plt      0x20000090        0x0 d:/openstm/plugins/fr.ac6.mcu.externaltools.arm-none.win32_1.17.0.201812190825/tools/compiler/bin/../lib/gcc/arm-none-eabi/7.3.1/thumb/v7e-m/fpv4-sp/hard/crtbegin.o

.ccmram         0x10000000        0x0 load address 0x080049a0
                0x10000000                . = ALIGN (0x4)
                0x10000000                _sccmram = .
 *(.ccmram)
 *(.ccmram*)
                0x10000000                . = ALIGN (0x4)
                0x10000000                _eccmram = .
                0x10000000                . = ALIGN (0x4)

.bss            0x20000090      0x808
                0x20000090                _sbss = .
                0x20000090                __bss_start__ = _sbss
 *(.bss)
 .bss           0x20000090       0x1c d:/openstm/plugins/fr.ac6.mcu.externaltools.arm-none.win32_1.17.0.201812190825/tools/compiler/bin/../lib/gcc/arm-none-eabi/7.3.1/thumb/v7e-m/fpv4-sp/hard/crtbegin.o
 .bss           0x200000ac        0x8 Core/Src/syscalls.o
                0x200000b0                __env
 .bss           0x200000b4        0x1 USB_HOST/App/usb_host.o
                0x200000b4                Appli_state
 *(.bss*)
 *fill*         0x200000b5        0x3 
 .bss.__malloc_free_list
                0x200000b8        0x4 d:/openstm/plugins/fr.ac6.mcu.externaltools.arm-none.win32_1.17.0.201812190825/tools/compiler/bin/../lib/gcc/arm-none-eabi/7.3.1/../../../../arm-none-eabi/lib/thumb/v7e-m/fpv4-sp/hard\libc_nano.a(lib_a-nano-mallocr.o)
                0x200000b8                __malloc_free_list
 .bss.__malloc_sbrk_start
                0x200000bc        0x4 d:/openstm/plugins/fr.ac6.mcu.externaltools.arm-none.win32_1.17.0.201812190825/tools/compiler/bin/../lib/gcc/arm-none-eabi/7.3.1/../../../../arm-none-eabi/lib/thumb/v7e-m/fpv4-sp/hard\libc_nano.a(lib_a-nano-mallocr.o)
                0x200000bc                __malloc_sbrk_start
 *(COMMON)
 COMMON         0x200000c0       0xf4 Core/Src/main.o
                0x200000c0                hi2c1
                0x20000114                hspi1
                0x2000016c                hi2s3
 COMMON         0x200001b4        0x4 Drivers/STM32F4xx_HAL_Driver/Src/stm32f4xx_hal.o
                0x200001b4                uwTick
 COMMON         0x200001b8      0x3d8 USB_HOST/App/usb_host.o
                0x200001b8                hUsbHostFS
 COMMON         0x20000590      0x304 USB_HOST/Target/usbh_conf.o
                0x20000590                hhcd_USB_OTG_FS
 COMMON         0x20000894        0x4 d:/openstm/plugins/fr.ac6.mcu.externaltools.arm-none.win32_1.17.0.201812190825/tools/compiler/bin/../lib/gcc/arm-none-eabi/7.3.1/../../../../arm-none-eabi/lib/thumb/v7e-m/fpv4-sp/hard\libc_nano.a(lib_a-reent.o)
                0x20000894                errno
                0x20000898                . = ALIGN (0x4)
                0x20000898                _ebss = .
                0x20000898                __bss_end__ = _ebss

._user_heap_stack
                0x20000898      0x600
                0x20000898                . = ALIGN (0x8)
                0x20000898                PROVIDE (end = .)
                [!provide]                PROVIDE (_end = .)
                0x20000a98                . = (. + _Min_Heap_Size)
 *fill*         0x20000898      0x200 
                0x20000e98                . = (. + _Min_Stack_Size)
 *fill*         0x20000a98      0x400 
                0x20000e98                . = ALIGN (0x8)

/DISCARD/
 libc.a(*)
 libm.a(*)
 libgcc.a(*)

.ARM.attributes
                0x00000000       0x30
 *(.ARM.attributes)
 .ARM.attributes
                0x00000000       0x22 d:/openstm/plugins/fr.ac6.mcu.externaltools.arm-none.win32_1.17.0.201812190825/tools/compiler/bin/../lib/gcc/arm-none-eabi/7.3.1/thumb/v7e-m/fpv4-sp/hard/crti.o
 .ARM.attributes
                0x00000022       0x34 d:/openstm/plugins/fr.ac6.mcu.externaltools.arm-none.win32_1.17.0.201812190825/tools/compiler/bin/../lib/gcc/arm-none-eabi/7.3.1/thumb/v7e-m/fpv4-sp/hard/crtbegin.o
 .ARM.attributes
                0x00000056       0x39 Core/Src/main.o
 .ARM.attributes
                0x0000008f       0x39 Core/Src/stm32f4xx_hal_msp.o
 .ARM.attributes
                0x000000c8       0x39 Core/Src/stm32f4xx_it.o
 .ARM.attributes
                0x00000101       0x39 Core/Src/syscalls.o
 .ARM.attributes
                0x0000013a       0x39 Core/Src/system_stm32f4xx.o
 .ARM.attributes
                0x00000173       0x39 Drivers/STM32F4xx_HAL_Driver/Src/stm32f4xx_hal.o
 .ARM.attributes
                0x000001ac       0x39 Drivers/STM32F4xx_HAL_Driver/Src/stm32f4xx_hal_cortex.o
 .ARM.attributes
                0x000001e5       0x39 Drivers/STM32F4xx_HAL_Driver/Src/stm32f4xx_hal_gpio.o
 .ARM.attributes
                0x0000021e       0x39 Drivers/STM32F4xx_HAL_Driver/Src/stm32f4xx_hal_hcd.o
 .ARM.attributes
                0x00000257       0x39 Drivers/STM32F4xx_HAL_Driver/Src/stm32f4xx_hal_i2c.o
 .ARM.attributes
                0x00000290       0x39 Drivers/STM32F4xx_HAL_Driver/Src/stm32f4xx_hal_i2s.o
 .ARM.attributes
                0x000002c9       0x39 Drivers/STM32F4xx_HAL_Driver/Src/stm32f4xx_hal_i2s_ex.o
 .ARM.attributes
                0x00000302       0x39 Drivers/STM32F4xx_HAL_Driver/Src/stm32f4xx_hal_rcc.o
 .ARM.attributes
                0x0000033b       0x39 Drivers/STM32F4xx_HAL_Driver/Src/stm32f4xx_hal_rcc_ex.o
 .ARM.attributes
                0x00000374       0x39 Drivers/STM32F4xx_HAL_Driver/Src/stm32f4xx_hal_spi.o
 .ARM.attributes
                0x000003ad       0x39 Drivers/STM32F4xx_HAL_Driver/Src/stm32f4xx_ll_usb.o
 .ARM.attributes
                0x000003e6       0x39 Middlewares/ST/STM32_USB_Host_Library/Class/CDC/Src/usbh_cdc.o
 .ARM.attributes
                0x0000041f       0x39 Middlewares/ST/STM32_USB_Host_Library/Core/Src/usbh_core.o
 .ARM.attributes
                0x00000458       0x39 Middlewares/ST/STM32_USB_Host_Library/Core/Src/usbh_ctlreq.o
 .ARM.attributes
                0x00000491       0x39 Middlewares/ST/STM32_USB_Host_Library/Core/Src/usbh_ioreq.o
 .ARM.attributes
                0x000004ca       0x39 Middlewares/ST/STM32_USB_Host_Library/Core/Src/usbh_pipes.o
 .ARM.attributes
                0x00000503       0x39 USB_HOST/App/usb_host.o
 .ARM.attributes
                0x0000053c       0x39 USB_HOST/Target/usbh_conf.o
 .ARM.attributes
                0x00000575       0x39 USB_HOST/Target/usbh_platform.o
 .ARM.attributes
                0x000005ae       0x21 startup/startup_stm32f407xx.o
 .ARM.attributes
                0x000005cf       0x22 d:/openstm/plugins/fr.ac6.mcu.externaltools.arm-none.win32_1.17.0.201812190825/tools/compiler/bin/../lib/gcc/arm-none-eabi/7.3.1/thumb/v7e-m/fpv4-sp/hard\libgcc.a(_aeabi_uldivmod.o)
 .ARM.attributes
                0x000005f1       0x34 d:/openstm/plugins/fr.ac6.mcu.externaltools.arm-none.win32_1.17.0.201812190825/tools/compiler/bin/../lib/gcc/arm-none-eabi/7.3.1/thumb/v7e-m/fpv4-sp/hard\libgcc.a(_udivmoddi4.o)
 .ARM.attributes
                0x00000625       0x22 d:/openstm/plugins/fr.ac6.mcu.externaltools.arm-none.win32_1.17.0.201812190825/tools/compiler/bin/../lib/gcc/arm-none-eabi/7.3.1/thumb/v7e-m/fpv4-sp/hard\libgcc.a(_dvmd_tls.o)
 .ARM.attributes
                0x00000647       0x34 d:/openstm/plugins/fr.ac6.mcu.externaltools.arm-none.win32_1.17.0.201812190825/tools/compiler/bin/../lib/gcc/arm-none-eabi/7.3.1/../../../../arm-none-eabi/lib/thumb/v7e-m/fpv4-sp/hard\libc_nano.a(lib_a-errno.o)
 .ARM.attributes
                0x0000067b       0x34 d:/openstm/plugins/fr.ac6.mcu.externaltools.arm-none.win32_1.17.0.201812190825/tools/compiler/bin/../lib/gcc/arm-none-eabi/7.3.1/../../../../arm-none-eabi/lib/thumb/v7e-m/fpv4-sp/hard\libc_nano.a(lib_a-impure.o)
 .ARM.attributes
                0x000006af       0x34 d:/openstm/plugins/fr.ac6.mcu.externaltools.arm-none.win32_1.17.0.201812190825/tools/compiler/bin/../lib/gcc/arm-none-eabi/7.3.1/../../../../arm-none-eabi/lib/thumb/v7e-m/fpv4-sp/hard\libc_nano.a(lib_a-init.o)
 .ARM.attributes
                0x000006e3       0x34 d:/openstm/plugins/fr.ac6.mcu.externaltools.arm-none.win32_1.17.0.201812190825/tools/compiler/bin/../lib/gcc/arm-none-eabi/7.3.1/../../../../arm-none-eabi/lib/thumb/v7e-m/fpv4-sp/hard\libc_nano.a(lib_a-malloc.o)
 .ARM.attributes
                0x00000717       0x34 d:/openstm/plugins/fr.ac6.mcu.externaltools.arm-none.win32_1.17.0.201812190825/tools/compiler/bin/../lib/gcc/arm-none-eabi/7.3.1/../../../../arm-none-eabi/lib/thumb/v7e-m/fpv4-sp/hard\libc_nano.a(lib_a-memset.o)
 .ARM.attributes
                0x0000074b       0x34 d:/openstm/plugins/fr.ac6.mcu.externaltools.arm-none.win32_1.17.0.201812190825/tools/compiler/bin/../lib/gcc/arm-none-eabi/7.3.1/../../../../arm-none-eabi/lib/thumb/v7e-m/fpv4-sp/hard\libc_nano.a(lib_a-nano-freer.o)
 .ARM.attributes
                0x0000077f       0x34 d:/openstm/plugins/fr.ac6.mcu.externaltools.arm-none.win32_1.17.0.201812190825/tools/compiler/bin/../lib/gcc/arm-none-eabi/7.3.1/../../../../arm-none-eabi/lib/thumb/v7e-m/fpv4-sp/hard\libc_nano.a(lib_a-nano-mallocr.o)
 .ARM.attributes
                0x000007b3       0x34 d:/openstm/plugins/fr.ac6.mcu.externaltools.arm-none.win32_1.17.0.201812190825/tools/compiler/bin/../lib/gcc/arm-none-eabi/7.3.1/../../../../arm-none-eabi/lib/thumb/v7e-m/fpv4-sp/hard\libc_nano.a(lib_a-sbrkr.o)
 .ARM.attributes
                0x000007e7       0x34 d:/openstm/plugins/fr.ac6.mcu.externaltools.arm-none.win32_1.17.0.201812190825/tools/compiler/bin/../lib/gcc/arm-none-eabi/7.3.1/../../../../arm-none-eabi/lib/thumb/v7e-m/fpv4-sp/hard\libc_nano.a(lib_a-mlock.o)
 .ARM.attributes
                0x0000081b       0x34 d:/openstm/plugins/fr.ac6.mcu.externaltools.arm-none.win32_1.17.0.201812190825/tools/compiler/bin/../lib/gcc/arm-none-eabi/7.3.1/../../../../arm-none-eabi/lib/thumb/v7e-m/fpv4-sp/hard\libc_nano.a(lib_a-reent.o)
 .ARM.attributes
                0x0000084f       0x22 d:/openstm/plugins/fr.ac6.mcu.externaltools.arm-none.win32_1.17.0.201812190825/tools/compiler/bin/../lib/gcc/arm-none-eabi/7.3.1/thumb/v7e-m/fpv4-sp/hard/crtn.o
OUTPUT(001_LED_Toggle.elf elf32-littlearm)

.debug_info     0x00000000    0x1cf07
 .debug_info    0x00000000     0x141f Core/Src/main.o
 .debug_info    0x0000141f     0x1117 Core/Src/stm32f4xx_hal_msp.o
 .debug_info    0x00002536      0x6f2 Core/Src/stm32f4xx_it.o
 .debug_info    0x00002c28      0xfd3 Core/Src/syscalls.o
 .debug_info    0x00003bfb      0x559 Core/Src/system_stm32f4xx.o
 .debug_info    0x00004154      0x9f1 Drivers/STM32F4xx_HAL_Driver/Src/stm32f4xx_hal.o
 .debug_info    0x00004b45      0xf8c Drivers/STM32F4xx_HAL_Driver/Src/stm32f4xx_hal_cortex.o
 .debug_info    0x00005ad1      0x7d0 Drivers/STM32F4xx_HAL_Driver/Src/stm32f4xx_hal_gpio.o
 .debug_info    0x000062a1     0x13a5 Drivers/STM32F4xx_HAL_Driver/Src/stm32f4xx_hal_hcd.o
 .debug_info    0x00007646     0x340c Drivers/STM32F4xx_HAL_Driver/Src/stm32f4xx_hal_i2c.o
 .debug_info    0x0000aa52     0x10d1 Drivers/STM32F4xx_HAL_Driver/Src/stm32f4xx_hal_i2s.o
 .debug_info    0x0000bb23      0xdd2 Drivers/STM32F4xx_HAL_Driver/Src/stm32f4xx_hal_i2s_ex.o
 .debug_info    0x0000c8f5      0xa94 Drivers/STM32F4xx_HAL_Driver/Src/stm32f4xx_hal_rcc.o
 .debug_info    0x0000d389      0x6b5 Drivers/STM32F4xx_HAL_Driver/Src/stm32f4xx_hal_rcc_ex.o
 .debug_info    0x0000da3e     0x1c4c Drivers/STM32F4xx_HAL_Driver/Src/stm32f4xx_hal_spi.o
 .debug_info    0x0000f68a     0x1bad Drivers/STM32F4xx_HAL_Driver/Src/stm32f4xx_ll_usb.o
 .debug_info    0x00011237     0x1f09 Middlewares/ST/STM32_USB_Host_Library/Class/CDC/Src/usbh_cdc.o
 .debug_info    0x00013140     0x1ca6 Middlewares/ST/STM32_USB_Host_Library/Core/Src/usbh_core.o
 .debug_info    0x00014de6     0x1ae8 Middlewares/ST/STM32_USB_Host_Library/Core/Src/usbh_ctlreq.o
 .debug_info    0x000168ce     0x16fb Middlewares/ST/STM32_USB_Host_Library/Core/Src/usbh_ioreq.o
 .debug_info    0x00017fc9     0x13a3 Middlewares/ST/STM32_USB_Host_Library/Core/Src/usbh_pipes.o
 .debug_info    0x0001936c     0x1345 USB_HOST/App/usb_host.o
 .debug_info    0x0001a6b1     0x2591 USB_HOST/Target/usbh_conf.o
 .debug_info    0x0001cc42      0x2a3 USB_HOST/Target/usbh_platform.o
 .debug_info    0x0001cee5       0x22 startup/startup_stm32f407xx.o

.debug_abbrev   0x00000000     0x3a9f
 .debug_abbrev  0x00000000      0x264 Core/Src/main.o
 .debug_abbrev  0x00000264      0x1f4 Core/Src/stm32f4xx_hal_msp.o
 .debug_abbrev  0x00000458      0x182 Core/Src/stm32f4xx_it.o
 .debug_abbrev  0x000005da      0x2d4 Core/Src/syscalls.o
 .debug_abbrev  0x000008ae      0x12b Core/Src/system_stm32f4xx.o
 .debug_abbrev  0x000009d9      0x1ed Drivers/STM32F4xx_HAL_Driver/Src/stm32f4xx_hal.o
 .debug_abbrev  0x00000bc6      0x328 Drivers/STM32F4xx_HAL_Driver/Src/stm32f4xx_hal_cortex.o
 .debug_abbrev  0x00000eee      0x1e7 Drivers/STM32F4xx_HAL_Driver/Src/stm32f4xx_hal_gpio.o
 .debug_abbrev  0x000010d5      0x27f Drivers/STM32F4xx_HAL_Driver/Src/stm32f4xx_hal_hcd.o
 .debug_abbrev  0x00001354      0x275 Drivers/STM32F4xx_HAL_Driver/Src/stm32f4xx_hal_i2c.o
 .debug_abbrev  0x000015c9      0x243 Drivers/STM32F4xx_HAL_Driver/Src/stm32f4xx_hal_i2s.o
 .debug_abbrev  0x0000180c      0x281 Drivers/STM32F4xx_HAL_Driver/Src/stm32f4xx_hal_i2s_ex.o
 .debug_abbrev  0x00001a8d      0x273 Drivers/STM32F4xx_HAL_Driver/Src/stm32f4xx_hal_rcc.o
 .debug_abbrev  0x00001d00      0x179 Drivers/STM32F4xx_HAL_Driver/Src/stm32f4xx_hal_rcc_ex.o
 .debug_abbrev  0x00001e79      0x249 Drivers/STM32F4xx_HAL_Driver/Src/stm32f4xx_hal_spi.o
 .debug_abbrev  0x000020c2      0x2b3 Drivers/STM32F4xx_HAL_Driver/Src/stm32f4xx_ll_usb.o
 .debug_abbrev  0x00002375      0x359 Middlewares/ST/STM32_USB_Host_Library/Class/CDC/Src/usbh_cdc.o
 .debug_abbrev  0x000026ce      0x382 Middlewares/ST/STM32_USB_Host_Library/Core/Src/usbh_core.o
 .debug_abbrev  0x00002a50      0x363 Middlewares/ST/STM32_USB_Host_Library/Core/Src/usbh_ctlreq.o
 .debug_abbrev  0x00002db3      0x292 Middlewares/ST/STM32_USB_Host_Library/Core/Src/usbh_ioreq.o
 .debug_abbrev  0x00003045      0x2cc Middlewares/ST/STM32_USB_Host_Library/Core/Src/usbh_pipes.o
 .debug_abbrev  0x00003311      0x2b5 USB_HOST/App/usb_host.o
 .debug_abbrev  0x000035c6      0x399 USB_HOST/Target/usbh_conf.o
 .debug_abbrev  0x0000395f      0x12e USB_HOST/Target/usbh_platform.o
 .debug_abbrev  0x00003a8d       0x12 startup/startup_stm32f407xx.o

.debug_aranges  0x00000000     0x1128
 .debug_aranges
                0x00000000       0x50 Core/Src/main.o
 .debug_aranges
                0x00000050       0x50 Core/Src/stm32f4xx_hal_msp.o
 .debug_aranges
                0x000000a0       0x68 Core/Src/stm32f4xx_it.o
 .debug_aranges
                0x00000108       0xb0 Core/Src/syscalls.o
 .debug_aranges
                0x000001b8       0x28 Core/Src/system_stm32f4xx.o
 .debug_aranges
                0x000001e0       0xf0 Drivers/STM32F4xx_HAL_Driver/Src/stm32f4xx_hal.o
 .debug_aranges
                0x000002d0       0xa8 Drivers/STM32F4xx_HAL_Driver/Src/stm32f4xx_hal_cortex.o
 .debug_aranges
                0x00000378       0x58 Drivers/STM32F4xx_HAL_Driver/Src/stm32f4xx_hal_gpio.o
 .debug_aranges
                0x000003d0       0xf8 Drivers/STM32F4xx_HAL_Driver/Src/stm32f4xx_hal_hcd.o
 .debug_aranges
                0x000004c8      0x2a0 Drivers/STM32F4xx_HAL_Driver/Src/stm32f4xx_hal_i2c.o
 .debug_aranges
                0x00000768      0x108 Drivers/STM32F4xx_HAL_Driver/Src/stm32f4xx_hal_i2s.o
 .debug_aranges
                0x00000870       0x88 Drivers/STM32F4xx_HAL_Driver/Src/stm32f4xx_hal_i2s_ex.o
 .debug_aranges
                0x000008f8       0x88 Drivers/STM32F4xx_HAL_Driver/Src/stm32f4xx_hal_rcc.o
 .debug_aranges
                0x00000980       0x48 Drivers/STM32F4xx_HAL_Driver/Src/stm32f4xx_hal_rcc_ex.o
 .debug_aranges
                0x000009c8      0x1d0 Drivers/STM32F4xx_HAL_Driver/Src/stm32f4xx_hal_spi.o
 .debug_aranges
                0x00000b98      0x198 Drivers/STM32F4xx_HAL_Driver/Src/stm32f4xx_ll_usb.o
 .debug_aranges
                0x00000d30       0xa8 Middlewares/ST/STM32_USB_Host_Library/Class/CDC/Src/usbh_cdc.o
 .debug_aranges
                0x00000dd8       0xc0 Middlewares/ST/STM32_USB_Host_Library/Core/Src/usbh_core.o
 .debug_aranges
                0x00000e98       0xa0 Middlewares/ST/STM32_USB_Host_Library/Core/Src/usbh_ctlreq.o
 .debug_aranges
                0x00000f38       0x60 Middlewares/ST/STM32_USB_Host_Library/Core/Src/usbh_ioreq.o
 .debug_aranges
                0x00000f98       0x40 Middlewares/ST/STM32_USB_Host_Library/Core/Src/usbh_pipes.o
 .debug_aranges
                0x00000fd8       0x30 USB_HOST/App/usb_host.o
 .debug_aranges
                0x00001008       0xd8 USB_HOST/Target/usbh_conf.o
 .debug_aranges
                0x000010e0       0x20 USB_HOST/Target/usbh_platform.o
 .debug_aranges
                0x00001100       0x28 startup/startup_stm32f407xx.o

.debug_ranges   0x00000000     0x1080
 .debug_ranges  0x00000000       0x40 Core/Src/main.o
 .debug_ranges  0x00000040       0x40 Core/Src/stm32f4xx_hal_msp.o
 .debug_ranges  0x00000080       0x58 Core/Src/stm32f4xx_it.o
 .debug_ranges  0x000000d8       0xa0 Core/Src/syscalls.o
 .debug_ranges  0x00000178       0x18 Core/Src/system_stm32f4xx.o
 .debug_ranges  0x00000190       0xe0 Drivers/STM32F4xx_HAL_Driver/Src/stm32f4xx_hal.o
 .debug_ranges  0x00000270       0xf8 Drivers/STM32F4xx_HAL_Driver/Src/stm32f4xx_hal_cortex.o
 .debug_ranges  0x00000368       0x48 Drivers/STM32F4xx_HAL_Driver/Src/stm32f4xx_hal_gpio.o
 .debug_ranges  0x000003b0       0xe8 Drivers/STM32F4xx_HAL_Driver/Src/stm32f4xx_hal_hcd.o
 .debug_ranges  0x00000498      0x2b0 Drivers/STM32F4xx_HAL_Driver/Src/stm32f4xx_hal_i2c.o
 .debug_ranges  0x00000748      0x128 Drivers/STM32F4xx_HAL_Driver/Src/stm32f4xx_hal_i2s.o
 .debug_ranges  0x00000870       0x90 Drivers/STM32F4xx_HAL_Driver/Src/stm32f4xx_hal_i2s_ex.o
 .debug_ranges  0x00000900       0x90 Drivers/STM32F4xx_HAL_Driver/Src/stm32f4xx_hal_rcc.o
 .debug_ranges  0x00000990       0x38 Drivers/STM32F4xx_HAL_Driver/Src/stm32f4xx_hal_rcc_ex.o
 .debug_ranges  0x000009c8      0x1c0 Drivers/STM32F4xx_HAL_Driver/Src/stm32f4xx_hal_spi.o
 .debug_ranges  0x00000b88      0x188 Drivers/STM32F4xx_HAL_Driver/Src/stm32f4xx_ll_usb.o
 .debug_ranges  0x00000d10       0x98 Middlewares/ST/STM32_USB_Host_Library/Class/CDC/Src/usbh_cdc.o
 .debug_ranges  0x00000da8       0xb0 Middlewares/ST/STM32_USB_Host_Library/Core/Src/usbh_core.o
 .debug_ranges  0x00000e58       0x90 Middlewares/ST/STM32_USB_Host_Library/Core/Src/usbh_ctlreq.o
 .debug_ranges  0x00000ee8       0x50 Middlewares/ST/STM32_USB_Host_Library/Core/Src/usbh_ioreq.o
 .debug_ranges  0x00000f38       0x30 Middlewares/ST/STM32_USB_Host_Library/Core/Src/usbh_pipes.o
 .debug_ranges  0x00000f68       0x20 USB_HOST/App/usb_host.o
 .debug_ranges  0x00000f88       0xc8 USB_HOST/Target/usbh_conf.o
 .debug_ranges  0x00001050       0x10 USB_HOST/Target/usbh_platform.o
 .debug_ranges  0x00001060       0x20 startup/startup_stm32f407xx.o

.debug_macro    0x00000000    0x24a5b
 .debug_macro   0x00000000      0x21f Core/Src/main.o
 .debug_macro   0x0000021f      0xa54 Core/Src/main.o
 .debug_macro   0x00000c73      0x2a7 Core/Src/main.o
 .debug_macro   0x00000f1a       0x2e Core/Src/main.o
 .debug_macro   0x00000f48       0x2f Core/Src/main.o
 .debug_macro   0x00000f77       0x22 Core/Src/main.o
 .debug_macro   0x00000f99       0x8e Core/Src/main.o
 .debug_macro   0x00001027       0x51 Core/Src/main.o
 .debug_macro   0x00001078       0xef Core/Src/main.o
 .debug_macro   0x00001167       0x6a Core/Src/main.o
 .debug_macro   0x000011d1      0x1df Core/Src/main.o
 .debug_macro   0x000013b0       0x1c Core/Src/main.o
 .debug_macro   0x000013cc       0x22 Core/Src/main.o
 .debug_macro   0x000013ee       0xdf Core/Src/main.o
 .debug_macro   0x000014cd     0x102d Core/Src/main.o
 .debug_macro   0x000024fa      0x11f Core/Src/main.o
 .debug_macro   0x00002619    0x15e58 Core/Src/main.o
 .debug_macro   0x00018471       0x6d Core/Src/main.o
 .debug_macro   0x000184de     0x3666 Core/Src/main.o
 .debug_macro   0x0001bb44      0x174 Core/Src/main.o
 .debug_macro   0x0001bcb8       0x5c Core/Src/main.o
 .debug_macro   0x0001bd14      0x96b Core/Src/main.o
 .debug_macro   0x0001c67f      0x9fe Core/Src/main.o
 .debug_macro   0x0001d07d      0x116 Core/Src/main.o
 .debug_macro   0x0001d193      0x13e Core/Src/main.o
 .debug_macro   0x0001d2d1       0xa5 Core/Src/main.o
 .debug_macro   0x0001d376      0x174 Core/Src/main.o
 .debug_macro   0x0001d4ea      0x287 Core/Src/main.o
 .debug_macro   0x0001d771       0x5f Core/Src/main.o
 .debug_macro   0x0001d7d0      0x236 Core/Src/main.o
 .debug_macro   0x0001da06      0x12c Core/Src/main.o
 .debug_macro   0x0001db32      0x21e Core/Src/main.o
 .debug_macro   0x0001dd50       0x2e Core/Src/main.o
 .debug_macro   0x0001dd7e      0x1b5 Core/Src/main.o
 .debug_macro   0x0001df33       0xd6 Core/Src/main.o
 .debug_macro   0x0001e009      0x1a7 Core/Src/main.o
 .debug_macro   0x0001e1b0       0x46 Core/Src/main.o
 .debug_macro   0x0001e1f6       0x4a Core/Src/main.o
 .debug_macro   0x0001e240      0x11a Core/Src/main.o
 .debug_macro   0x0001e35a       0x7e Core/Src/main.o
 .debug_macro   0x0001e3d8       0x89 Core/Src/main.o
 .debug_macro   0x0001e461      0x225 Core/Src/main.o
 .debug_macro   0x0001e686      0x21e Core/Src/main.o
 .debug_macro   0x0001e8a4       0x7c Core/Src/main.o
 .debug_macro   0x0001e920      0x12d Core/Src/main.o
 .debug_macro   0x0001ea4d      0x190 Core/Src/main.o
 .debug_macro   0x0001ebdd      0x215 Core/Src/stm32f4xx_hal_msp.o
 .debug_macro   0x0001edf2      0x21f Core/Src/stm32f4xx_it.o
 .debug_macro   0x0001f011      0x243 Core/Src/syscalls.o
 .debug_macro   0x0001f254       0x58 Core/Src/syscalls.o
 .debug_macro   0x0001f2ac       0x18 Core/Src/syscalls.o
 .debug_macro   0x0001f2c4       0x94 Core/Src/syscalls.o
 .debug_macro   0x0001f358       0x35 Core/Src/syscalls.o
 .debug_macro   0x0001f38d       0x34 Core/Src/syscalls.o
 .debug_macro   0x0001f3c1       0x57 Core/Src/syscalls.o
 .debug_macro   0x0001f418      0x330 Core/Src/syscalls.o
 .debug_macro   0x0001f748       0x58 Core/Src/syscalls.o
 .debug_macro   0x0001f7a0       0x1f Core/Src/syscalls.o
 .debug_macro   0x0001f7bf       0x43 Core/Src/syscalls.o
 .debug_macro   0x0001f802       0x20 Core/Src/syscalls.o
 .debug_macro   0x0001f822      0x18e Core/Src/syscalls.o
 .debug_macro   0x0001f9b0       0x10 Core/Src/syscalls.o
 .debug_macro   0x0001f9c0       0x35 Core/Src/syscalls.o
 .debug_macro   0x0001f9f5       0x10 Core/Src/syscalls.o
 .debug_macro   0x0001fa05       0x10 Core/Src/syscalls.o
 .debug_macro   0x0001fa15       0x10 Core/Src/syscalls.o
 .debug_macro   0x0001fa25       0x1c Core/Src/syscalls.o
 .debug_macro   0x0001fa41       0x52 Core/Src/syscalls.o
 .debug_macro   0x0001fa93       0x40 Core/Src/syscalls.o
 .debug_macro   0x0001fad3       0x10 Core/Src/syscalls.o
 .debug_macro   0x0001fae3       0x40 Core/Src/syscalls.o
 .debug_macro   0x0001fb23       0xd7 Core/Src/syscalls.o
 .debug_macro   0x0001fbfa       0x1c Core/Src/syscalls.o
 .debug_macro   0x0001fc16       0x3d Core/Src/syscalls.o
 .debug_macro   0x0001fc53       0x35 Core/Src/syscalls.o
 .debug_macro   0x0001fc88      0x122 Core/Src/syscalls.o
 .debug_macro   0x0001fdaa       0x16 Core/Src/syscalls.o
 .debug_macro   0x0001fdc0       0x16 Core/Src/syscalls.o
 .debug_macro   0x0001fdd6       0x29 Core/Src/syscalls.o
 .debug_macro   0x0001fdff       0x10 Core/Src/syscalls.o
 .debug_macro   0x0001fe0f      0x241 Core/Src/syscalls.o
 .debug_macro   0x00020050       0x1c Core/Src/syscalls.o
 .debug_macro   0x0002006c       0x10 Core/Src/syscalls.o
 .debug_macro   0x0002007c       0x10 Core/Src/syscalls.o
 .debug_macro   0x0002008c       0x16 Core/Src/syscalls.o
 .debug_macro   0x000200a2      0x16f Core/Src/syscalls.o
 .debug_macro   0x00020211      0x189 Core/Src/syscalls.o
 .debug_macro   0x0002039a       0x16 Core/Src/syscalls.o
 .debug_macro   0x000203b0       0x88 Core/Src/syscalls.o
 .debug_macro   0x00020438      0x206 Core/Src/system_stm32f4xx.o
 .debug_macro   0x0002063e      0x266 Drivers/STM32F4xx_HAL_Driver/Src/stm32f4xx_hal.o
 .debug_macro   0x000208a4      0x206 Drivers/STM32F4xx_HAL_Driver/Src/stm32f4xx_hal_cortex.o
 .debug_macro   0x00020aaa      0x20c Drivers/STM32F4xx_HAL_Driver/Src/stm32f4xx_hal_gpio.o
 .debug_macro   0x00020cb6      0x206 Drivers/STM32F4xx_HAL_Driver/Src/stm32f4xx_hal_hcd.o
 .debug_macro   0x00020ebc      0x24d Drivers/STM32F4xx_HAL_Driver/Src/stm32f4xx_hal_i2c.o
 .debug_macro   0x00021109      0x20e Drivers/STM32F4xx_HAL_Driver/Src/stm32f4xx_hal_i2s.o
 .debug_macro   0x00021317      0x206 Drivers/STM32F4xx_HAL_Driver/Src/stm32f4xx_hal_i2s_ex.o
 .debug_macro   0x0002151d      0x22a Drivers/STM32F4xx_HAL_Driver/Src/stm32f4xx_hal_rcc.o
 .debug_macro   0x00021747      0x206 Drivers/STM32F4xx_HAL_Driver/Src/stm32f4xx_hal_rcc_ex.o
 .debug_macro   0x0002194d      0x215 Drivers/STM32F4xx_HAL_Driver/Src/stm32f4xx_hal_spi.o
 .debug_macro   0x00021b62      0x206 Drivers/STM32F4xx_HAL_Driver/Src/stm32f4xx_ll_usb.o
 .debug_macro   0x00021d68      0x426 Middlewares/ST/STM32_USB_Host_Library/Class/CDC/Src/usbh_cdc.o
 .debug_macro   0x0002218e       0x16 Middlewares/ST/STM32_USB_Host_Library/Class/CDC/Src/usbh_cdc.o
 .debug_macro   0x000221a4       0x97 Middlewares/ST/STM32_USB_Host_Library/Class/CDC/Src/usbh_cdc.o
 .debug_macro   0x0002223b       0xfd Middlewares/ST/STM32_USB_Host_Library/Class/CDC/Src/usbh_cdc.o
 .debug_macro   0x00022338       0x16 Middlewares/ST/STM32_USB_Host_Library/Class/CDC/Src/usbh_cdc.o
 .debug_macro   0x0002234e       0xd9 Middlewares/ST/STM32_USB_Host_Library/Class/CDC/Src/usbh_cdc.o
 .debug_macro   0x00022427       0x56 Middlewares/ST/STM32_USB_Host_Library/Class/CDC/Src/usbh_cdc.o
 .debug_macro   0x0002247d       0x73 Middlewares/ST/STM32_USB_Host_Library/Class/CDC/Src/usbh_cdc.o
 .debug_macro   0x000224f0      0x218 Middlewares/ST/STM32_USB_Host_Library/Class/CDC/Src/usbh_cdc.o
 .debug_macro   0x00022708       0x2e Middlewares/ST/STM32_USB_Host_Library/Class/CDC/Src/usbh_cdc.o
 .debug_macro   0x00022736       0x2e Middlewares/ST/STM32_USB_Host_Library/Class/CDC/Src/usbh_cdc.o
 .debug_macro   0x00022764       0x28 Middlewares/ST/STM32_USB_Host_Library/Class/CDC/Src/usbh_cdc.o
 .debug_macro   0x0002278c      0x15c Middlewares/ST/STM32_USB_Host_Library/Class/CDC/Src/usbh_cdc.o
 .debug_macro   0x000228e8      0x423 Middlewares/ST/STM32_USB_Host_Library/Core/Src/usbh_core.o
 .debug_macro   0x00022d0b      0x41b Middlewares/ST/STM32_USB_Host_Library/Core/Src/usbh_ctlreq.o
 .debug_macro   0x00023126       0x28 Middlewares/ST/STM32_USB_Host_Library/Core/Src/usbh_ctlreq.o
 .debug_macro   0x0002314e      0x415 Middlewares/ST/STM32_USB_Host_Library/Core/Src/usbh_ioreq.o
 .debug_macro   0x00023563      0x415 Middlewares/ST/STM32_USB_Host_Library/Core/Src/usbh_pipes.o
 .debug_macro   0x00023978      0x424 USB_HOST/App/usb_host.o
 .debug_macro   0x00023d9c       0x5e USB_HOST/App/usb_host.o
 .debug_macro   0x00023dfa      0x32a USB_HOST/App/usb_host.o
 .debug_macro   0x00024124      0x196 USB_HOST/App/usb_host.o
 .debug_macro   0x000242ba      0x162 USB_HOST/App/usb_host.o
 .debug_macro   0x0002441c      0x425 USB_HOST/Target/usbh_conf.o
 .debug_macro   0x00024841      0x21a USB_HOST/Target/usbh_platform.o

.debug_line     0x00000000    0x11340
 .debug_line    0x00000000      0x8c3 Core/Src/main.o
 .debug_line    0x000008c3      0x805 Core/Src/stm32f4xx_hal_msp.o
 .debug_line    0x000010c8      0x7f0 Core/Src/stm32f4xx_it.o
 .debug_line    0x000018b8      0x5a6 Core/Src/syscalls.o
 .debug_line    0x00001e5e      0x76f Core/Src/system_stm32f4xx.o
 .debug_line    0x000025cd      0x94d Drivers/STM32F4xx_HAL_Driver/Src/stm32f4xx_hal.o
 .debug_line    0x00002f1a      0x99f Drivers/STM32F4xx_HAL_Driver/Src/stm32f4xx_hal_cortex.o
 .debug_line    0x000038b9      0x8cb Drivers/STM32F4xx_HAL_Driver/Src/stm32f4xx_hal_gpio.o
 .debug_line    0x00004184      0xbd2 Drivers/STM32F4xx_HAL_Driver/Src/stm32f4xx_hal_hcd.o
 .debug_line    0x00004d56     0x1da3 Drivers/STM32F4xx_HAL_Driver/Src/stm32f4xx_hal_i2c.o
 .debug_line    0x00006af9      0xd7e Drivers/STM32F4xx_HAL_Driver/Src/stm32f4xx_hal_i2s.o
 .debug_line    0x00007877      0xd0d Drivers/STM32F4xx_HAL_Driver/Src/stm32f4xx_hal_i2s_ex.o
 .debug_line    0x00008584      0x9dd Drivers/STM32F4xx_HAL_Driver/Src/stm32f4xx_hal_rcc.o
 .debug_line    0x00008f61      0x865 Drivers/STM32F4xx_HAL_Driver/Src/stm32f4xx_hal_rcc_ex.o
 .debug_line    0x000097c6     0x11c2 Drivers/STM32F4xx_HAL_Driver/Src/stm32f4xx_hal_spi.o
 .debug_line    0x0000a988      0xea3 Drivers/STM32F4xx_HAL_Driver/Src/stm32f4xx_ll_usb.o
 .debug_line    0x0000b82b      0xcd7 Middlewares/ST/STM32_USB_Host_Library/Class/CDC/Src/usbh_cdc.o
 .debug_line    0x0000c502      0xd9b Middlewares/ST/STM32_USB_Host_Library/Core/Src/usbh_core.o
 .debug_line    0x0000d29d      0xcd3 Middlewares/ST/STM32_USB_Host_Library/Core/Src/usbh_ctlreq.o
 .debug_line    0x0000df70      0xa97 Middlewares/ST/STM32_USB_Host_Library/Core/Src/usbh_ioreq.o
 .debug_line    0x0000ea07      0xa4b Middlewares/ST/STM32_USB_Host_Library/Core/Src/usbh_pipes.o
 .debug_line    0x0000f452      0xa8f USB_HOST/App/usb_host.o
 .debug_line    0x0000fee1      0xc29 USB_HOST/Target/usbh_conf.o
 .debug_line    0x00010b0a      0x7b5 USB_HOST/Target/usbh_platform.o
 .debug_line    0x000112bf       0x81 startup/startup_stm32f407xx.o

.debug_str      0x00000000    0xcbef3
 .debug_str     0x00000000    0xc0a8a Core/Src/main.o
                              0xc0dca (size before relaxing)
 .debug_str     0x000c0a8a      0x162 Core/Src/stm32f4xx_hal_msp.o
                              0xc0cab (size before relaxing)
 .debug_str     0x000c0bec      0x45c Core/Src/stm32f4xx_it.o
                              0xc06a9 (size before relaxing)
 .debug_str     0x000c1048     0x4f77 Core/Src/syscalls.o
                               0x85b1 (size before relaxing)
 .debug_str     0x000c5fbf       0xaf Core/Src/system_stm32f4xx.o
                              0xbfcd8 (size before relaxing)
 .debug_str     0x000c606e      0xa58 Drivers/STM32F4xx_HAL_Driver/Src/stm32f4xx_hal.o
                              0xc07ff (size before relaxing)
 .debug_str     0x000c6ac6      0x34d Drivers/STM32F4xx_HAL_Driver/Src/stm32f4xx_hal_cortex.o
                              0xc05a9 (size before relaxing)
 .debug_str     0x000c6e13      0x11c Drivers/STM32F4xx_HAL_Driver/Src/stm32f4xx_hal_gpio.o
                              0xbfe7f (size before relaxing)
 .debug_str     0x000c6f2f      0x531 Drivers/STM32F4xx_HAL_Driver/Src/stm32f4xx_hal_hcd.o
                              0xc04cd (size before relaxing)
 .debug_str     0x000c7460      0xaf2 Drivers/STM32F4xx_HAL_Driver/Src/stm32f4xx_hal_i2c.o
                              0xc0cbf (size before relaxing)
 .debug_str     0x000c7f52      0x298 Drivers/STM32F4xx_HAL_Driver/Src/stm32f4xx_hal_i2s.o
                              0xc02e7 (size before relaxing)
 .debug_str     0x000c81ea      0x1f1 Drivers/STM32F4xx_HAL_Driver/Src/stm32f4xx_hal_i2s_ex.o
                              0xc0212 (size before relaxing)
 .debug_str     0x000c83db      0x213 Drivers/STM32F4xx_HAL_Driver/Src/stm32f4xx_hal_rcc.o
                              0xc0101 (size before relaxing)
 .debug_str     0x000c85ee       0xde Drivers/STM32F4xx_HAL_Driver/Src/stm32f4xx_hal_rcc_ex.o
                              0xbfe3b (size before relaxing)
 .debug_str     0x000c86cc      0x52d Drivers/STM32F4xx_HAL_Driver/Src/stm32f4xx_hal_spi.o
                              0xc05b8 (size before relaxing)
 .debug_str     0x000c8bf9      0x4ff Drivers/STM32F4xx_HAL_Driver/Src/stm32f4xx_ll_usb.o
                              0xc0603 (size before relaxing)
 .debug_str     0x000c90f8     0x263c Middlewares/ST/STM32_USB_Host_Library/Class/CDC/Src/usbh_cdc.o
                              0xc67b7 (size before relaxing)
 .debug_str     0x000cb734      0x304 Middlewares/ST/STM32_USB_Host_Library/Core/Src/usbh_core.o
                              0xc5cac (size before relaxing)
 .debug_str     0x000cba38      0x1db Middlewares/ST/STM32_USB_Host_Library/Core/Src/usbh_ctlreq.o
                              0xc5c33 (size before relaxing)
 .debug_str     0x000cbc13       0xb2 Middlewares/ST/STM32_USB_Host_Library/Core/Src/usbh_ioreq.o
                              0xc5a67 (size before relaxing)
 .debug_str     0x000cbcc5       0x80 Middlewares/ST/STM32_USB_Host_Library/Core/Src/usbh_pipes.o
                              0xc59fd (size before relaxing)
 .debug_str     0x000cbd45       0xa2 USB_HOST/App/usb_host.o
                              0xc610a (size before relaxing)
 .debug_str     0x000cbde7       0xba USB_HOST/Target/usbh_conf.o
                              0xc68e5 (size before relaxing)
 .debug_str     0x000cbea1       0x23 USB_HOST/Target/usbh_platform.o
                              0xbfc13 (size before relaxing)
 .debug_str     0x000cbec4       0x2f startup/startup_stm32f407xx.o
                                 0x71 (size before relaxing)

.comment        0x00000000       0x7f
 .comment       0x00000000       0x7f Core/Src/main.o
                                 0x80 (size before relaxing)
 .comment       0x0000007f       0x80 Core/Src/stm32f4xx_hal_msp.o
 .comment       0x0000007f       0x80 Core/Src/stm32f4xx_it.o
 .comment       0x0000007f       0x80 Core/Src/syscalls.o
 .comment       0x0000007f       0x80 Core/Src/system_stm32f4xx.o
 .comment       0x0000007f       0x80 Drivers/STM32F4xx_HAL_Driver/Src/stm32f4xx_hal.o
 .comment       0x0000007f       0x80 Drivers/STM32F4xx_HAL_Driver/Src/stm32f4xx_hal_cortex.o
 .comment       0x0000007f       0x80 Drivers/STM32F4xx_HAL_Driver/Src/stm32f4xx_hal_gpio.o
 .comment       0x0000007f       0x80 Drivers/STM32F4xx_HAL_Driver/Src/stm32f4xx_hal_hcd.o
 .comment       0x0000007f       0x80 Drivers/STM32F4xx_HAL_Driver/Src/stm32f4xx_hal_i2c.o
 .comment       0x0000007f       0x80 Drivers/STM32F4xx_HAL_Driver/Src/stm32f4xx_hal_i2s.o
 .comment       0x0000007f       0x80 Drivers/STM32F4xx_HAL_Driver/Src/stm32f4xx_hal_i2s_ex.o
 .comment       0x0000007f       0x80 Drivers/STM32F4xx_HAL_Driver/Src/stm32f4xx_hal_rcc.o
 .comment       0x0000007f       0x80 Drivers/STM32F4xx_HAL_Driver/Src/stm32f4xx_hal_rcc_ex.o
 .comment       0x0000007f       0x80 Drivers/STM32F4xx_HAL_Driver/Src/stm32f4xx_hal_spi.o
 .comment       0x0000007f       0x80 Drivers/STM32F4xx_HAL_Driver/Src/stm32f4xx_ll_usb.o
 .comment       0x0000007f       0x80 Middlewares/ST/STM32_USB_Host_Library/Class/CDC/Src/usbh_cdc.o
 .comment       0x0000007f       0x80 Middlewares/ST/STM32_USB_Host_Library/Core/Src/usbh_core.o
 .comment       0x0000007f       0x80 Middlewares/ST/STM32_USB_Host_Library/Core/Src/usbh_ctlreq.o
 .comment       0x0000007f       0x80 Middlewares/ST/STM32_USB_Host_Library/Core/Src/usbh_ioreq.o
 .comment       0x0000007f       0x80 Middlewares/ST/STM32_USB_Host_Library/Core/Src/usbh_pipes.o
 .comment       0x0000007f       0x80 USB_HOST/App/usb_host.o
 .comment       0x0000007f       0x80 USB_HOST/Target/usbh_conf.o
 .comment       0x0000007f       0x80 USB_HOST/Target/usbh_platform.o

.debug_frame    0x00000000     0x31c8
 .debug_frame   0x00000000       0xcc Core/Src/main.o
 .debug_frame   0x000000cc       0xdc Core/Src/stm32f4xx_hal_msp.o
 .debug_frame   0x000001a8       0xc0 Core/Src/stm32f4xx_it.o
 .debug_frame   0x00000268      0x1a8 Core/Src/syscalls.o
 .debug_frame   0x00000410       0x30 Core/Src/system_stm32f4xx.o
 .debug_frame   0x00000440      0x1ec Drivers/STM32F4xx_HAL_Driver/Src/stm32f4xx_hal.o
 .debug_frame   0x0000062c      0x15c Drivers/STM32F4xx_HAL_Driver/Src/stm32f4xx_hal_cortex.o
 .debug_frame   0x00000788       0xd8 Drivers/STM32F4xx_HAL_Driver/Src/stm32f4xx_hal_gpio.o
 .debug_frame   0x00000860      0x2b0 Drivers/STM32F4xx_HAL_Driver/Src/stm32f4xx_hal_hcd.o
 .debug_frame   0x00000b10      0x950 Drivers/STM32F4xx_HAL_Driver/Src/stm32f4xx_hal_i2c.o
 .debug_frame   0x00001460      0x328 Drivers/STM32F4xx_HAL_Driver/Src/stm32f4xx_hal_i2s.o
 .debug_frame   0x00001788      0x188 Drivers/STM32F4xx_HAL_Driver/Src/stm32f4xx_hal_i2s_ex.o
 .debug_frame   0x00001910      0x184 Drivers/STM32F4xx_HAL_Driver/Src/stm32f4xx_hal_rcc.o
 .debug_frame   0x00001a94       0xa4 Drivers/STM32F4xx_HAL_Driver/Src/stm32f4xx_hal_rcc_ex.o
 .debug_frame   0x00001b38      0x5a0 Drivers/STM32F4xx_HAL_Driver/Src/stm32f4xx_hal_spi.o
 .debug_frame   0x000020d8      0x4b8 Drivers/STM32F4xx_HAL_Driver/Src/stm32f4xx_ll_usb.o
 .debug_frame   0x00002590      0x1bc Middlewares/ST/STM32_USB_Host_Library/Class/CDC/Src/usbh_cdc.o
 .debug_frame   0x0000274c      0x200 Middlewares/ST/STM32_USB_Host_Library/Core/Src/usbh_core.o
 .debug_frame   0x0000294c      0x1e8 Middlewares/ST/STM32_USB_Host_Library/Core/Src/usbh_ctlreq.o
 .debug_frame   0x00002b34      0x130 Middlewares/ST/STM32_USB_Host_Library/Core/Src/usbh_ioreq.o
 .debug_frame   0x00002c64       0x84 Middlewares/ST/STM32_USB_Host_Library/Core/Src/usbh_pipes.o
 .debug_frame   0x00002ce8       0x50 USB_HOST/App/usb_host.o
 .debug_frame   0x00002d38      0x250 USB_HOST/Target/usbh_conf.o
 .debug_frame   0x00002f88       0x28 USB_HOST/Target/usbh_platform.o
 .debug_frame   0x00002fb0       0x2c d:/openstm/plugins/fr.ac6.mcu.externaltools.arm-none.win32_1.17.0.201812190825/tools/compiler/bin/../lib/gcc/arm-none-eabi/7.3.1/thumb/v7e-m/fpv4-sp/hard\libgcc.a(_aeabi_uldivmod.o)
 .debug_frame   0x00002fdc       0x34 d:/openstm/plugins/fr.ac6.mcu.externaltools.arm-none.win32_1.17.0.201812190825/tools/compiler/bin/../lib/gcc/arm-none-eabi/7.3.1/thumb/v7e-m/fpv4-sp/hard\libgcc.a(_udivmoddi4.o)
 .debug_frame   0x00003010       0x20 d:/openstm/plugins/fr.ac6.mcu.externaltools.arm-none.win32_1.17.0.201812190825/tools/compiler/bin/../lib/gcc/arm-none-eabi/7.3.1/../../../../arm-none-eabi/lib/thumb/v7e-m/fpv4-sp/hard\libc_nano.a(lib_a-errno.o)
 .debug_frame   0x00003030       0x2c d:/openstm/plugins/fr.ac6.mcu.externaltools.arm-none.win32_1.17.0.201812190825/tools/compiler/bin/../lib/gcc/arm-none-eabi/7.3.1/../../../../arm-none-eabi/lib/thumb/v7e-m/fpv4-sp/hard\libc_nano.a(lib_a-init.o)
 .debug_frame   0x0000305c       0x30 d:/openstm/plugins/fr.ac6.mcu.externaltools.arm-none.win32_1.17.0.201812190825/tools/compiler/bin/../lib/gcc/arm-none-eabi/7.3.1/../../../../arm-none-eabi/lib/thumb/v7e-m/fpv4-sp/hard\libc_nano.a(lib_a-malloc.o)
 .debug_frame   0x0000308c       0x20 d:/openstm/plugins/fr.ac6.mcu.externaltools.arm-none.win32_1.17.0.201812190825/tools/compiler/bin/../lib/gcc/arm-none-eabi/7.3.1/../../../../arm-none-eabi/lib/thumb/v7e-m/fpv4-sp/hard\libc_nano.a(lib_a-memset.o)
 .debug_frame   0x000030ac       0x38 d:/openstm/plugins/fr.ac6.mcu.externaltools.arm-none.win32_1.17.0.201812190825/tools/compiler/bin/../lib/gcc/arm-none-eabi/7.3.1/../../../../arm-none-eabi/lib/thumb/v7e-m/fpv4-sp/hard\libc_nano.a(lib_a-nano-freer.o)
 .debug_frame   0x000030e4       0x2c d:/openstm/plugins/fr.ac6.mcu.externaltools.arm-none.win32_1.17.0.201812190825/tools/compiler/bin/../lib/gcc/arm-none-eabi/7.3.1/../../../../arm-none-eabi/lib/thumb/v7e-m/fpv4-sp/hard\libc_nano.a(lib_a-nano-mallocr.o)
 .debug_frame   0x00003110       0x2c d:/openstm/plugins/fr.ac6.mcu.externaltools.arm-none.win32_1.17.0.201812190825/tools/compiler/bin/../lib/gcc/arm-none-eabi/7.3.1/../../../../arm-none-eabi/lib/thumb/v7e-m/fpv4-sp/hard\libc_nano.a(lib_a-sbrkr.o)
 .debug_frame   0x0000313c       0x30 d:/openstm/plugins/fr.ac6.mcu.externaltools.arm-none.win32_1.17.0.201812190825/tools/compiler/bin/../lib/gcc/arm-none-eabi/7.3.1/../../../../arm-none-eabi/lib/thumb/v7e-m/fpv4-sp/hard\libc_nano.a(lib_a-mlock.o)
 .debug_frame   0x0000316c       0x5c d:/openstm/plugins/fr.ac6.mcu.externaltools.arm-none.win32_1.17.0.201812190825/tools/compiler/bin/../lib/gcc/arm-none-eabi/7.3.1/../../../../arm-none-eabi/lib/thumb/v7e-m/fpv4-sp/hard\libc_nano.a(lib_a-reent.o)

.debug_loc      0x00000000     0xdb98
 .debug_loc     0x00000000      0x143 Core/Src/stm32f4xx_hal_msp.o
 .debug_loc     0x00000143      0x3af Core/Src/syscalls.o
 .debug_loc     0x000004f2      0x13e Core/Src/system_stm32f4xx.o
 .debug_loc     0x00000630      0x11b Drivers/STM32F4xx_HAL_Driver/Src/stm32f4xx_hal.o
 .debug_loc     0x0000074b      0x5ce Drivers/STM32F4xx_HAL_Driver/Src/stm32f4xx_hal_cortex.o
 .debug_loc     0x00000d19      0x475 Drivers/STM32F4xx_HAL_Driver/Src/stm32f4xx_hal_gpio.o
 .debug_loc     0x0000118e      0xe70 Drivers/STM32F4xx_HAL_Driver/Src/stm32f4xx_hal_hcd.o
 .debug_loc     0x00001ffe     0x39ef Drivers/STM32F4xx_HAL_Driver/Src/stm32f4xx_hal_i2c.o
 .debug_loc     0x000059ed      0xced Drivers/STM32F4xx_HAL_Driver/Src/stm32f4xx_hal_i2s.o
 .debug_loc     0x000066da      0xa9f Drivers/STM32F4xx_HAL_Driver/Src/stm32f4xx_hal_i2s_ex.o
 .debug_loc     0x00007179      0x40f Drivers/STM32F4xx_HAL_Driver/Src/stm32f4xx_hal_rcc.o
 .debug_loc     0x00007588      0x2c7 Drivers/STM32F4xx_HAL_Driver/Src/stm32f4xx_hal_rcc_ex.o
 .debug_loc     0x0000784f     0x1a84 Drivers/STM32F4xx_HAL_Driver/Src/stm32f4xx_hal_spi.o
 .debug_loc     0x000092d3     0x1f94 Drivers/STM32F4xx_HAL_Driver/Src/stm32f4xx_ll_usb.o
 .debug_loc     0x0000b267      0x612 Middlewares/ST/STM32_USB_Host_Library/Class/CDC/Src/usbh_cdc.o
 .debug_loc     0x0000b879      0x84c Middlewares/ST/STM32_USB_Host_Library/Core/Src/usbh_core.o
 .debug_loc     0x0000c0c5      0xbc3 Middlewares/ST/STM32_USB_Host_Library/Core/Src/usbh_ctlreq.o
 .debug_loc     0x0000cc88      0x50f Middlewares/ST/STM32_USB_Host_Library/Core/Src/usbh_ioreq.o
 .debug_loc     0x0000d197      0x1be Middlewares/ST/STM32_USB_Host_Library/Core/Src/usbh_pipes.o
 .debug_loc     0x0000d355      0x7ee USB_HOST/Target/usbh_conf.o
 .debug_loc     0x0000db43       0x55 USB_HOST/Target/usbh_platform.o
